1.使用 GCLogAnalysis.java 自己演练一遍串行 / 并行 /CMS/G1 的案例。

使用串行512m测试

```JavaScript
Java HotSpot(TM) 64-Bit Server VM (25.271-b09) for windows-amd64 JRE (1.8.0_271-b09), built on Sep 16 2020 19:14:59 by "" with MS VC++ 15.9 (VS2017)
Memory: 4k page, physical 16634708k(5223788k free), swap 36557652k(15646780k free)
CommandLine flags: -XX:InitialHeapSize=536870912 -XX:MaxHeapSize=536870912 -XX:+PrintGC -XX:+PrintGCDateStamps -XX:+PrintGCDetails -XX:+PrintGCTimeStamps -XX:+UseCompressedClassPointers -XX:+UseCompressedOops -XX:-UseLargePagesIndividualAllocation -XX:+UseSerialGC 
2021-01-24T18:05:33.421+0800: 0.310: [GC (Allocation Failure) 2021-01-24T18:05:33.421+0800: 0.310: [DefNew: 139602K->17472K(157248K), 0.0336850 secs] 139602K->40213K(506816K), 0.0338387 secs] [Times: user=0.00 sys=0.03, real=0.03 secs] 
2021-01-24T18:05:33.478+0800: 0.368: [GC (Allocation Failure) 2021-01-24T18:05:33.478+0800: 0.368: [DefNew: 156675K->17467K(157248K), 0.0437716 secs] 179417K->78407K(506816K), 0.0438343 secs] [Times: user=0.03 sys=0.00, real=0.04 secs] 
2021-01-24T18:05:33.550+0800: 0.439: [GC (Allocation Failure) 2021-01-24T18:05:33.550+0800: 0.439: [DefNew: 157067K->17471K(157248K), 0.0364495 secs] 218007K->123496K(506816K), 0.0366155 secs] [Times: user=0.02 sys=0.02, real=0.04 secs] 
2021-01-24T18:05:33.607+0800: 0.497: [GC (Allocation Failure) 2021-01-24T18:05:33.607+0800: 0.497: [DefNew: 157247K->17467K(157248K), 0.0407769 secs] 263272K->170079K(506816K), 0.0408970 secs] [Times: user=0.02 sys=0.02, real=0.04 secs] 
2021-01-24T18:05:33.672+0800: 0.561: [GC (Allocation Failure) 2021-01-24T18:05:33.672+0800: 0.561: [DefNew: 157243K->17471K(157248K), 0.0405498 secs] 309855K->211766K(506816K), 0.0406410 secs] [Times: user=0.02 sys=0.03, real=0.04 secs] 
2021-01-24T18:05:33.737+0800: 0.627: [GC (Allocation Failure) 2021-01-24T18:05:33.737+0800: 0.627: [DefNew: 156889K->17471K(157248K), 0.0321018 secs] 351183K->250143K(506816K), 0.0321692 secs] [Times: user=0.03 sys=0.00, real=0.03 secs] 
2021-01-24T18:05:33.792+0800: 0.681: [GC (Allocation Failure) 2021-01-24T18:05:33.792+0800: 0.681: [DefNew: 157247K->17471K(157248K), 0.0336629 secs] 389919K->293003K(506816K), 0.0337912 secs] [Times: user=0.01 sys=0.02, real=0.03 secs] 
2021-01-24T18:05:33.843+0800: 0.733: [GC (Allocation Failure) 2021-01-24T18:05:33.843+0800: 0.733: [DefNew: 157126K->17470K(157248K), 0.0356355 secs] 432657K->340472K(506816K), 0.0356928 secs] [Times: user=0.01 sys=0.01, real=0.04 secs] 
2021-01-24T18:05:33.898+0800: 0.788: [GC (Allocation Failure) 2021-01-24T18:05:33.898+0800: 0.788: [DefNew: 157246K->157246K(157248K), 0.0000129 secs]2021-01-24T18:05:33.898+0800: 0.788: [Tenured: 323002K->279699K(349568K), 0.0432524 secs] 480248K->279699K(506816K), [Metaspace: 2616K->2616K(1056768K)], 0.0433397 secs] [Times: user=0.05 sys=0.00, real=0.04 secs] 
2021-01-24T18:05:33.959+0800: 0.849: [GC (Allocation Failure) 2021-01-24T18:05:33.960+0800: 0.849: [DefNew: 139776K->17470K(157248K), 0.0073443 secs] 419475K->329333K(506816K), 0.0074367 secs] [Times: user=0.01 sys=0.00, real=0.01 secs] 
2021-01-24T18:05:33.986+0800: 0.875: [GC (Allocation Failure) 2021-01-24T18:05:33.986+0800: 0.875: [DefNew: 157246K->157246K(157248K), 0.0000266 secs]2021-01-24T18:05:33.986+0800: 0.875: [Tenured: 311862K->305072K(349568K), 0.0482951 secs] 469109K->305072K(506816K), [Metaspace: 2616K->2616K(1056768K)], 0.0483947 secs] [Times: user=0.05 sys=0.00, real=0.05 secs] 
2021-01-24T18:05:34.052+0800: 0.942: [GC (Allocation Failure) 2021-01-24T18:05:34.052+0800: 0.942: [DefNew: 139776K->139776K(157248K), 0.0000131 secs]2021-01-24T18:05:34.052+0800: 0.942: [Tenured: 305072K->317309K(349568K), 0.0499988 secs] 444848K->317309K(506816K), [Metaspace: 2616K->2616K(1056768K)], 0.0500812 secs] [Times: user=0.06 sys=0.00, real=0.05 secs] 
2021-01-24T18:05:34.118+0800: 1.007: [GC (Allocation Failure) 2021-01-24T18:05:34.118+0800: 1.007: [DefNew: 139776K->139776K(157248K), 0.0000130 secs]2021-01-24T18:05:34.118+0800: 1.007: [Tenured: 317309K->306494K(349568K), 0.0527416 secs] 457085K->306494K(506816K), [Metaspace: 2616K->2616K(1056768K)], 0.0528575 secs] [Times: user=0.05 sys=0.00, real=0.05 secs] 
2021-01-24T18:05:34.189+0800: 1.078: [GC (Allocation Failure) 2021-01-24T18:05:34.189+0800: 1.078: [DefNew: 139747K->17471K(157248K), 0.0174742 secs] 446242K->355793K(506816K), 0.0175328 secs] [Times: user=0.02 sys=0.00, real=0.02 secs] 
2021-01-24T18:05:34.223+0800: 1.113: [GC (Allocation Failure) 2021-01-24T18:05:34.223+0800: 1.113: [DefNew: 157247K->157247K(157248K), 0.0000136 secs]2021-01-24T18:05:34.223+0800: 1.113: [Tenured: 338321K->338041K(349568K), 0.0476988 secs] 495569K->338041K(506816K), [Metaspace: 2616K->2616K(1056768K)], 0.0477764 secs] [Times: user=0.05 sys=0.00, real=0.05 secs] 
2021-01-24T18:05:34.289+0800: 1.179: [GC (Allocation Failure) 2021-01-24T18:05:34.289+0800: 1.179: [DefNew: 139776K->139776K(157248K), 0.0000140 secs]2021-01-24T18:05:34.289+0800: 1.180: [Tenured: 338041K->341648K(349568K), 0.0530406 secs] 477817K->341648K(506816K), [Metaspace: 2616K->2616K(1056768K)], 0.0531300 secs] [Times: user=0.06 sys=0.00, real=0.05 secs] 
Heap
 def new generation   total 157248K, used 5632K [0x00000000e0000000, 0x00000000eaaa0000, 0x00000000eaaa0000)
  eden space 139776K,   4% used [0x00000000e0000000, 0x00000000e0580058, 0x00000000e8880000)
  from space 17472K,   0% used [0x00000000e8880000, 0x00000000e8880000, 0x00000000e9990000)
  to   space 17472K,   0% used [0x00000000e9990000, 0x00000000e9990000, 0x00000000eaaa0000)
 tenured generation   total 349568K, used 341648K [0x00000000eaaa0000, 0x0000000100000000, 0x0000000100000000)
   the space 349568K,  97% used [0x00000000eaaa0000, 0x00000000ff844120, 0x00000000ff844200, 0x0000000100000000)
 Metaspace       used 2623K, capacity 4486K, committed 4864K, reserved 1056768K
  class space    used 288K, capacity 386K, committed 512K, reserved 1048576K
 
```

使用串行1g

```JavaScript
Java HotSpot(TM) 64-Bit Server VM (25.271-b09) for windows-amd64 JRE (1.8.0_271-b09), built on Sep 16 2020 19:14:59 by "" with MS VC++ 15.9 (VS2017)
Memory: 4k page, physical 16634708k(5287260k free), swap 36557652k(17120516k free)
CommandLine flags: -XX:InitialHeapSize=536870912 -XX:MaxHeapSize=536870912 -XX:+PrintGC -XX:+PrintGCDateStamps -XX:+PrintGCDetails -XX:+PrintGCTimeStamps -XX:+UseCompressedClassPointers -XX:+UseCompressedOops -XX:-UseLargePagesIndividualAllocation -XX:+UseSerialGC 
2021-01-23T20:25:42.785+0800: 0.259: [GC (Allocation Failure) 2021-01-23T20:25:42.785+0800: 0.260: [DefNew: 139248K->17471K(157248K), 0.0245775 secs] 139248K->36177K(506816K), 0.0247607 secs] [Times: user=0.00 sys=0.03, real=0.02 secs] 
2021-01-23T20:25:42.833+0800: 0.308: [GC (Allocation Failure) 2021-01-23T20:25:42.833+0800: 0.308: [DefNew: 157247K->17470K(157248K), 0.0396001 secs] 175953K->78339K(506816K), 0.0396713 secs] [Times: user=0.05 sys=0.00, real=0.04 secs] 
2021-01-23T20:25:42.890+0800: 0.365: [GC (Allocation Failure) 2021-01-23T20:25:42.890+0800: 0.365: [DefNew: 157147K->17471K(157248K), 0.0350620 secs] 218016K->127517K(506816K), 0.0351167 secs] [Times: user=0.02 sys=0.02, real=0.03 secs] 
2021-01-23T20:25:42.944+0800: 0.418: [GC (Allocation Failure) 2021-01-23T20:25:42.944+0800: 0.419: [DefNew: 157247K->17472K(157248K), 0.0296685 secs] 267293K->167305K(506816K), 0.0297368 secs] [Times: user=0.01 sys=0.02, real=0.03 secs] 
2021-01-23T20:25:42.992+0800: 0.466: [GC (Allocation Failure) 2021-01-23T20:25:42.992+0800: 0.466: [DefNew: 157248K->17470K(157248K), 0.0310160 secs] 307081K->209672K(506816K), 0.0311477 secs] [Times: user=0.03 sys=0.00, real=0.03 secs] 
2021-01-23T20:25:43.040+0800: 0.515: [GC (Allocation Failure) 2021-01-23T20:25:43.040+0800: 0.515: [DefNew: 157246K->17469K(157248K), 0.0331748 secs] 349448K->254180K(506816K), 0.0332335 secs] [Times: user=0.03 sys=0.00, real=0.03 secs] 
2021-01-23T20:25:43.088+0800: 0.563: [GC (Allocation Failure) 2021-01-23T20:25:43.088+0800: 0.563: [DefNew: 157245K->17467K(157248K), 0.0356935 secs] 393956K->302758K(506816K), 0.0357570 secs] [Times: user=0.02 sys=0.02, real=0.03 secs] 
2021-01-23T20:25:43.139+0800: 0.614: [GC (Allocation Failure) 2021-01-23T20:25:43.139+0800: 0.615: [DefNew: 157243K->17471K(157248K), 0.0325709 secs] 442534K->348046K(506816K), 0.0326275 secs] [Times: user=0.00 sys=0.03, real=0.03 secs] 
2021-01-23T20:25:43.189+0800: 0.664: [GC (Allocation Failure) 2021-01-23T20:25:43.189+0800: 0.664: [DefNew: 157247K->157247K(157248K), 0.0000129 secs]2021-01-23T20:25:43.189+0800: 0.664: [Tenured: 330574K->277744K(349568K), 0.0447881 secs] 487822K->277744K(506816K), [Metaspace: 2616K->2616K(1056768K)], 0.0448771 secs] [Times: user=0.05 sys=0.00, real=0.05 secs] 
2021-01-23T20:25:43.249+0800: 0.724: [GC (Allocation Failure) 2021-01-23T20:25:43.249+0800: 0.724: [DefNew: 139776K->17471K(157248K), 0.0103130 secs] 417520K->331434K(506816K), 0.0103823 secs] [Times: user=0.01 sys=0.00, real=0.01 secs] 
2021-01-23T20:25:43.281+0800: 0.755: [GC (Allocation Failure) 2021-01-23T20:25:43.281+0800: 0.755: [DefNew: 157247K->157247K(157248K), 0.0000134 secs]2021-01-23T20:25:43.281+0800: 0.755: [Tenured: 313963K->314546K(349568K), 0.0623047 secs] 471210K->314546K(506816K), [Metaspace: 2616K->2616K(1056768K)], 0.0624260 secs] [Times: user=0.06 sys=0.00, real=0.06 secs] 
2021-01-23T20:25:43.363+0800: 0.838: [GC (Allocation Failure) 2021-01-23T20:25:43.364+0800: 0.838: [DefNew: 139776K->139776K(157248K), 0.0000342 secs]2021-01-23T20:25:43.364+0800: 0.838: [Tenured: 314546K->319714K(349568K), 0.0599163 secs] 454322K->319714K(506816K), [Metaspace: 2616K->2616K(1056768K)], 0.0600765 secs] [Times: user=0.06 sys=0.00, real=0.06 secs] 
2021-01-23T20:25:43.443+0800: 0.918: [GC (Allocation Failure) 2021-01-23T20:25:43.443+0800: 0.918: [DefNew: 139776K->139776K(157248K), 0.0000137 secs]2021-01-23T20:25:43.443+0800: 0.918: [Tenured: 319714K->305869K(349568K), 0.0569455 secs] 459490K->305869K(506816K), [Metaspace: 2616K->2616K(1056768K)], 0.0570593 secs] [Times: user=0.06 sys=0.00, real=0.06 secs] 
2021-01-23T20:25:43.522+0800: 0.997: [GC (Allocation Failure) 2021-01-23T20:25:43.522+0800: 0.997: [DefNew: 139776K->17469K(157248K), 0.0097616 secs] 445645K->351172K(506816K), 0.0098264 secs] [Times: user=0.02 sys=0.00, real=0.01 secs] 
2021-01-23T20:25:43.549+0800: 1.024: [GC (Allocation Failure) 2021-01-23T20:25:43.549+0800: 1.024: [DefNew: 157239K->157239K(157248K), 0.0000127 secs]2021-01-23T20:25:43.549+0800: 1.024: [Tenured: 333703K->338181K(349568K), 0.0512696 secs] 490942K->338181K(506816K), [Metaspace: 2616K->2616K(1056768K)], 0.0513472 secs] [Times: user=0.05 sys=0.00, real=0.05 secs] 
2021-01-23T20:25:43.618+0800: 1.094: [GC (Allocation Failure) 2021-01-23T20:25:43.619+0800: 1.094: [DefNew: 139776K->139776K(157248K), 0.0000184 secs]2021-01-23T20:25:43.619+0800: 1.094: [Tenured: 338181K->346712K(349568K), 0.0543306 secs] 477957K->346712K(506816K), [Metaspace: 2616K->2616K(1056768K)], 0.0544825 secs] [Times: user=0.05 sys=0.00, real=0.06 secs] 
Heap
 def new generation   total 157248K, used 60001K [0x00000000e0000000, 0x00000000eaaa0000, 0x00000000eaaa0000)
  eden space 139776K,  42% used [0x00000000e0000000, 0x00000000e3a98490, 0x00000000e8880000)
  from space 17472K,   0% used [0x00000000e8880000, 0x00000000e8880000, 0x00000000e9990000)
  to   space 17472K,   0% used [0x00000000e9990000, 0x00000000e9990000, 0x00000000eaaa0000)
 tenured generation   total 349568K, used 346712K [0x00000000eaaa0000, 0x0000000100000000, 0x0000000100000000)
   the space 349568K,  99% used [0x00000000eaaa0000, 0x00000000ffd36278, 0x00000000ffd36400, 0x0000000100000000)
 Metaspace       used 2623K, capacity 4486K, committed 4864K, reserved 1056768K
  class space    used 288K, capacity 386K, committed 512K, reserved 1048576K

```

使用并行512m

```JavaScript
Java HotSpot(TM) 64-Bit Server VM (25.271-b09) for windows-amd64 JRE (1.8.0_271-b09), built on Sep 16 2020 19:14:59 by "" with MS VC++ 15.9 (VS2017)
Memory: 4k page, physical 16634708k(5367172k free), swap 36557652k(17125520k free)
CommandLine flags: -XX:InitialHeapSize=536870912 -XX:MaxHeapSize=536870912 -XX:+PrintGC -XX:+PrintGCDateStamps -XX:+PrintGCDetails -XX:+PrintGCTimeStamps -XX:+UseCompressedClassPointers -XX:+UseCompressedOops -XX:-UseLargePagesIndividualAllocation -XX:+UseParallelGC 
2021-01-23T20:28:49.148+0800: 0.189: [GC (Allocation Failure) [PSYoungGen: 131584K->21502K(153088K)] 131584K->44405K(502784K), 0.0085020 secs] [Times: user=0.06 sys=0.06, real=0.01 secs] 
2021-01-23T20:28:49.178+0800: 0.219: [GC (Allocation Failure) [PSYoungGen: 152939K->21502K(153088K)] 175842K->93180K(502784K), 0.0126124 secs] [Times: user=0.05 sys=0.06, real=0.01 secs] 
2021-01-23T20:28:49.212+0800: 0.252: [GC (Allocation Failure) [PSYoungGen: 153086K->21487K(153088K)] 224764K->133900K(502784K), 0.0120071 secs] [Times: user=0.00 sys=0.00, real=0.01 secs] 
2021-01-23T20:28:49.242+0800: 0.283: [GC (Allocation Failure) [PSYoungGen: 153071K->21502K(153088K)] 265484K->177034K(502784K), 0.0100579 secs] [Times: user=0.13 sys=0.00, real=0.01 secs] 
2021-01-23T20:28:49.272+0800: 0.313: [GC (Allocation Failure) [PSYoungGen: 153086K->21499K(153088K)] 308618K->212030K(502784K), 0.0106516 secs] [Times: user=0.11 sys=0.00, real=0.01 secs] 
2021-01-23T20:28:49.301+0800: 0.343: [GC (Allocation Failure) [PSYoungGen: 152964K->21493K(80384K)] 343495K->252236K(430080K), 0.0112191 secs] [Times: user=0.03 sys=0.08, real=0.01 secs] 
2021-01-23T20:28:49.324+0800: 0.365: [GC (Allocation Failure) [PSYoungGen: 80240K->34256K(116736K)] 310983K->270597K(466432K), 0.0057145 secs] [Times: user=0.00 sys=0.00, real=0.01 secs] 
2021-01-23T20:28:49.338+0800: 0.380: [GC (Allocation Failure) [PSYoungGen: 93136K->47947K(116736K)] 329477K->289841K(466432K), 0.0068717 secs] [Times: user=0.00 sys=0.00, real=0.01 secs] 
2021-01-23T20:28:49.353+0800: 0.394: [GC (Allocation Failure) [PSYoungGen: 106789K->57823K(116736K)] 348684K->308264K(466432K), 0.0090091 secs] [Times: user=0.00 sys=0.00, real=0.01 secs] 
2021-01-23T20:28:49.370+0800: 0.411: [GC (Allocation Failure) [PSYoungGen: 116703K->40266K(116736K)] 367144K->326030K(466432K), 0.0109789 secs] [Times: user=0.00 sys=0.00, real=0.01 secs] 
2021-01-23T20:28:49.389+0800: 0.430: [GC (Allocation Failure) [PSYoungGen: 99146K->21918K(116736K)] 384910K->344937K(466432K), 0.0087598 secs] [Times: user=0.00 sys=0.00, real=0.01 secs] 
2021-01-23T20:28:49.398+0800: 0.439: [Full GC (Ergonomics) [PSYoungGen: 21918K->0K(116736K)] [ParOldGen: 323018K->239949K(349696K)] 344937K->239949K(466432K), [Metaspace: 2616K->2616K(1056768K)], 0.0325657 secs] [Times: user=0.26 sys=0.00, real=0.03 secs] 
2021-01-23T20:28:49.436+0800: 0.477: [GC (Allocation Failure) [PSYoungGen: 58880K->24025K(116736K)] 298829K->263974K(466432K), 0.0031603 secs] [Times: user=0.00 sys=0.00, real=0.00 secs] 
2021-01-23T20:28:49.447+0800: 0.488: [GC (Allocation Failure) [PSYoungGen: 82905K->17875K(116736K)] 322854K->280295K(466432K), 0.0061086 secs] [Times: user=0.00 sys=0.00, real=0.01 secs] 
2021-01-23T20:28:49.461+0800: 0.503: [GC (Allocation Failure) [PSYoungGen: 76220K->16633K(116736K)] 338640K->295902K(466432K), 0.0045407 secs] [Times: user=0.00 sys=0.00, real=0.01 secs] 
2021-01-23T20:28:49.472+0800: 0.513: [GC (Allocation Failure) [PSYoungGen: 75513K->21320K(116736K)] 354782K->316194K(466432K), 0.0045815 secs] [Times: user=0.02 sys=0.00, real=0.01 secs] 
2021-01-23T20:28:49.483+0800: 0.524: [GC (Allocation Failure) [PSYoungGen: 80087K->18507K(116736K)] 374961K->333898K(466432K), 0.0049447 secs] [Times: user=0.00 sys=0.00, real=0.00 secs] 
2021-01-23T20:28:49.488+0800: 0.529: [Full GC (Ergonomics) [PSYoungGen: 18507K->0K(116736K)] [ParOldGen: 315391K->273757K(349696K)] 333898K->273757K(466432K), [Metaspace: 2616K->2616K(1056768K)], 0.0374877 secs] [Times: user=0.34 sys=0.00, real=0.04 secs] 
2021-01-23T20:28:49.533+0800: 0.574: [GC (Allocation Failure) [PSYoungGen: 58880K->22005K(116736K)] 332637K->295762K(466432K), 0.0028474 secs] [Times: user=0.00 sys=0.00, real=0.00 secs] 
2021-01-23T20:28:49.542+0800: 0.583: [GC (Allocation Failure) [PSYoungGen: 80885K->20461K(116736K)] 354642K->315519K(466432K), 0.0052001 secs] [Times: user=0.00 sys=0.00, real=0.00 secs] 
2021-01-23T20:28:49.553+0800: 0.594: [GC (Allocation Failure) [PSYoungGen: 79341K->19013K(116736K)] 374399K->333924K(466432K), 0.0051238 secs] [Times: user=0.11 sys=0.00, real=0.01 secs] 
2021-01-23T20:28:49.558+0800: 0.599: [Full GC (Ergonomics) [PSYoungGen: 19013K->0K(116736K)] [ParOldGen: 314911K->289786K(349696K)] 333924K->289786K(466432K), [Metaspace: 2616K->2616K(1056768K)], 0.0390952 secs] [Times: user=0.23 sys=0.00, real=0.04 secs] 
2021-01-23T20:28:49.604+0800: 0.645: [GC (Allocation Failure) [PSYoungGen: 58740K->18704K(116736K)] 348526K->308490K(466432K), 0.0027227 secs] [Times: user=0.00 sys=0.00, real=0.00 secs] 
2021-01-23T20:28:49.614+0800: 0.654: [GC (Allocation Failure) [PSYoungGen: 77245K->20581K(116736K)] 367032K->327209K(466432K), 0.0044912 secs] [Times: user=0.13 sys=0.00, real=0.00 secs] 
2021-01-23T20:28:49.625+0800: 0.666: [GC (Allocation Failure) [PSYoungGen: 79342K->17504K(116736K)] 385970K->343427K(466432K), 0.0064422 secs] [Times: user=0.00 sys=0.00, real=0.01 secs] 
2021-01-23T20:28:49.631+0800: 0.673: [Full GC (Ergonomics) [PSYoungGen: 17504K->0K(116736K)] [ParOldGen: 325922K->299045K(349696K)] 343427K->299045K(466432K), [Metaspace: 2616K->2616K(1056768K)], 0.0393048 secs] [Times: user=0.25 sys=0.02, real=0.04 secs] 
2021-01-23T20:28:49.677+0800: 0.718: [GC (Allocation Failure) [PSYoungGen: 58880K->20565K(116736K)] 357925K->319611K(466432K), 0.0025666 secs] [Times: user=0.00 sys=0.00, real=0.00 secs] 
2021-01-23T20:28:49.686+0800: 0.727: [GC (Allocation Failure) [PSYoungGen: 79356K->18754K(116736K)] 378402K->337317K(466432K), 0.0051173 secs] [Times: user=0.00 sys=0.00, real=0.00 secs] 
2021-01-23T20:28:49.691+0800: 0.732: [Full GC (Ergonomics) [PSYoungGen: 18754K->0K(116736K)] [ParOldGen: 318563K->306538K(349696K)] 337317K->306538K(466432K), [Metaspace: 2616K->2616K(1056768K)], 0.0408217 secs] [Times: user=0.33 sys=0.00, real=0.04 secs] 
2021-01-23T20:28:49.739+0800: 0.780: [GC (Allocation Failure) [PSYoungGen: 58434K->22408K(116736K)] 364972K->328946K(466432K), 0.0029518 secs] [Times: user=0.00 sys=0.00, real=0.00 secs] 
2021-01-23T20:28:49.747+0800: 0.789: [GC (Allocation Failure) [PSYoungGen: 80931K->22472K(116736K)] 387469K->349141K(466432K), 0.0054104 secs] [Times: user=0.00 sys=0.00, real=0.01 secs] 
2021-01-23T20:28:49.753+0800: 0.794: [Full GC (Ergonomics) [PSYoungGen: 22472K->0K(116736K)] [ParOldGen: 326668K->316840K(349696K)] 349141K->316840K(466432K), [Metaspace: 2616K->2616K(1056768K)], 0.0421630 secs] [Times: user=0.31 sys=0.00, real=0.04 secs] 
2021-01-23T20:28:49.804+0800: 0.845: [GC (Allocation Failure) [PSYoungGen: 58792K->20760K(116736K)] 375633K->337601K(466432K), 0.0026456 secs] [Times: user=0.13 sys=0.00, real=0.00 secs] 
2021-01-23T20:28:49.814+0800: 0.855: [GC (Allocation Failure) [PSYoungGen: 79640K->33990K(116736K)] 396481K->350831K(466432K), 0.0042856 secs] [Times: user=0.00 sys=0.00, real=0.00 secs] 
2021-01-23T20:28:49.824+0800: 0.866: [GC (Allocation Failure) [PSYoungGen: 92445K->49559K(116736K)] 409286K->366400K(466432K), 0.0073568 secs] [Times: user=0.00 sys=0.00, real=0.01 secs] 
2021-01-23T20:28:49.839+0800: 0.881: [GC (Allocation Failure) [PSYoungGen: 108439K->35452K(116736K)] 425280K->381917K(466432K), 0.0087779 secs] [Times: user=0.00 sys=0.00, real=0.01 secs] 
2021-01-23T20:28:49.848+0800: 0.889: [Full GC (Ergonomics) [PSYoungGen: 35452K->0K(116736K)] [ParOldGen: 346465K->320168K(349696K)] 381917K->320168K(466432K), [Metaspace: 2616K->2616K(1056768K)], 0.0405636 secs] [Times: user=0.33 sys=0.00, real=0.04 secs] 
2021-01-23T20:28:49.897+0800: 0.938: [Full GC (Ergonomics) [PSYoungGen: 58880K->0K(116736K)] [ParOldGen: 320168K->320979K(349696K)] 379048K->320979K(466432K), [Metaspace: 2616K->2616K(1056768K)], 0.0423080 secs] [Times: user=0.36 sys=0.00, real=0.04 secs] 
2021-01-23T20:28:49.948+0800: 0.989: [Full GC (Ergonomics) [PSYoungGen: 58808K->0K(116736K)] [ParOldGen: 320979K->323495K(349696K)] 379788K->323495K(466432K), [Metaspace: 2616K->2616K(1056768K)], 0.0464203 secs] [Times: user=0.27 sys=0.00, real=0.05 secs] 
2021-01-23T20:28:50.009+0800: 1.050: [Full GC (Ergonomics) [PSYoungGen: 58880K->0K(116736K)] [ParOldGen: 323495K->327542K(349696K)] 382375K->327542K(466432K), [Metaspace: 2616K->2616K(1056768K)], 0.0508242 secs] [Times: user=0.25 sys=0.00, real=0.05 secs] 
Heap
 PSYoungGen      total 116736K, used 2444K [0x00000000f5580000, 0x0000000100000000, 0x0000000100000000)
  eden space 58880K, 4% used [0x00000000f5580000,0x00000000f57e3240,0x00000000f8f00000)
  from space 57856K, 0% used [0x00000000fc780000,0x00000000fc780000,0x0000000100000000)
  to   space 57856K, 0% used [0x00000000f8f00000,0x00000000f8f00000,0x00000000fc780000)
 ParOldGen       total 349696K, used 327542K [0x00000000e0000000, 0x00000000f5580000, 0x00000000f5580000)
  object space 349696K, 93% used [0x00000000e0000000,0x00000000f3fddb08,0x00000000f5580000)
 Metaspace       used 2623K, capacity 4486K, committed 4864K, reserved 1056768K
  class space    used 288K, capacity 386K, committed 512K, reserved 1048576K

```

使用并行1g

```JavaScript
Java HotSpot(TM) 64-Bit Server VM (25.271-b09) for windows-amd64 JRE (1.8.0_271-b09), built on Sep 16 2020 19:14:59 by "" with MS VC++ 15.9 (VS2017)
Memory: 4k page, physical 16634708k(5522552k free), swap 36557652k(17126316k free)
CommandLine flags: -XX:InitialHeapSize=1073741824 -XX:MaxHeapSize=1073741824 -XX:+PrintGC -XX:+PrintGCDateStamps -XX:+PrintGCDetails -XX:+PrintGCTimeStamps -XX:+UseCompressedClassPointers -XX:+UseCompressedOops -XX:-UseLargePagesIndividualAllocation -XX:+UseParallelGC 
2021-01-23T20:30:00.356+0800: 0.277: [GC (Allocation Failure) [PSYoungGen: 262144K->43515K(305664K)] 262144K->90102K(1005056K), 0.0153942 secs] [Times: user=0.05 sys=0.08, real=0.02 secs] 
2021-01-23T20:30:00.413+0800: 0.334: [GC (Allocation Failure) [PSYoungGen: 305659K->43519K(305664K)] 352246K->155856K(1005056K), 0.0480337 secs] [Times: user=0.08 sys=0.05, real=0.05 secs] 
2021-01-23T20:30:00.500+0800: 0.421: [GC (Allocation Failure) [PSYoungGen: 305663K->43509K(305664K)] 418000K->229385K(1005056K), 0.0178394 secs] [Times: user=0.06 sys=0.06, real=0.02 secs] 
2021-01-23T20:30:00.552+0800: 0.472: [GC (Allocation Failure) [PSYoungGen: 305653K->43514K(305664K)] 491529K->309607K(1005056K), 0.0185753 secs] [Times: user=0.13 sys=0.00, real=0.02 secs] 
2021-01-23T20:30:00.603+0800: 0.524: [GC (Allocation Failure) [PSYoungGen: 305658K->43506K(305664K)] 571751K->385573K(1005056K), 0.0180333 secs] [Times: user=0.00 sys=0.13, real=0.02 secs] 
2021-01-23T20:30:00.656+0800: 0.577: [GC (Allocation Failure) [PSYoungGen: 305650K->43511K(160256K)] 647717K->469212K(859648K), 0.0192476 secs] [Times: user=0.08 sys=0.05, real=0.02 secs] 
2021-01-23T20:30:00.688+0800: 0.609: [GC (Allocation Failure) [PSYoungGen: 160238K->66851K(232960K)] 585939K->502437K(932352K), 0.0098556 secs] [Times: user=0.09 sys=0.02, real=0.01 secs] 
2021-01-23T20:30:00.715+0800: 0.635: [GC (Allocation Failure) [PSYoungGen: 183587K->90701K(232960K)] 619173K->537221K(932352K), 0.0156064 secs] [Times: user=0.06 sys=0.02, real=0.02 secs] 
2021-01-23T20:30:00.743+0800: 0.664: [GC (Allocation Failure) [PSYoungGen: 207437K->103271K(232960K)] 653957K->563214K(932352K), 0.0141337 secs] [Times: user=0.00 sys=0.00, real=0.01 secs] 
2021-01-23T20:30:00.773+0800: 0.694: [GC (Allocation Failure) [PSYoungGen: 220007K->71584K(232960K)] 679950K->593823K(932352K), 0.0200488 secs] [Times: user=0.17 sys=0.05, real=0.02 secs] 
2021-01-23T20:30:00.806+0800: 0.727: [GC (Allocation Failure) [PSYoungGen: 188320K->39704K(232960K)] 710559K->626617K(932352K), 0.0171054 secs] [Times: user=0.05 sys=0.08, real=0.02 secs] 
2021-01-23T20:30:00.838+0800: 0.759: [GC (Allocation Failure) [PSYoungGen: 156440K->39832K(232960K)] 743353K->661917K(932352K), 0.0103584 secs] [Times: user=0.00 sys=0.00, real=0.01 secs] 
2021-01-23T20:30:00.848+0800: 0.769: [Full GC (Ergonomics) [PSYoungGen: 39832K->0K(232960K)] [ParOldGen: 622084K->338257K(699392K)] 661917K->338257K(932352K), [Metaspace: 2616K->2616K(1056768K)], 0.0534368 secs] [Times: user=0.36 sys=0.01, real=0.05 secs] 
2021-01-23T20:30:00.915+0800: 0.835: [GC (Allocation Failure) [PSYoungGen: 116736K->39630K(232960K)] 454993K->377888K(932352K), 0.0049663 secs] [Times: user=0.00 sys=0.00, real=0.00 secs] 
2021-01-23T20:30:00.931+0800: 0.852: [GC (Allocation Failure) [PSYoungGen: 156089K->41099K(232960K)] 494347K->414531K(932352K), 0.0113910 secs] [Times: user=0.00 sys=0.00, real=0.01 secs] 
2021-01-23T20:30:00.958+0800: 0.878: [GC (Allocation Failure) [PSYoungGen: 157835K->38711K(232960K)] 531267K->448656K(932352K), 0.0089974 secs] [Times: user=0.13 sys=0.00, real=0.01 secs] 
2021-01-23T20:30:00.980+0800: 0.901: [GC (Allocation Failure) [PSYoungGen: 155447K->41869K(232960K)] 565392K->486289K(932352K), 0.0117437 secs] [Times: user=0.00 sys=0.00, real=0.01 secs] 
2021-01-23T20:30:01.007+0800: 0.928: [GC (Allocation Failure) [PSYoungGen: 158568K->32854K(232960K)] 602988K->516221K(932352K), 0.0088367 secs] [Times: user=0.11 sys=0.00, real=0.01 secs] 
2021-01-23T20:30:01.029+0800: 0.949: [GC (Allocation Failure) [PSYoungGen: 149590K->41015K(232960K)] 632957K->555014K(932352K), 0.0106257 secs] [Times: user=0.02 sys=0.00, real=0.01 secs] 
2021-01-23T20:30:01.054+0800: 0.975: [GC (Allocation Failure) [PSYoungGen: 157747K->33187K(232960K)] 671746K->584340K(932352K), 0.0091795 secs] [Times: user=0.11 sys=0.00, real=0.01 secs] 
2021-01-23T20:30:01.078+0800: 0.998: [GC (Allocation Failure) [PSYoungGen: 149923K->37093K(232960K)] 701076K->617546K(932352K), 0.0099035 secs] [Times: user=0.09 sys=0.00, real=0.01 secs] 
2021-01-23T20:30:01.103+0800: 1.024: [GC (Allocation Failure) [PSYoungGen: 153227K->40432K(232960K)] 733680K->653151K(932352K), 0.0095422 secs] [Times: user=0.00 sys=0.00, real=0.01 secs] 
2021-01-23T20:30:01.125+0800: 1.046: [GC (Allocation Failure) [PSYoungGen: 157168K->43785K(232960K)] 769887K->692775K(932352K), 0.0105212 secs] [Times: user=0.02 sys=0.11, real=0.01 secs] 
2021-01-23T20:30:01.136+0800: 1.057: [Full GC (Ergonomics) [PSYoungGen: 43785K->0K(232960K)] [ParOldGen: 648990K->366080K(699392K)] 692775K->366080K(932352K), [Metaspace: 2616K->2616K(1056768K)], 0.0503443 secs] [Times: user=0.34 sys=0.00, real=0.05 secs] 
Heap
 PSYoungGen      total 232960K, used 4986K [0x00000000eab00000, 0x0000000100000000, 0x0000000100000000)
  eden space 116736K, 4% used [0x00000000eab00000,0x00000000eafdebd8,0x00000000f1d00000)
  from space 116224K, 0% used [0x00000000f8e80000,0x00000000f8e80000,0x0000000100000000)
  to   space 116224K, 0% used [0x00000000f1d00000,0x00000000f1d00000,0x00000000f8e80000)
 ParOldGen       total 699392K, used 366080K [0x00000000c0000000, 0x00000000eab00000, 0x00000000eab00000)
  object space 699392K, 52% used [0x00000000c0000000,0x00000000d6580198,0x00000000eab00000)
 Metaspace       used 2623K, capacity 4486K, committed 4864K, reserved 1056768K
  class space    used 288K, capacity 386K, committed 512K, reserved 1048576K

```

使用cms512m

```JavaScript
Java HotSpot(TM) 64-Bit Server VM (25.271-b09) for windows-amd64 JRE (1.8.0_271-b09), built on Sep 16 2020 19:14:59 by "" with MS VC++ 15.9 (VS2017)
Memory: 4k page, physical 16634708k(5531668k free), swap 36557652k(17140592k free)
CommandLine flags: -XX:InitialHeapSize=536870912 -XX:MaxHeapSize=536870912 -XX:MaxNewSize=178958336 -XX:MaxTenuringThreshold=6 -XX:NewSize=178958336 -XX:OldPLABSize=16 -XX:OldSize=357912576 -XX:+PrintGC -XX:+PrintGCDateStamps -XX:+PrintGCDetails -XX:+PrintGCTimeStamps -XX:+UseCompressedClassPointers -XX:+UseCompressedOops -XX:+UseConcMarkSweepGC -XX:-UseLargePagesIndividualAllocation -XX:+UseParNewGC 
2021-01-23T20:31:33.102+0800: 0.231: [GC (Allocation Failure) 2021-01-23T20:31:33.102+0800: 0.231: [ParNew: 139669K->17471K(157248K), 0.0492298 secs] 139669K->51058K(506816K), 0.0493647 secs] [Times: user=0.05 sys=0.08, real=0.05 secs] 
2021-01-23T20:31:33.180+0800: 0.307: [GC (Allocation Failure) 2021-01-23T20:31:33.180+0800: 0.307: [ParNew: 157247K->17471K(157248K), 0.0148414 secs] 190834K->101177K(506816K), 0.0149083 secs] [Times: user=0.05 sys=0.00, real=0.01 secs] 
2021-01-23T20:31:33.218+0800: 0.345: [GC (Allocation Failure) 2021-01-23T20:31:33.218+0800: 0.345: [ParNew: 157247K->17472K(157248K), 0.0323324 secs] 240953K->144315K(506816K), 0.0323913 secs] [Times: user=0.20 sys=0.03, real=0.03 secs] 
2021-01-23T20:31:33.269+0800: 0.397: [GC (Allocation Failure) 2021-01-23T20:31:33.269+0800: 0.397: [ParNew: 157248K->17471K(157248K), 0.0317584 secs] 284091K->189519K(506816K), 0.0318268 secs] [Times: user=0.19 sys=0.01, real=0.03 secs] 
2021-01-23T20:31:33.320+0800: 0.448: [GC (Allocation Failure) 2021-01-23T20:31:33.320+0800: 0.448: [ParNew: 157247K->17471K(157248K), 0.0341899 secs] 329295K->237729K(506816K), 0.0342627 secs] [Times: user=0.33 sys=0.02, real=0.03 secs] 
2021-01-23T20:31:33.354+0800: 0.482: [GC (CMS Initial Mark) [1 CMS-initial-mark: 220258K(349568K)] 240762K(506816K), 0.0002094 secs] [Times: user=0.00 sys=0.00, real=0.00 secs] 
2021-01-23T20:31:33.354+0800: 0.483: [CMS-concurrent-mark-start]
2021-01-23T20:31:33.356+0800: 0.484: [CMS-concurrent-mark: 0.002/0.002 secs] [Times: user=0.00 sys=0.00, real=0.00 secs] 
2021-01-23T20:31:33.356+0800: 0.484: [CMS-concurrent-preclean-start]
2021-01-23T20:31:33.357+0800: 0.485: [CMS-concurrent-preclean: 0.000/0.000 secs] [Times: user=0.00 sys=0.00, real=0.00 secs] 
2021-01-23T20:31:33.357+0800: 0.485: [CMS-concurrent-abortable-preclean-start]
2021-01-23T20:31:33.372+0800: 0.500: [GC (Allocation Failure) 2021-01-23T20:31:33.372+0800: 0.500: [ParNew: 157247K->17469K(157248K), 0.0325600 secs] 377505K->282119K(506816K), 0.0326319 secs] [Times: user=0.17 sys=0.05, real=0.03 secs] 
2021-01-23T20:31:33.420+0800: 0.548: [GC (Allocation Failure) 2021-01-23T20:31:33.420+0800: 0.548: [ParNew: 157245K->17471K(157248K), 0.0332937 secs] 421895K->328308K(506816K), 0.0333774 secs] [Times: user=0.20 sys=0.03, real=0.03 secs] 
2021-01-23T20:31:33.468+0800: 0.597: [GC (Allocation Failure) 2021-01-23T20:31:33.468+0800: 0.597: [ParNew: 157247K->157247K(157248K), 0.0000239 secs]2021-01-23T20:31:33.468+0800: 0.597: [CMS2021-01-23T20:31:33.468+0800: 0.597: [CMS-concurrent-abortable-preclean: 0.002/0.112 secs] [Times: user=0.42 sys=0.08, real=0.11 secs] 
 (concurrent mode failure): 310836K->260811K(349568K), 0.0439817 secs] 468084K->260811K(506816K), [Metaspace: 2616K->2616K(1056768K)], 0.0440833 secs] [Times: user=0.05 sys=0.00, real=0.04 secs] 
2021-01-23T20:31:33.532+0800: 0.660: [GC (Allocation Failure) 2021-01-23T20:31:33.532+0800: 0.660: [ParNew: 139776K->17471K(157248K), 0.0087557 secs] 400587K->309671K(506816K), 0.0088273 secs] [Times: user=0.11 sys=0.00, real=0.01 secs] 
2021-01-23T20:31:33.541+0800: 0.669: [GC (CMS Initial Mark) [1 CMS-initial-mark: 292199K(349568K)] 313256K(506816K), 0.0003039 secs] [Times: user=0.00 sys=0.00, real=0.00 secs] 
2021-01-23T20:31:33.542+0800: 0.669: [CMS-concurrent-mark-start]
2021-01-23T20:31:33.544+0800: 0.671: [CMS-concurrent-mark: 0.002/0.002 secs] [Times: user=0.00 sys=0.00, real=0.00 secs] 
2021-01-23T20:31:33.544+0800: 0.671: [CMS-concurrent-preclean-start]
2021-01-23T20:31:33.544+0800: 0.672: [CMS-concurrent-preclean: 0.001/0.001 secs] [Times: user=0.00 sys=0.00, real=0.00 secs] 
2021-01-23T20:31:33.545+0800: 0.672: [CMS-concurrent-abortable-preclean-start]
2021-01-23T20:31:33.559+0800: 0.687: [GC (Allocation Failure) 2021-01-23T20:31:33.559+0800: 0.687: [ParNew: 157247K->17470K(157248K), 0.0206828 secs] 449447K->352513K(506816K), 0.0208099 secs] [Times: user=0.09 sys=0.02, real=0.02 secs] 
2021-01-23T20:31:33.580+0800: 0.708: [CMS-concurrent-abortable-preclean: 0.001/0.035 secs] [Times: user=0.11 sys=0.02, real=0.03 secs] 
2021-01-23T20:31:33.580+0800: 0.708: [GC (CMS Final Remark) [YG occupancy: 20548 K (157248 K)]2021-01-23T20:31:33.580+0800: 0.708: [Rescan (parallel) , 0.0006438 secs]2021-01-23T20:31:33.581+0800: 0.709: [weak refs processing, 0.0000290 secs]2021-01-23T20:31:33.581+0800: 0.709: [class unloading, 0.0002485 secs]2021-01-23T20:31:33.581+0800: 0.709: [scrub symbol table, 0.0004091 secs]2021-01-23T20:31:33.582+0800: 0.709: [scrub string table, 0.0001226 secs][1 CMS-remark: 335042K(349568K)] 355590K(506816K), 0.0015456 secs] [Times: user=0.00 sys=0.00, real=0.00 secs] 
2021-01-23T20:31:33.582+0800: 0.710: [CMS-concurrent-sweep-start]
2021-01-23T20:31:33.583+0800: 0.710: [CMS-concurrent-sweep: 0.001/0.001 secs] [Times: user=0.00 sys=0.00, real=0.00 secs] 
2021-01-23T20:31:33.583+0800: 0.710: [CMS-concurrent-reset-start]
2021-01-23T20:31:33.583+0800: 0.711: [CMS-concurrent-reset: 0.000/0.000 secs] [Times: user=0.00 sys=0.00, real=0.00 secs] 
2021-01-23T20:31:33.599+0800: 0.727: [GC (Allocation Failure) 2021-01-23T20:31:33.599+0800: 0.727: [ParNew: 157246K->157246K(157248K), 0.0000161 secs]2021-01-23T20:31:33.599+0800: 0.727: [CMS: 300546K->304503K(349568K), 0.0519142 secs] 457793K->304503K(506816K), [Metaspace: 2616K->2616K(1056768K)], 0.0520358 secs] [Times: user=0.06 sys=0.00, real=0.05 secs] 
2021-01-23T20:31:33.652+0800: 0.780: [GC (CMS Initial Mark) [1 CMS-initial-mark: 304503K(349568K)] 304896K(506816K), 0.0001882 secs] [Times: user=0.00 sys=0.00, real=0.00 secs] 
2021-01-23T20:31:33.652+0800: 0.780: [CMS-concurrent-mark-start]
2021-01-23T20:31:33.653+0800: 0.781: [CMS-concurrent-mark: 0.001/0.001 secs] [Times: user=0.00 sys=0.00, real=0.00 secs] 
2021-01-23T20:31:33.653+0800: 0.781: [CMS-concurrent-preclean-start]
2021-01-23T20:31:33.654+0800: 0.782: [CMS-concurrent-preclean: 0.000/0.000 secs] [Times: user=0.00 sys=0.00, real=0.00 secs] 
2021-01-23T20:31:33.654+0800: 0.782: [CMS-concurrent-abortable-preclean-start]
2021-01-23T20:31:33.669+0800: 0.797: [GC (Allocation Failure) 2021-01-23T20:31:33.669+0800: 0.797: [ParNew: 139776K->17472K(157248K), 0.0084188 secs] 444279K->351366K(506816K), 0.0084806 secs] [Times: user=0.00 sys=0.00, real=0.01 secs] 
2021-01-23T20:31:33.677+0800: 0.805: [CMS-concurrent-abortable-preclean: 0.000/0.024 secs] [Times: user=0.01 sys=0.00, real=0.02 secs] 
2021-01-23T20:31:33.677+0800: 0.805: [GC (CMS Final Remark) [YG occupancy: 20543 K (157248 K)]2021-01-23T20:31:33.677+0800: 0.805: [Rescan (parallel) , 0.0004271 secs]2021-01-23T20:31:33.678+0800: 0.806: [weak refs processing, 0.0000090 secs]2021-01-23T20:31:33.678+0800: 0.806: [class unloading, 0.0001825 secs]2021-01-23T20:31:33.678+0800: 0.806: [scrub symbol table, 0.0002791 secs]2021-01-23T20:31:33.678+0800: 0.806: [scrub string table, 0.0000911 secs][1 CMS-remark: 333894K(349568K)] 354437K(506816K), 0.0010401 secs] [Times: user=0.00 sys=0.00, real=0.00 secs] 
2021-01-23T20:31:33.678+0800: 0.807: [CMS-concurrent-sweep-start]
2021-01-23T20:31:33.679+0800: 0.807: [CMS-concurrent-sweep: 0.001/0.001 secs] [Times: user=0.00 sys=0.00, real=0.00 secs] 
2021-01-23T20:31:33.679+0800: 0.807: [CMS-concurrent-reset-start]
2021-01-23T20:31:33.679+0800: 0.807: [CMS-concurrent-reset: 0.000/0.000 secs] [Times: user=0.00 sys=0.00, real=0.00 secs] 
2021-01-23T20:31:33.697+0800: 0.825: [GC (Allocation Failure) 2021-01-23T20:31:33.697+0800: 0.825: [ParNew: 157248K->157248K(157248K), 0.0000162 secs]2021-01-23T20:31:33.697+0800: 0.825: [CMS: 333341K->327374K(349568K), 0.0561335 secs] 490589K->327374K(506816K), [Metaspace: 2616K->2616K(1056768K)], 0.0562404 secs] [Times: user=0.05 sys=0.00, real=0.06 secs] 
2021-01-23T20:31:33.753+0800: 0.881: [GC (CMS Initial Mark) [1 CMS-initial-mark: 327374K(349568K)] 331081K(506816K), 0.0004010 secs] [Times: user=0.00 sys=0.00, real=0.00 secs] 
2021-01-23T20:31:33.754+0800: 0.882: [CMS-concurrent-mark-start]
2021-01-23T20:31:33.755+0800: 0.883: [CMS-concurrent-mark: 0.001/0.001 secs] [Times: user=0.00 sys=0.00, real=0.00 secs] 
2021-01-23T20:31:33.755+0800: 0.883: [CMS-concurrent-preclean-start]
2021-01-23T20:31:33.755+0800: 0.884: [CMS-concurrent-preclean: 0.000/0.000 secs] [Times: user=0.00 sys=0.00, real=0.00 secs] 
2021-01-23T20:31:33.755+0800: 0.884: [CMS-concurrent-abortable-preclean-start]
2021-01-23T20:31:33.770+0800: 0.898: [GC (Allocation Failure) 2021-01-23T20:31:33.770+0800: 0.898: [ParNew: 139776K->139776K(157248K), 0.0000168 secs]2021-01-23T20:31:33.770+0800: 0.898: [CMS2021-01-23T20:31:33.770+0800: 0.898: [CMS-concurrent-abortable-preclean: 0.000/0.015 secs] [Times: user=0.02 sys=0.00, real=0.01 secs] 
 (concurrent mode failure): 327374K->341044K(349568K), 0.0612995 secs] 467150K->341044K(506816K), [Metaspace: 2616K->2616K(1056768K)], 0.0614128 secs] [Times: user=0.06 sys=0.00, real=0.06 secs] 
2021-01-23T20:31:33.851+0800: 0.979: [GC (Allocation Failure) 2021-01-23T20:31:33.851+0800: 0.979: [ParNew: 139403K->139403K(157248K), 0.0000161 secs]2021-01-23T20:31:33.851+0800: 0.979: [CMS: 341044K->346623K(349568K), 0.0630613 secs] 480447K->346623K(506816K), [Metaspace: 2616K->2616K(1056768K)], 0.0631497 secs] [Times: user=0.06 sys=0.00, real=0.06 secs] 
2021-01-23T20:31:33.914+0800: 1.042: [GC (CMS Initial Mark) [1 CMS-initial-mark: 346623K(349568K)] 350020K(506816K), 0.0002135 secs] [Times: user=0.00 sys=0.00, real=0.00 secs] 
2021-01-23T20:31:33.914+0800: 1.042: [CMS-concurrent-mark-start]
2021-01-23T20:31:33.915+0800: 1.044: [CMS-concurrent-mark: 0.001/0.001 secs] [Times: user=0.00 sys=0.00, real=0.00 secs] 
2021-01-23T20:31:33.915+0800: 1.044: [CMS-concurrent-preclean-start]
2021-01-23T20:31:33.916+0800: 1.044: [CMS-concurrent-preclean: 0.000/0.000 secs] [Times: user=0.00 sys=0.00, real=0.00 secs] 
2021-01-23T20:31:33.916+0800: 1.044: [CMS-concurrent-abortable-preclean-start]
2021-01-23T20:31:33.916+0800: 1.044: [CMS-concurrent-abortable-preclean: 0.000/0.000 secs] [Times: user=0.00 sys=0.00, real=0.00 secs] 
2021-01-23T20:31:33.916+0800: 1.044: [GC (CMS Final Remark) [YG occupancy: 15503 K (157248 K)]2021-01-23T20:31:33.916+0800: 1.044: [Rescan (parallel) , 0.0003527 secs]2021-01-23T20:31:33.916+0800: 1.045: [weak refs processing, 0.0000223 secs]2021-01-23T20:31:33.917+0800: 1.045: [class unloading, 0.0002431 secs]2021-01-23T20:31:33.917+0800: 1.045: [scrub symbol table, 0.0003048 secs]2021-01-23T20:31:33.917+0800: 1.045: [scrub string table, 0.0001036 secs][1 CMS-remark: 346623K(349568K)] 362126K(506816K), 0.0011067 secs] [Times: user=0.00 sys=0.00, real=0.00 secs] 
2021-01-23T20:31:33.917+0800: 1.046: [CMS-concurrent-sweep-start]
2021-01-23T20:31:33.918+0800: 1.046: [CMS-concurrent-sweep: 0.000/0.000 secs] [Times: user=0.00 sys=0.00, real=0.00 secs] 
2021-01-23T20:31:33.918+0800: 1.046: [CMS-concurrent-reset-start]
2021-01-23T20:31:33.918+0800: 1.046: [CMS-concurrent-reset: 0.000/0.000 secs] [Times: user=0.00 sys=0.00, real=0.00 secs] 
2021-01-23T20:31:33.936+0800: 1.064: [GC (Allocation Failure) 2021-01-23T20:31:33.936+0800: 1.064: [ParNew: 139665K->139665K(157248K), 0.0000273 secs]2021-01-23T20:31:33.936+0800: 1.064: [CMS: 344612K->347372K(349568K), 0.0597030 secs] 484278K->347372K(506816K), [Metaspace: 2616K->2616K(1056768K)], 0.0598311 secs] [Times: user=0.06 sys=0.00, real=0.06 secs] 
2021-01-23T20:31:33.995+0800: 1.124: [GC (CMS Initial Mark) [1 CMS-initial-mark: 347372K(349568K)] 350263K(506816K), 0.0002243 secs] [Times: user=0.00 sys=0.00, real=0.00 secs] 
2021-01-23T20:31:33.996+0800: 1.124: [CMS-concurrent-mark-start]
Heap
 par new generation   total 157248K, used 5687K [0x00000000e0000000, 0x00000000eaaa0000, 0x00000000eaaa0000)
  eden space 139776K,   4% used [0x00000000e0000000, 0x00000000e058dd70, 0x00000000e8880000)
  from space 17472K,   0% used [0x00000000e8880000, 0x00000000e8880000, 0x00000000e9990000)
  to   space 17472K,   0% used [0x00000000e9990000, 0x00000000e9990000, 0x00000000eaaa0000)
 concurrent mark-sweep generation total 349568K, used 347372K [0x00000000eaaa0000, 0x0000000100000000, 0x0000000100000000)
 Metaspace       used 2623K, capacity 4486K, committed 4864K, reserved 1056768K
  class space    used 288K, capacity 386K, committed 512K, reserved 1048576K

```

使用cms1g

```JavaScript
Java HotSpot(TM) 64-Bit Server VM (25.271-b09) for windows-amd64 JRE (1.8.0_271-b09), built on Sep 16 2020 19:14:59 by "" with MS VC++ 15.9 (VS2017)
Memory: 4k page, physical 16634708k(5534016k free), swap 36557652k(17143092k free)
CommandLine flags: -XX:InitialHeapSize=1073741824 -XX:MaxHeapSize=1073741824 -XX:MaxNewSize=357916672 -XX:MaxTenuringThreshold=6 -XX:NewSize=357916672 -XX:OldPLABSize=16 -XX:OldSize=715825152 -XX:+PrintGC -XX:+PrintGCDateStamps -XX:+PrintGCDetails -XX:+PrintGCTimeStamps -XX:+UseCompressedClassPointers -XX:+UseCompressedOops -XX:+UseConcMarkSweepGC -XX:-UseLargePagesIndividualAllocation -XX:+UseParNewGC 
2021-01-23T20:31:59.217+0800: 0.302: [GC (Allocation Failure) 2021-01-23T20:31:59.217+0800: 0.302: [ParNew: 279616K->34944K(314560K), 0.0170224 secs] 279616K->85023K(1013632K), 0.0172153 secs] [Times: user=0.06 sys=0.05, real=0.02 secs] 
2021-01-23T20:31:59.288+0800: 0.372: [GC (Allocation Failure) 2021-01-23T20:31:59.288+0800: 0.372: [ParNew: 314560K->34944K(314560K), 0.0272664 secs] 364639K->167489K(1013632K), 0.0273690 secs] [Times: user=0.11 sys=0.11, real=0.03 secs] 
2021-01-23T20:31:59.368+0800: 0.452: [GC (Allocation Failure) 2021-01-23T20:31:59.368+0800: 0.452: [ParNew: 314560K->34944K(314560K), 0.0573264 secs] 447105K->242957K(1013632K), 0.0573938 secs] [Times: user=0.39 sys=0.05, real=0.06 secs] 
2021-01-23T20:31:59.466+0800: 0.551: [GC (Allocation Failure) 2021-01-23T20:31:59.466+0800: 0.551: [ParNew: 314560K->34944K(314560K), 0.0595974 secs] 522573K->324278K(1013632K), 0.0596672 secs] [Times: user=0.34 sys=0.08, real=0.06 secs] 
2021-01-23T20:31:59.566+0800: 0.650: [GC (Allocation Failure) 2021-01-23T20:31:59.566+0800: 0.651: [ParNew: 314560K->34944K(314560K), 0.0635914 secs] 603894K->405449K(1013632K), 0.0636699 secs] [Times: user=0.39 sys=0.06, real=0.06 secs] 
2021-01-23T20:31:59.630+0800: 0.714: [GC (CMS Initial Mark) [1 CMS-initial-mark: 370505K(699072K)] 406045K(1013632K), 0.0001948 secs] [Times: user=0.00 sys=0.00, real=0.00 secs] 
2021-01-23T20:31:59.630+0800: 0.715: [CMS-concurrent-mark-start]
2021-01-23T20:31:59.632+0800: 0.717: [CMS-concurrent-mark: 0.003/0.003 secs] [Times: user=0.00 sys=0.00, real=0.00 secs] 
2021-01-23T20:31:59.632+0800: 0.717: [CMS-concurrent-preclean-start]
2021-01-23T20:31:59.633+0800: 0.718: [CMS-concurrent-preclean: 0.001/0.001 secs] [Times: user=0.00 sys=0.00, real=0.00 secs] 
2021-01-23T20:31:59.633+0800: 0.718: [CMS-concurrent-abortable-preclean-start]
2021-01-23T20:31:59.674+0800: 0.759: [GC (Allocation Failure) 2021-01-23T20:31:59.674+0800: 0.759: [ParNew2021-01-23T20:31:59.735+0800: 0.819: [CMS-concurrent-abortable-preclean: 0.001/0.101 secs] [Times: user=0.39 sys=0.05, real=0.10 secs] 
: 314367K->34944K(314560K), 0.0609629 secs] 684872K->487262K(1013632K), 0.0610505 secs] [Times: user=0.33 sys=0.05, real=0.06 secs] 
2021-01-23T20:31:59.735+0800: 0.820: [GC (CMS Final Remark) [YG occupancy: 35446 K (314560 K)]2021-01-23T20:31:59.735+0800: 0.820: [Rescan (parallel) , 0.0005251 secs]2021-01-23T20:31:59.735+0800: 0.821: [weak refs processing, 0.0000131 secs]2021-01-23T20:31:59.735+0800: 0.821: [class unloading, 0.0002820 secs]2021-01-23T20:31:59.736+0800: 0.821: [scrub symbol table, 0.0005003 secs]2021-01-23T20:31:59.736+0800: 0.821: [scrub string table, 0.0001534 secs][1 CMS-remark: 452318K(699072K)] 487764K(1013632K), 0.0016104 secs] [Times: user=0.00 sys=0.00, real=0.00 secs] 
2021-01-23T20:31:59.737+0800: 0.822: [CMS-concurrent-sweep-start]
2021-01-23T20:31:59.738+0800: 0.823: [CMS-concurrent-sweep: 0.002/0.002 secs] [Times: user=0.00 sys=0.00, real=0.00 secs] 
2021-01-23T20:31:59.738+0800: 0.824: [CMS-concurrent-reset-start]
2021-01-23T20:31:59.746+0800: 0.831: [CMS-concurrent-reset: 0.007/0.007 secs] [Times: user=0.01 sys=0.02, real=0.01 secs] 
2021-01-23T20:31:59.784+0800: 0.869: [GC (Allocation Failure) 2021-01-23T20:31:59.784+0800: 0.869: [ParNew: 314515K->34942K(314560K), 0.0173918 secs] 641024K->438249K(1013632K), 0.0174570 secs] [Times: user=0.13 sys=0.00, real=0.02 secs] 
2021-01-23T20:31:59.844+0800: 0.928: [GC (Allocation Failure) 2021-01-23T20:31:59.844+0800: 0.928: [ParNew: 314465K->34943K(314560K), 0.0314106 secs] 717772K->506792K(1013632K), 0.0316195 secs] [Times: user=0.16 sys=0.05, real=0.03 secs] 
2021-01-23T20:31:59.875+0800: 0.960: [GC (CMS Initial Mark) [1 CMS-initial-mark: 471848K(699072K)] 507486K(1013632K), 0.0001695 secs] [Times: user=0.00 sys=0.00, real=0.00 secs] 
2021-01-23T20:31:59.875+0800: 0.960: [CMS-concurrent-mark-start]
2021-01-23T20:31:59.877+0800: 0.962: [CMS-concurrent-mark: 0.002/0.002 secs] [Times: user=0.00 sys=0.00, real=0.00 secs] 
2021-01-23T20:31:59.878+0800: 0.962: [CMS-concurrent-preclean-start]
2021-01-23T20:31:59.878+0800: 0.963: [CMS-concurrent-preclean: 0.001/0.001 secs] [Times: user=0.00 sys=0.00, real=0.00 secs] 
2021-01-23T20:31:59.878+0800: 0.963: [CMS-concurrent-abortable-preclean-start]
2021-01-23T20:31:59.911+0800: 0.996: [GC (Allocation Failure) 2021-01-23T20:31:59.911+0800: 0.996: [ParNew: 314559K->34942K(314560K), 0.0636854 secs] 786408K->589072K(1013632K), 0.0637542 secs] [Times: user=0.28 sys=0.08, real=0.06 secs] 
Heap
 par new generation   total 314560K, used 300816K [0x00000000c0000000, 0x00000000d5550000, 0x00000000d5550000)
  eden space 279616K,  95% used [0x00000000c0000000, 0x00000000d03a4810, 0x00000000d1110000)
  from space 34944K,  99% used [0x00000000d3330000, 0x00000000d554fa30, 0x00000000d5550000)
  to   space 34944K,   0% used [0x00000000d1110000, 0x00000000d1110000, 0x00000000d3330000)
 concurrent mark-sweep generation total 699072K, used 554130K [0x00000000d5550000, 0x0000000100000000, 0x0000000100000000)
 Metaspace       used 2623K, capacity 4486K, committed 4864K, reserved 1056768K
  class space    used 288K, capacity 386K, committed 512K, reserved 1048576K

```

使用G1 512m

```JavaScript
Java HotSpot(TM) 64-Bit Server VM (25.271-b09) for windows-amd64 JRE (1.8.0_271-b09), built on Sep 16 2020 19:14:59 by "" with MS VC++ 15.9 (VS2017)
Memory: 4k page, physical 16634708k(5527916k free), swap 36557652k(17123660k free)
CommandLine flags: -XX:InitialHeapSize=536870912 -XX:MaxHeapSize=536870912 -XX:+PrintGC -XX:+PrintGCDateStamps -XX:+PrintGCDetails -XX:+PrintGCTimeStamps -XX:+UseCompressedClassPointers -XX:+UseCompressedOops -XX:+UseG1GC -XX:-UseLargePagesIndividualAllocation 
2021-01-23T20:33:14.399+0800: 0.152: [GC pause (G1 Evacuation Pause) (young), 0.0027892 secs]
   [Parallel Time: 2.2 ms, GC Workers: 8]
      [GC Worker Start (ms): Min: 151.7, Avg: 151.8, Max: 151.8, Diff: 0.1]
      [Ext Root Scanning (ms): Min: 0.1, Avg: 0.4, Max: 2.0, Diff: 1.9, Sum: 3.0]
      [Update RS (ms): Min: 0.0, Avg: 0.0, Max: 0.0, Diff: 0.0, Sum: 0.0]
         [Processed Buffers: Min: 0, Avg: 0.0, Max: 0, Diff: 0, Sum: 0]
      [Scan RS (ms): Min: 0.0, Avg: 0.0, Max: 0.0, Diff: 0.0, Sum: 0.0]
      [Code Root Scanning (ms): Min: 0.0, Avg: 0.0, Max: 0.0, Diff: 0.0, Sum: 0.0]
      [Object Copy (ms): Min: 0.0, Avg: 1.5, Max: 1.9, Diff: 1.9, Sum: 12.4]
      [Termination (ms): Min: 0.0, Avg: 0.1, Max: 0.2, Diff: 0.2, Sum: 0.8]
         [Termination Attempts: Min: 1, Avg: 1.0, Max: 1, Diff: 0, Sum: 8]
      [GC Worker Other (ms): Min: 0.0, Avg: 0.0, Max: 0.1, Diff: 0.0, Sum: 0.4]
      [GC Worker Total (ms): Min: 2.0, Avg: 2.1, Max: 2.2, Diff: 0.1, Sum: 16.6]
      [GC Worker End (ms): Min: 153.8, Avg: 153.8, Max: 153.8, Diff: 0.0]
   [Code Root Fixup: 0.0 ms]
   [Code Root Purge: 0.0 ms]
   [Clear CT: 0.2 ms]
   [Other: 0.4 ms]
      [Choose CSet: 0.0 ms]
      [Ref Proc: 0.2 ms]
      [Ref Enq: 0.0 ms]
      [Redirty Cards: 0.1 ms]
      [Humongous Register: 0.0 ms]
      [Humongous Reclaim: 0.0 ms]
      [Free CSet: 0.0 ms]
   [Eden: 25.0M(25.0M)->0.0B(25.0M) Survivors: 0.0B->4096.0K Heap: 32.4M(512.0M)->12.9M(512.0M)]
 [Times: user=0.00 sys=0.00, real=0.00 secs] 
2021-01-23T20:33:14.414+0800: 0.166: [GC pause (G1 Evacuation Pause) (young), 0.0036950 secs]
   [Parallel Time: 3.1 ms, GC Workers: 8]
      [GC Worker Start (ms): Min: 166.4, Avg: 166.4, Max: 166.5, Diff: 0.2]
      [Ext Root Scanning (ms): Min: 0.1, Avg: 0.1, Max: 0.2, Diff: 0.2, Sum: 1.0]
      [Update RS (ms): Min: 0.0, Avg: 0.0, Max: 0.3, Diff: 0.3, Sum: 0.3]
         [Processed Buffers: Min: 0, Avg: 0.1, Max: 1, Diff: 1, Sum: 1]
      [Scan RS (ms): Min: 0.0, Avg: 0.0, Max: 0.0, Diff: 0.0, Sum: 0.0]
      [Code Root Scanning (ms): Min: 0.0, Avg: 0.0, Max: 0.0, Diff: 0.0, Sum: 0.0]
      [Object Copy (ms): Min: 2.1, Avg: 2.5, Max: 2.7, Diff: 0.5, Sum: 20.2]
      [Termination (ms): Min: 0.0, Avg: 0.1, Max: 0.4, Diff: 0.4, Sum: 1.2]
         [Termination Attempts: Min: 1, Avg: 1.0, Max: 1, Diff: 0, Sum: 8]
      [GC Worker Other (ms): Min: 0.0, Avg: 0.0, Max: 0.0, Diff: 0.0, Sum: 0.1]
      [GC Worker Total (ms): Min: 2.7, Avg: 2.8, Max: 2.9, Diff: 0.2, Sum: 22.7]
      [GC Worker End (ms): Min: 169.3, Avg: 169.3, Max: 169.3, Diff: 0.1]
   [Code Root Fixup: 0.0 ms]
   [Code Root Purge: 0.0 ms]
   [Clear CT: 0.1 ms]
   [Other: 0.5 ms]
      [Choose CSet: 0.0 ms]
      [Ref Proc: 0.2 ms]
      [Ref Enq: 0.0 ms]
      [Redirty Cards: 0.1 ms]
      [Humongous Register: 0.0 ms]
      [Humongous Reclaim: 0.0 ms]
      [Free CSet: 0.0 ms]
   [Eden: 25.0M(25.0M)->0.0B(36.0M) Survivors: 4096.0K->4096.0K Heap: 43.5M(512.0M)->25.0M(512.0M)]
 [Times: user=0.13 sys=0.00, real=0.00 secs] 
2021-01-23T20:33:14.436+0800: 0.189: [GC pause (G1 Evacuation Pause) (young), 0.0040973 secs]
   [Parallel Time: 2.8 ms, GC Workers: 8]
      [GC Worker Start (ms): Min: 189.1, Avg: 189.1, Max: 189.2, Diff: 0.1]
      [Ext Root Scanning (ms): Min: 0.0, Avg: 0.1, Max: 0.2, Diff: 0.1, Sum: 0.7]
      [Update RS (ms): Min: 0.0, Avg: 0.1, Max: 0.3, Diff: 0.3, Sum: 0.8]
         [Processed Buffers: Min: 1, Avg: 1.1, Max: 2, Diff: 1, Sum: 9]
      [Scan RS (ms): Min: 0.0, Avg: 0.0, Max: 0.0, Diff: 0.0, Sum: 0.0]
      [Code Root Scanning (ms): Min: 0.0, Avg: 0.0, Max: 0.0, Diff: 0.0, Sum: 0.0]
      [Object Copy (ms): Min: 2.0, Avg: 2.2, Max: 2.4, Diff: 0.4, Sum: 17.8]
      [Termination (ms): Min: 0.0, Avg: 0.1, Max: 0.2, Diff: 0.2, Sum: 0.8]
         [Termination Attempts: Min: 1, Avg: 1.0, Max: 1, Diff: 0, Sum: 8]
      [GC Worker Other (ms): Min: 0.0, Avg: 0.0, Max: 0.0, Diff: 0.0, Sum: 0.1]
      [GC Worker Total (ms): Min: 2.5, Avg: 2.5, Max: 2.6, Diff: 0.1, Sum: 20.2]
      [GC Worker End (ms): Min: 191.7, Avg: 191.7, Max: 191.7, Diff: 0.0]
   [Code Root Fixup: 0.0 ms]
   [Code Root Purge: 0.0 ms]
   [Clear CT: 0.6 ms]
   [Other: 0.7 ms]
      [Choose CSet: 0.0 ms]
      [Ref Proc: 0.1 ms]
      [Ref Enq: 0.0 ms]
      [Redirty Cards: 0.4 ms]
      [Humongous Register: 0.0 ms]
      [Humongous Reclaim: 0.0 ms]
      [Free CSet: 0.0 ms]
   [Eden: 36.0M(36.0M)->0.0B(302.0M) Survivors: 4096.0K->5120.0K Heap: 72.9M(512.0M)->42.5M(512.0M)]
 [Times: user=0.00 sys=0.00, real=0.00 secs] 
2021-01-23T20:33:14.684+0800: 0.436: [GC pause (G1 Evacuation Pause) (young) (to-space exhausted), 0.0075566 secs]
   [Parallel Time: 5.5 ms, GC Workers: 8]
      [GC Worker Start (ms): Min: 436.7, Avg: 436.8, Max: 436.8, Diff: 0.1]
      [Ext Root Scanning (ms): Min: 0.1, Avg: 0.1, Max: 0.2, Diff: 0.1, Sum: 0.9]
      [Update RS (ms): Min: 0.1, Avg: 0.1, Max: 0.2, Diff: 0.1, Sum: 0.7]
         [Processed Buffers: Min: 0, Avg: 1.4, Max: 2, Diff: 2, Sum: 11]
      [Scan RS (ms): Min: 0.0, Avg: 0.0, Max: 0.1, Diff: 0.0, Sum: 0.2]
      [Code Root Scanning (ms): Min: 0.0, Avg: 0.0, Max: 0.0, Diff: 0.0, Sum: 0.0]
      [Object Copy (ms): Min: 5.0, Avg: 5.1, Max: 5.1, Diff: 0.1, Sum: 40.5]
      [Termination (ms): Min: 0.0, Avg: 0.0, Max: 0.0, Diff: 0.0, Sum: 0.2]
         [Termination Attempts: Min: 1, Avg: 3.4, Max: 4, Diff: 3, Sum: 27]
      [GC Worker Other (ms): Min: 0.0, Avg: 0.0, Max: 0.0, Diff: 0.0, Sum: 0.1]
      [GC Worker Total (ms): Min: 5.3, Avg: 5.3, Max: 5.4, Diff: 0.1, Sum: 42.6]
      [GC Worker End (ms): Min: 442.1, Avg: 442.1, Max: 442.1, Diff: 0.0]
   [Code Root Fixup: 0.0 ms]
   [Code Root Purge: 0.0 ms]
   [Clear CT: 0.4 ms]
   [Other: 1.7 ms]
      [Evacuation Failure: 0.7 ms]
      [Choose CSet: 0.0 ms]
      [Ref Proc: 0.1 ms]
      [Ref Enq: 0.0 ms]
      [Redirty Cards: 0.5 ms]
      [Humongous Register: 0.1 ms]
      [Humongous Reclaim: 0.1 ms]
      [Free CSet: 0.1 ms]
   [Eden: 302.0M(302.0M)->0.0B(94.0M) Survivors: 5120.0K->30.0M Heap: 428.2M(512.0M)->314.7M(512.0M)]
 [Times: user=0.00 sys=0.00, real=0.01 secs] 
2021-01-23T20:33:14.693+0800: 0.445: [GC pause (G1 Humongous Allocation) (young) (initial-mark), 0.0047584 secs]
   [Parallel Time: 3.3 ms, GC Workers: 8]
      [GC Worker Start (ms): Min: 445.2, Avg: 445.3, Max: 445.3, Diff: 0.1]
      [Ext Root Scanning (ms): Min: 0.1, Avg: 0.1, Max: 0.2, Diff: 0.1, Sum: 0.9]
      [Update RS (ms): Min: 0.0, Avg: 0.1, Max: 0.2, Diff: 0.2, Sum: 0.5]
         [Processed Buffers: Min: 0, Avg: 1.4, Max: 3, Diff: 3, Sum: 11]
      [Scan RS (ms): Min: 0.0, Avg: 0.0, Max: 0.0, Diff: 0.0, Sum: 0.0]
      [Code Root Scanning (ms): Min: 0.0, Avg: 0.0, Max: 0.0, Diff: 0.0, Sum: 0.0]
      [Object Copy (ms): Min: 2.8, Avg: 2.9, Max: 3.0, Diff: 0.2, Sum: 23.3]
      [Termination (ms): Min: 0.0, Avg: 0.1, Max: 0.1, Diff: 0.1, Sum: 0.5]
         [Termination Attempts: Min: 1, Avg: 1.0, Max: 1, Diff: 0, Sum: 8]
      [GC Worker Other (ms): Min: 0.0, Avg: 0.0, Max: 0.0, Diff: 0.0, Sum: 0.1]
      [GC Worker Total (ms): Min: 3.1, Avg: 3.2, Max: 3.3, Diff: 0.1, Sum: 25.4]
      [GC Worker End (ms): Min: 448.4, Avg: 448.4, Max: 448.4, Diff: 0.0]
   [Code Root Fixup: 0.0 ms]
   [Code Root Purge: 0.0 ms]
   [Clear CT: 0.9 ms]
   [Other: 0.6 ms]
      [Choose CSet: 0.0 ms]
      [Ref Proc: 0.2 ms]
      [Ref Enq: 0.0 ms]
      [Redirty Cards: 0.2 ms]
      [Humongous Register: 0.0 ms]
      [Humongous Reclaim: 0.0 ms]
      [Free CSet: 0.0 ms]
   [Eden: 7168.0K(94.0M)->0.0B(98.0M) Survivors: 30.0M->2048.0K Heap: 321.4M(512.0M)->314.4M(512.0M)]
 [Times: user=0.11 sys=0.02, real=0.00 secs] 
2021-01-23T20:33:14.698+0800: 0.450: [GC concurrent-root-region-scan-start]
2021-01-23T20:33:14.698+0800: 0.450: [GC concurrent-root-region-scan-end, 0.0002068 secs]
2021-01-23T20:33:14.698+0800: 0.450: [GC concurrent-mark-start]
2021-01-23T20:33:14.700+0800: 0.452: [GC concurrent-mark-end, 0.0020125 secs]
2021-01-23T20:33:14.701+0800: 0.453: [GC remark 2021-01-23T20:33:14.701+0800: 0.453: [Finalize Marking, 0.0005034 secs] 2021-01-23T20:33:14.701+0800: 0.453: [GC ref-proc, 0.0003950 secs] 2021-01-23T20:33:14.702+0800: 0.454: [Unloading, 0.0006638 secs], 0.0020589 secs]
 [Times: user=0.00 sys=0.00, real=0.00 secs] 
2021-01-23T20:33:14.703+0800: 0.455: [GC cleanup 330M->327M(512M), 0.0012455 secs]
 [Times: user=0.00 sys=0.00, real=0.00 secs] 
2021-01-23T20:33:14.704+0800: 0.456: [GC concurrent-cleanup-start]
2021-01-23T20:33:14.704+0800: 0.456: [GC concurrent-cleanup-end, 0.0000138 secs]
2021-01-23T20:33:14.728+0800: 0.481: [GC pause (G1 Evacuation Pause) (young) (to-space exhausted), 0.0043021 secs]
   [Parallel Time: 3.4 ms, GC Workers: 8]
      [GC Worker Start (ms): Min: 481.0, Avg: 481.1, Max: 481.3, Diff: 0.3]
      [Ext Root Scanning (ms): Min: 0.0, Avg: 0.1, Max: 0.2, Diff: 0.2, Sum: 0.8]
      [Update RS (ms): Min: 0.0, Avg: 0.2, Max: 0.4, Diff: 0.4, Sum: 1.2]
         [Processed Buffers: Min: 0, Avg: 2.4, Max: 4, Diff: 4, Sum: 19]
      [Scan RS (ms): Min: 0.0, Avg: 0.0, Max: 0.0, Diff: 0.0, Sum: 0.1]
      [Code Root Scanning (ms): Min: 0.0, Avg: 0.0, Max: 0.0, Diff: 0.0, Sum: 0.0]
      [Object Copy (ms): Min: 2.7, Avg: 2.9, Max: 3.0, Diff: 0.3, Sum: 23.2]
      [Termination (ms): Min: 0.0, Avg: 0.1, Max: 0.1, Diff: 0.1, Sum: 0.5]
         [Termination Attempts: Min: 1, Avg: 1.0, Max: 1, Diff: 0, Sum: 8]
      [GC Worker Other (ms): Min: 0.0, Avg: 0.0, Max: 0.0, Diff: 0.0, Sum: 0.1]
      [GC Worker Total (ms): Min: 3.0, Avg: 3.2, Max: 3.3, Diff: 0.3, Sum: 25.9]
      [GC Worker End (ms): Min: 484.3, Avg: 484.3, Max: 484.3, Diff: 0.0]
   [Code Root Fixup: 0.0 ms]
   [Code Root Purge: 0.0 ms]
   [Clear CT: 0.1 ms]
   [Other: 0.8 ms]
      [Evacuation Failure: 0.1 ms]
      [Choose CSet: 0.0 ms]
      [Ref Proc: 0.2 ms]
      [Ref Enq: 0.0 ms]
      [Redirty Cards: 0.1 ms]
      [Humongous Register: 0.1 ms]
      [Humongous Reclaim: 0.1 ms]
      [Free CSet: 0.1 ms]
   [Eden: 98.0M(98.0M)->0.0B(12.0M) Survivors: 2048.0K->13.0M Heap: 441.4M(512.0M)->369.2M(512.0M)]
 [Times: user=0.00 sys=0.00, real=0.01 secs] 
2021-01-23T20:33:14.735+0800: 0.487: [GC pause (G1 Evacuation Pause) (mixed), 0.0039155 secs]
   [Parallel Time: 2.5 ms, GC Workers: 8]
      [GC Worker Start (ms): Min: 487.0, Avg: 487.0, Max: 487.1, Diff: 0.1]
      [Ext Root Scanning (ms): Min: 0.1, Avg: 0.1, Max: 0.2, Diff: 0.1, Sum: 0.8]
      [Update RS (ms): Min: 0.1, Avg: 0.2, Max: 0.2, Diff: 0.0, Sum: 1.4]
         [Processed Buffers: Min: 0, Avg: 2.3, Max: 4, Diff: 4, Sum: 18]
      [Scan RS (ms): Min: 0.0, Avg: 0.0, Max: 0.0, Diff: 0.0, Sum: 0.1]
      [Code Root Scanning (ms): Min: 0.0, Avg: 0.0, Max: 0.0, Diff: 0.0, Sum: 0.0]
      [Object Copy (ms): Min: 1.7, Avg: 1.8, Max: 1.8, Diff: 0.1, Sum: 14.1]
      [Termination (ms): Min: 0.0, Avg: 0.1, Max: 0.1, Diff: 0.1, Sum: 0.5]
         [Termination Attempts: Min: 1, Avg: 1.0, Max: 1, Diff: 0, Sum: 8]
      [GC Worker Other (ms): Min: 0.0, Avg: 0.0, Max: 0.0, Diff: 0.0, Sum: 0.1]
      [GC Worker Total (ms): Min: 2.1, Avg: 2.1, Max: 2.2, Diff: 0.1, Sum: 17.0]
      [GC Worker End (ms): Min: 489.2, Avg: 489.2, Max: 489.2, Diff: 0.0]
   [Code Root Fixup: 0.0 ms]
   [Code Root Purge: 0.0 ms]
   [Clear CT: 0.5 ms]
   [Other: 0.9 ms]
      [Choose CSet: 0.0 ms]
      [Ref Proc: 0.2 ms]
      [Ref Enq: 0.0 ms]
      [Redirty Cards: 0.5 ms]
      [Humongous Register: 0.0 ms]
      [Humongous Reclaim: 0.0 ms]
      [Free CSet: 0.1 ms]
   [Eden: 12.0M(12.0M)->0.0B(21.0M) Survivors: 13.0M->4096.0K Heap: 383.5M(512.0M)->323.5M(512.0M)]
 [Times: user=0.00 sys=0.00, real=0.00 secs] 
2021-01-23T20:33:14.744+0800: 0.496: [GC pause (G1 Evacuation Pause) (mixed), 0.0058771 secs]
   [Parallel Time: 3.8 ms, GC Workers: 8]
      [GC Worker Start (ms): Min: 496.5, Avg: 496.6, Max: 496.7, Diff: 0.2]
      [Ext Root Scanning (ms): Min: 0.0, Avg: 0.1, Max: 0.3, Diff: 0.2, Sum: 1.0]
      [Update RS (ms): Min: 0.1, Avg: 0.2, Max: 0.2, Diff: 0.1, Sum: 1.3]
         [Processed Buffers: Min: 0, Avg: 2.6, Max: 4, Diff: 4, Sum: 21]
      [Scan RS (ms): Min: 0.0, Avg: 0.0, Max: 0.1, Diff: 0.1, Sum: 0.2]
      [Code Root Scanning (ms): Min: 0.0, Avg: 0.0, Max: 0.0, Diff: 0.0, Sum: 0.0]
      [Object Copy (ms): Min: 2.7, Avg: 2.9, Max: 3.0, Diff: 0.3, Sum: 23.1]
      [Termination (ms): Min: 0.0, Avg: 0.1, Max: 0.3, Diff: 0.3, Sum: 1.1]
         [Termination Attempts: Min: 1, Avg: 1.0, Max: 1, Diff: 0, Sum: 8]
      [GC Worker Other (ms): Min: 0.0, Avg: 0.1, Max: 0.3, Diff: 0.3, Sum: 0.8]
      [GC Worker Total (ms): Min: 3.3, Avg: 3.4, Max: 3.6, Diff: 0.3, Sum: 27.5]
      [GC Worker End (ms): Min: 500.0, Avg: 500.1, Max: 500.3, Diff: 0.3]
   [Code Root Fixup: 0.0 ms]
   [Code Root Purge: 0.0 ms]
   [Clear CT: 0.7 ms]
   [Other: 1.4 ms]
      [Choose CSet: 0.0 ms]
      [Ref Proc: 0.4 ms]
      [Ref Enq: 0.0 ms]
      [Redirty Cards: 0.6 ms]
      [Humongous Register: 0.1 ms]
      [Humongous Reclaim: 0.0 ms]
      [Free CSet: 0.1 ms]
   [Eden: 21.0M(21.0M)->0.0B(21.0M) Survivors: 4096.0K->4096.0K Heap: 346.5M(512.0M)->280.4M(512.0M)]
 [Times: user=0.00 sys=0.00, real=0.01 secs] 
2021-01-23T20:33:14.754+0800: 0.506: [GC pause (G1 Evacuation Pause) (mixed), 0.0046542 secs]
   [Parallel Time: 3.0 ms, GC Workers: 8]
      [GC Worker Start (ms): Min: 506.0, Avg: 506.1, Max: 506.5, Diff: 0.5]
      [Ext Root Scanning (ms): Min: 0.0, Avg: 0.1, Max: 0.2, Diff: 0.2, Sum: 0.9]
      [Update RS (ms): Min: 0.0, Avg: 0.2, Max: 0.3, Diff: 0.3, Sum: 1.7]
         [Processed Buffers: Min: 0, Avg: 3.5, Max: 5, Diff: 5, Sum: 28]
      [Scan RS (ms): Min: 0.0, Avg: 0.0, Max: 0.0, Diff: 0.0, Sum: 0.1]
      [Code Root Scanning (ms): Min: 0.0, Avg: 0.0, Max: 0.0, Diff: 0.0, Sum: 0.0]
      [Object Copy (ms): Min: 2.1, Avg: 2.2, Max: 2.2, Diff: 0.1, Sum: 17.6]
      [Termination (ms): Min: 0.0, Avg: 0.0, Max: 0.1, Diff: 0.1, Sum: 0.3]
         [Termination Attempts: Min: 1, Avg: 1.0, Max: 1, Diff: 0, Sum: 8]
      [GC Worker Other (ms): Min: 0.0, Avg: 0.0, Max: 0.0, Diff: 0.0, Sum: 0.1]
      [GC Worker Total (ms): Min: 2.2, Avg: 2.6, Max: 2.7, Diff: 0.4, Sum: 20.7]
      [GC Worker End (ms): Min: 508.7, Avg: 508.7, Max: 508.7, Diff: 0.0]
   [Code Root Fixup: 0.0 ms]
   [Code Root Purge: 0.0 ms]
   [Clear CT: 0.7 ms]
   [Other: 1.0 ms]
      [Choose CSet: 0.0 ms]
      [Ref Proc: 0.4 ms]
      [Ref Enq: 0.0 ms]
      [Redirty Cards: 0.3 ms]
      [Humongous Register: 0.1 ms]
      [Humongous Reclaim: 0.0 ms]
      [Free CSet: 0.1 ms]
   [Eden: 21.0M(21.0M)->0.0B(21.0M) Survivors: 4096.0K->4096.0K Heap: 309.8M(512.0M)->248.2M(512.0M)]
 [Times: user=0.00 sys=0.00, real=0.00 secs] 
2021-01-23T20:33:14.763+0800: 0.515: [GC pause (G1 Evacuation Pause) (mixed), 0.0045925 secs]
   [Parallel Time: 2.8 ms, GC Workers: 8]
      [GC Worker Start (ms): Min: 515.5, Avg: 515.6, Max: 515.7, Diff: 0.1]
      [Ext Root Scanning (ms): Min: 0.1, Avg: 0.1, Max: 0.2, Diff: 0.1, Sum: 0.9]
      [Update RS (ms): Min: 0.2, Avg: 0.2, Max: 0.2, Diff: 0.0, Sum: 1.4]
         [Processed Buffers: Min: 0, Avg: 2.8, Max: 4, Diff: 4, Sum: 22]
      [Scan RS (ms): Min: 0.0, Avg: 0.0, Max: 0.0, Diff: 0.0, Sum: 0.1]
      [Code Root Scanning (ms): Min: 0.0, Avg: 0.0, Max: 0.0, Diff: 0.0, Sum: 0.0]
      [Object Copy (ms): Min: 2.1, Avg: 2.1, Max: 2.2, Diff: 0.1, Sum: 17.1]
      [Termination (ms): Min: 0.0, Avg: 0.1, Max: 0.1, Diff: 0.1, Sum: 0.5]
         [Termination Attempts: Min: 1, Avg: 1.0, Max: 1, Diff: 0, Sum: 8]
      [GC Worker Other (ms): Min: 0.0, Avg: 0.0, Max: 0.0, Diff: 0.0, Sum: 0.1]
      [GC Worker Total (ms): Min: 2.4, Avg: 2.5, Max: 2.6, Diff: 0.1, Sum: 20.1]
      [GC Worker End (ms): Min: 518.1, Avg: 518.1, Max: 518.1, Diff: 0.0]
   [Code Root Fixup: 0.0 ms]
   [Code Root Purge: 0.0 ms]
   [Clear CT: 0.5 ms]
   [Other: 1.3 ms]
      [Choose CSet: 0.0 ms]
      [Ref Proc: 0.5 ms]
      [Ref Enq: 0.0 ms]
      [Redirty Cards: 0.5 ms]
      [Humongous Register: 0.1 ms]
      [Humongous Reclaim: 0.0 ms]
      [Free CSet: 0.1 ms]
   [Eden: 21.0M(21.0M)->0.0B(157.0M) Survivors: 4096.0K->4096.0K Heap: 273.3M(512.0M)->237.2M(512.0M)]
 [Times: user=0.00 sys=0.00, real=0.00 secs] 
2021-01-23T20:33:14.768+0800: 0.520: [GC pause (G1 Humongous Allocation) (young) (initial-mark), 0.0022635 secs]
   [Parallel Time: 0.9 ms, GC Workers: 8]
      [GC Worker Start (ms): Min: 520.4, Avg: 520.5, Max: 520.6, Diff: 0.2]
      [Ext Root Scanning (ms): Min: 0.0, Avg: 0.2, Max: 0.3, Diff: 0.3, Sum: 1.5]
      [Update RS (ms): Min: 0.0, Avg: 0.0, Max: 0.1, Diff: 0.1, Sum: 0.3]
         [Processed Buffers: Min: 0, Avg: 1.1, Max: 4, Diff: 4, Sum: 9]
      [Scan RS (ms): Min: 0.0, Avg: 0.0, Max: 0.0, Diff: 0.0, Sum: 0.0]
      [Code Root Scanning (ms): Min: 0.0, Avg: 0.0, Max: 0.0, Diff: 0.0, Sum: 0.0]
      [Object Copy (ms): Min: 0.3, Avg: 0.4, Max: 0.4, Diff: 0.1, Sum: 2.8]
      [Termination (ms): Min: 0.0, Avg: 0.0, Max: 0.1, Diff: 0.1, Sum: 0.2]
         [Termination Attempts: Min: 1, Avg: 1.0, Max: 1, Diff: 0, Sum: 8]
      [GC Worker Other (ms): Min: 0.0, Avg: 0.0, Max: 0.0, Diff: 0.0, Sum: 0.1]
      [GC Worker Total (ms): Min: 0.5, Avg: 0.6, Max: 0.7, Diff: 0.2, Sum: 4.9]
      [GC Worker End (ms): Min: 521.1, Avg: 521.1, Max: 521.1, Diff: 0.0]
   [Code Root Fixup: 0.0 ms]
   [Code Root Purge: 0.0 ms]
   [Clear CT: 0.5 ms]
   [Other: 0.9 ms]
      [Choose CSet: 0.0 ms]
      [Ref Proc: 0.2 ms]
      [Ref Enq: 0.0 ms]
      [Redirty Cards: 0.5 ms]
      [Humongous Register: 0.0 ms]
      [Humongous Reclaim: 0.0 ms]
      [Free CSet: 0.0 ms]
   [Eden: 1024.0K(157.0M)->0.0B(166.0M) Survivors: 4096.0K->4096.0K Heap: 237.7M(512.0M)->237.2M(512.0M)]
 [Times: user=0.00 sys=0.00, real=0.00 secs] 
2021-01-23T20:33:14.770+0800: 0.523: [GC concurrent-root-region-scan-start]
2021-01-23T20:33:14.771+0800: 0.523: [GC concurrent-root-region-scan-end, 0.0002209 secs]
2021-01-23T20:33:14.771+0800: 0.523: [GC concurrent-mark-start]
2021-01-23T20:33:14.772+0800: 0.525: [GC concurrent-mark-end, 0.0015671 secs]
2021-01-23T20:33:14.773+0800: 0.525: [GC remark 2021-01-23T20:33:14.773+0800: 0.525: [Finalize Marking, 0.0003343 secs] 2021-01-23T20:33:14.773+0800: 0.525: [GC ref-proc, 0.0003353 secs] 2021-01-23T20:33:14.773+0800: 0.526: [Unloading, 0.0005612 secs], 0.0017761 secs]
 [Times: user=0.11 sys=0.00, real=0.00 secs] 
2021-01-23T20:33:14.775+0800: 0.527: [GC cleanup 250M->246M(512M), 0.0006339 secs]
 [Times: user=0.00 sys=0.00, real=0.00 secs] 
2021-01-23T20:33:14.775+0800: 0.527: [GC concurrent-cleanup-start]
2021-01-23T20:33:14.775+0800: 0.527: [GC concurrent-cleanup-end, 0.0000176 secs]
2021-01-23T20:33:14.810+0800: 0.562: [GC pause (G1 Evacuation Pause) (young) (to-space exhausted), 0.0038803 secs]
   [Parallel Time: 2.2 ms, GC Workers: 8]
      [GC Worker Start (ms): Min: 562.4, Avg: 562.4, Max: 562.5, Diff: 0.1]
      [Ext Root Scanning (ms): Min: 0.1, Avg: 0.1, Max: 0.2, Diff: 0.1, Sum: 0.9]
      [Update RS (ms): Min: 0.2, Avg: 0.2, Max: 0.6, Diff: 0.4, Sum: 1.8]
         [Processed Buffers: Min: 0, Avg: 2.9, Max: 4, Diff: 4, Sum: 23]
      [Scan RS (ms): Min: 0.0, Avg: 0.0, Max: 0.0, Diff: 0.0, Sum: 0.1]
      [Code Root Scanning (ms): Min: 0.0, Avg: 0.0, Max: 0.0, Diff: 0.0, Sum: 0.0]
      [Object Copy (ms): Min: 1.0, Avg: 1.4, Max: 1.5, Diff: 0.4, Sum: 11.1]
      [Termination (ms): Min: 0.0, Avg: 0.0, Max: 0.1, Diff: 0.1, Sum: 0.3]
         [Termination Attempts: Min: 1, Avg: 1.0, Max: 1, Diff: 0, Sum: 8]
      [GC Worker Other (ms): Min: 0.0, Avg: 0.0, Max: 0.0, Diff: 0.0, Sum: 0.1]
      [GC Worker Total (ms): Min: 1.7, Avg: 1.8, Max: 1.9, Diff: 0.1, Sum: 14.3]
      [GC Worker End (ms): Min: 564.2, Avg: 564.2, Max: 564.2, Diff: 0.0]
   [Code Root Fixup: 0.0 ms]
   [Code Root Purge: 0.0 ms]
   [Clear CT: 0.4 ms]
   [Other: 1.2 ms]
      [Evacuation Failure: 0.4 ms]
      [Choose CSet: 0.0 ms]
      [Ref Proc: 0.2 ms]
      [Ref Enq: 0.0 ms]
      [Redirty Cards: 0.4 ms]
      [Humongous Register: 0.1 ms]
      [Humongous Reclaim: 0.1 ms]
      [Free CSet: 0.1 ms]
   [Eden: 166.0M(166.0M)->0.0B(17.0M) Survivors: 4096.0K->8192.0K Heap: 448.2M(512.0M)->395.5M(512.0M)]
 [Times: user=0.00 sys=0.00, real=0.00 secs] 
2021-01-23T20:33:14.817+0800: 0.569: [GC pause (G1 Evacuation Pause) (mixed), 0.0037192 secs]
   [Parallel Time: 2.8 ms, GC Workers: 8]
      [GC Worker Start (ms): Min: 569.2, Avg: 569.2, Max: 569.3, Diff: 0.1]
      [Ext Root Scanning (ms): Min: 0.0, Avg: 0.1, Max: 0.2, Diff: 0.1, Sum: 0.8]
      [Update RS (ms): Min: 0.2, Avg: 0.2, Max: 0.2, Diff: 0.1, Sum: 1.7]
         [Processed Buffers: Min: 0, Avg: 3.5, Max: 5, Diff: 5, Sum: 28]
      [Scan RS (ms): Min: 0.0, Avg: 0.0, Max: 0.1, Diff: 0.1, Sum: 0.3]
      [Code Root Scanning (ms): Min: 0.0, Avg: 0.0, Max: 0.0, Diff: 0.0, Sum: 0.0]
      [Object Copy (ms): Min: 2.1, Avg: 2.2, Max: 2.3, Diff: 0.2, Sum: 17.6]
      [Termination (ms): Min: 0.0, Avg: 0.1, Max: 0.2, Diff: 0.2, Sum: 0.7]
         [Termination Attempts: Min: 1, Avg: 1.0, Max: 1, Diff: 0, Sum: 8]
      [GC Worker Other (ms): Min: 0.0, Avg: 0.0, Max: 0.0, Diff: 0.0, Sum: 0.1]
      [GC Worker Total (ms): Min: 2.6, Avg: 2.7, Max: 2.7, Diff: 0.1, Sum: 21.2]
      [GC Worker End (ms): Min: 571.9, Avg: 571.9, Max: 571.9, Diff: 0.0]
   [Code Root Fixup: 0.0 ms]
   [Code Root Purge: 0.0 ms]
   [Clear CT: 0.3 ms]
   [Other: 0.6 ms]
      [Choose CSet: 0.0 ms]
      [Ref Proc: 0.1 ms]
      [Ref Enq: 0.0 ms]
      [Redirty Cards: 0.2 ms]
      [Humongous Register: 0.1 ms]
      [Humongous Reclaim: 0.0 ms]
      [Free CSet: 0.1 ms]
   [Eden: 17.0M(17.0M)->0.0B(50.0M) Survivors: 8192.0K->4096.0K Heap: 416.1M(512.0M)->361.7M(512.0M)]
 [Times: user=0.00 sys=0.03, real=0.00 secs] 
2021-01-23T20:33:14.821+0800: 0.573: [GC pause (G1 Humongous Allocation) (young) (initial-mark), 0.0015424 secs]
   [Parallel Time: 0.9 ms, GC Workers: 8]
      [GC Worker Start (ms): Min: 573.5, Avg: 573.5, Max: 573.6, Diff: 0.2]
      [Ext Root Scanning (ms): Min: 0.0, Avg: 0.1, Max: 0.2, Diff: 0.2, Sum: 1.2]
      [Update RS (ms): Min: 0.0, Avg: 0.1, Max: 0.4, Diff: 0.4, Sum: 0.9]
         [Processed Buffers: Min: 1, Avg: 1.1, Max: 2, Diff: 1, Sum: 9]
      [Scan RS (ms): Min: 0.0, Avg: 0.0, Max: 0.0, Diff: 0.0, Sum: 0.0]
      [Code Root Scanning (ms): Min: 0.0, Avg: 0.0, Max: 0.0, Diff: 0.0, Sum: 0.0]
      [Object Copy (ms): Min: 0.1, Avg: 0.4, Max: 0.4, Diff: 0.4, Sum: 2.8]
      [Termination (ms): Min: 0.0, Avg: 0.1, Max: 0.1, Diff: 0.1, Sum: 0.6]
         [Termination Attempts: Min: 1, Avg: 1.0, Max: 1, Diff: 0, Sum: 8]
      [GC Worker Other (ms): Min: 0.0, Avg: 0.0, Max: 0.0, Diff: 0.0, Sum: 0.0]
      [GC Worker Total (ms): Min: 0.6, Avg: 0.7, Max: 0.7, Diff: 0.2, Sum: 5.5]
      [GC Worker End (ms): Min: 574.2, Avg: 574.2, Max: 574.2, Diff: 0.0]
   [Code Root Fixup: 0.0 ms]
   [Code Root Purge: 0.0 ms]
   [Clear CT: 0.1 ms]
   [Other: 0.5 ms]
      [Choose CSet: 0.0 ms]
      [Ref Proc: 0.2 ms]
      [Ref Enq: 0.0 ms]
      [Redirty Cards: 0.1 ms]
      [Humongous Register: 0.1 ms]
      [Humongous Reclaim: 0.0 ms]
      [Free CSet: 0.0 ms]
   [Eden: 3072.0K(50.0M)->0.0B(46.0M) Survivors: 4096.0K->2048.0K Heap: 364.5M(512.0M)->361.3M(512.0M)]
 [Times: user=0.00 sys=0.00, real=0.00 secs] 
2021-01-23T20:33:14.823+0800: 0.575: [GC concurrent-root-region-scan-start]
2021-01-23T20:33:14.823+0800: 0.575: [GC concurrent-root-region-scan-end, 0.0001864 secs]
2021-01-23T20:33:14.823+0800: 0.575: [GC concurrent-mark-start]
2021-01-23T20:33:14.826+0800: 0.578: [GC concurrent-mark-end, 0.0023664 secs]
2021-01-23T20:33:14.826+0800: 0.578: [GC remark 2021-01-23T20:33:14.826+0800: 0.578: [Finalize Marking, 0.0002142 secs] 2021-01-23T20:33:14.826+0800: 0.578: [GC ref-proc, 0.0008438 secs] 2021-01-23T20:33:14.827+0800: 0.579: [Unloading, 0.0004408 secs], 0.0021256 secs]
 [Times: user=0.00 sys=0.00, real=0.00 secs] 
2021-01-23T20:33:14.828+0800: 0.580: [GC cleanup 379M->375M(512M), 0.0010094 secs]
 [Times: user=0.00 sys=0.00, real=0.00 secs] 
2021-01-23T20:33:14.829+0800: 0.581: [GC concurrent-cleanup-start]
2021-01-23T20:33:14.829+0800: 0.581: [GC concurrent-cleanup-end, 0.0000162 secs]
2021-01-23T20:33:14.839+0800: 0.591: [GC pause (G1 Evacuation Pause) (young), 0.0030242 secs]
   [Parallel Time: 2.1 ms, GC Workers: 8]
      [GC Worker Start (ms): Min: 590.8, Avg: 590.8, Max: 590.9, Diff: 0.1]
      [Ext Root Scanning (ms): Min: 0.1, Avg: 0.1, Max: 0.2, Diff: 0.1, Sum: 0.8]
      [Update RS (ms): Min: 0.1, Avg: 0.2, Max: 0.6, Diff: 0.5, Sum: 1.7]
         [Processed Buffers: Min: 0, Avg: 2.5, Max: 3, Diff: 3, Sum: 20]
      [Scan RS (ms): Min: 0.0, Avg: 0.0, Max: 0.0, Diff: 0.0, Sum: 0.0]
      [Code Root Scanning (ms): Min: 0.0, Avg: 0.0, Max: 0.0, Diff: 0.0, Sum: 0.0]
      [Object Copy (ms): Min: 1.0, Avg: 1.4, Max: 1.6, Diff: 0.6, Sum: 11.6]
      [Termination (ms): Min: 0.0, Avg: 0.1, Max: 0.2, Diff: 0.2, Sum: 0.6]
         [Termination Attempts: Min: 1, Avg: 1.6, Max: 2, Diff: 1, Sum: 13]
      [GC Worker Other (ms): Min: 0.0, Avg: 0.0, Max: 0.0, Diff: 0.0, Sum: 0.1]
      [GC Worker Total (ms): Min: 1.8, Avg: 1.9, Max: 1.9, Diff: 0.1, Sum: 14.9]
      [GC Worker End (ms): Min: 592.7, Avg: 592.7, Max: 592.7, Diff: 0.0]
   [Code Root Fixup: 0.0 ms]
   [Code Root Purge: 0.0 ms]
   [Clear CT: 0.2 ms]
   [Other: 0.7 ms]
      [Choose CSet: 0.0 ms]
      [Ref Proc: 0.2 ms]
      [Ref Enq: 0.0 ms]
      [Redirty Cards: 0.3 ms]
      [Humongous Register: 0.1 ms]
      [Humongous Reclaim: 0.0 ms]
      [Free CSet: 0.0 ms]
   [Eden: 46.0M(46.0M)->0.0B(19.0M) Survivors: 2048.0K->6144.0K Heap: 418.4M(512.0M)->378.9M(512.0M)]
 [Times: user=0.00 sys=0.00, real=0.00 secs] 
2021-01-23T20:33:14.845+0800: 0.597: [GC pause (G1 Evacuation Pause) (mixed), 0.0029132 secs]
   [Parallel Time: 2.1 ms, GC Workers: 8]
      [GC Worker Start (ms): Min: 597.4, Avg: 597.4, Max: 597.5, Diff: 0.1]
      [Ext Root Scanning (ms): Min: 0.1, Avg: 0.1, Max: 0.1, Diff: 0.1, Sum: 0.9]
      [Update RS (ms): Min: 0.1, Avg: 0.2, Max: 0.3, Diff: 0.2, Sum: 1.5]
         [Processed Buffers: Min: 0, Avg: 2.6, Max: 3, Diff: 3, Sum: 21]
      [Scan RS (ms): Min: 0.0, Avg: 0.0, Max: 0.0, Diff: 0.0, Sum: 0.1]
      [Code Root Scanning (ms): Min: 0.0, Avg: 0.0, Max: 0.0, Diff: 0.0, Sum: 0.0]
      [Object Copy (ms): Min: 1.4, Avg: 1.6, Max: 1.7, Diff: 0.2, Sum: 12.4]
      [Termination (ms): Min: 0.0, Avg: 0.1, Max: 0.1, Diff: 0.1, Sum: 0.8]
         [Termination Attempts: Min: 1, Avg: 1.0, Max: 1, Diff: 0, Sum: 8]
      [GC Worker Other (ms): Min: 0.0, Avg: 0.0, Max: 0.0, Diff: 0.0, Sum: 0.1]
      [GC Worker Total (ms): Min: 1.9, Avg: 2.0, Max: 2.0, Diff: 0.1, Sum: 15.8]
      [GC Worker End (ms): Min: 599.4, Avg: 599.4, Max: 599.4, Diff: 0.0]
   [Code Root Fixup: 0.0 ms]
   [Code Root Purge: 0.0 ms]
   [Clear CT: 0.1 ms]
   [Other: 0.7 ms]
      [Choose CSet: 0.0 ms]
      [Ref Proc: 0.2 ms]
      [Ref Enq: 0.0 ms]
      [Redirty Cards: 0.2 ms]
      [Humongous Register: 0.1 ms]
      [Humongous Reclaim: 0.0 ms]
      [Free CSet: 0.1 ms]
   [Eden: 19.0M(19.0M)->0.0B(21.0M) Survivors: 6144.0K->4096.0K Heap: 402.9M(512.0M)->339.6M(512.0M)]
 [Times: user=0.00 sys=0.00, real=0.00 secs] 
2021-01-23T20:33:14.851+0800: 0.603: [GC pause (G1 Evacuation Pause) (mixed), 0.0039090 secs]
   [Parallel Time: 3.2 ms, GC Workers: 8]
      [GC Worker Start (ms): Min: 603.2, Avg: 603.3, Max: 603.4, Diff: 0.2]
      [Ext Root Scanning (ms): Min: 0.0, Avg: 0.1, Max: 0.2, Diff: 0.2, Sum: 0.8]
      [Update RS (ms): Min: 0.2, Avg: 0.3, Max: 0.3, Diff: 0.0, Sum: 2.1]
         [Processed Buffers: Min: 0, Avg: 3.5, Max: 5, Diff: 5, Sum: 28]
      [Scan RS (ms): Min: 0.0, Avg: 0.0, Max: 0.0, Diff: 0.0, Sum: 0.2]
      [Code Root Scanning (ms): Min: 0.0, Avg: 0.0, Max: 0.0, Diff: 0.0, Sum: 0.0]
      [Object Copy (ms): Min: 2.6, Avg: 2.6, Max: 2.6, Diff: 0.1, Sum: 20.8]
      [Termination (ms): Min: 0.0, Avg: 0.1, Max: 0.1, Diff: 0.1, Sum: 0.6]
         [Termination Attempts: Min: 1, Avg: 1.0, Max: 1, Diff: 0, Sum: 8]
      [GC Worker Other (ms): Min: 0.0, Avg: 0.0, Max: 0.0, Diff: 0.0, Sum: 0.1]
      [GC Worker Total (ms): Min: 2.9, Avg: 3.1, Max: 3.1, Diff: 0.2, Sum: 24.5]
      [GC Worker End (ms): Min: 606.3, Avg: 606.4, Max: 606.4, Diff: 0.1]
   [Code Root Fixup: 0.0 ms]
   [Code Root Purge: 0.0 ms]
   [Clear CT: 0.1 ms]
   [Other: 0.5 ms]
      [Choose CSet: 0.0 ms]
      [Ref Proc: 0.1 ms]
      [Ref Enq: 0.0 ms]
      [Redirty Cards: 0.2 ms]
      [Humongous Register: 0.1 ms]
      [Humongous Reclaim: 0.0 ms]
      [Free CSet: 0.1 ms]
   [Eden: 21.0M(21.0M)->0.0B(21.0M) Survivors: 4096.0K->4096.0K Heap: 369.1M(512.0M)->311.4M(512.0M)]
 [Times: user=0.08 sys=0.01, real=0.00 secs] 
2021-01-23T20:33:14.859+0800: 0.611: [GC pause (G1 Evacuation Pause) (mixed), 0.0054717 secs]
   [Parallel Time: 4.6 ms, GC Workers: 8]
      [GC Worker Start (ms): Min: 611.3, Avg: 611.4, Max: 611.4, Diff: 0.1]
      [Ext Root Scanning (ms): Min: 0.1, Avg: 0.1, Max: 0.2, Diff: 0.1, Sum: 0.9]
      [Update RS (ms): Min: 0.3, Avg: 0.3, Max: 0.3, Diff: 0.1, Sum: 2.3]
         [Processed Buffers: Min: 0, Avg: 3.6, Max: 5, Diff: 5, Sum: 29]
      [Scan RS (ms): Min: 0.0, Avg: 0.0, Max: 0.1, Diff: 0.1, Sum: 0.3]
      [Code Root Scanning (ms): Min: 0.0, Avg: 0.0, Max: 0.0, Diff: 0.0, Sum: 0.0]
      [Object Copy (ms): Min: 3.9, Avg: 4.0, Max: 4.1, Diff: 0.2, Sum: 31.8]
      [Termination (ms): Min: 0.0, Avg: 0.1, Max: 0.2, Diff: 0.2, Sum: 0.6]
         [Termination Attempts: Min: 1, Avg: 1.0, Max: 1, Diff: 0, Sum: 8]
      [GC Worker Other (ms): Min: 0.0, Avg: 0.0, Max: 0.0, Diff: 0.0, Sum: 0.1]
      [GC Worker Total (ms): Min: 4.5, Avg: 4.5, Max: 4.5, Diff: 0.1, Sum: 36.1]
      [GC Worker End (ms): Min: 615.9, Avg: 615.9, Max: 615.9, Diff: 0.0]
   [Code Root Fixup: 0.0 ms]
   [Code Root Purge: 0.0 ms]
   [Clear CT: 0.2 ms]
   [Other: 0.7 ms]
      [Choose CSet: 0.0 ms]
      [Ref Proc: 0.2 ms]
      [Ref Enq: 0.0 ms]
      [Redirty Cards: 0.2 ms]
      [Humongous Register: 0.1 ms]
      [Humongous Reclaim: 0.0 ms]
      [Free CSet: 0.1 ms]
   [Eden: 21.0M(21.0M)->0.0B(21.0M) Survivors: 4096.0K->4096.0K Heap: 344.8M(512.0M)->292.3M(512.0M)]
 [Times: user=0.00 sys=0.00, real=0.01 secs] 
2021-01-23T20:33:14.871+0800: 0.623: [GC pause (G1 Evacuation Pause) (mixed), 0.0065762 secs]
   [Parallel Time: 4.6 ms, GC Workers: 8]
      [GC Worker Start (ms): Min: 623.1, Avg: 623.2, Max: 623.7, Diff: 0.6]
      [Ext Root Scanning (ms): Min: 0.0, Avg: 0.1, Max: 0.2, Diff: 0.2, Sum: 1.1]
      [Update RS (ms): Min: 0.0, Avg: 0.3, Max: 0.3, Diff: 0.3, Sum: 2.1]
         [Processed Buffers: Min: 0, Avg: 3.9, Max: 6, Diff: 6, Sum: 31]
      [Scan RS (ms): Min: 0.0, Avg: 0.0, Max: 0.0, Diff: 0.0, Sum: 0.1]
      [Code Root Scanning (ms): Min: 0.0, Avg: 0.0, Max: 0.0, Diff: 0.0, Sum: 0.0]
      [Object Copy (ms): Min: 3.6, Avg: 3.7, Max: 3.9, Diff: 0.2, Sum: 29.8]
      [Termination (ms): Min: 0.0, Avg: 0.2, Max: 0.3, Diff: 0.3, Sum: 1.6]
         [Termination Attempts: Min: 1, Avg: 1.0, Max: 1, Diff: 0, Sum: 8]
      [GC Worker Other (ms): Min: 0.0, Avg: 0.0, Max: 0.1, Diff: 0.0, Sum: 0.2]
      [GC Worker Total (ms): Min: 3.9, Avg: 4.4, Max: 4.5, Diff: 0.6, Sum: 34.9]
      [GC Worker End (ms): Min: 627.6, Avg: 627.6, Max: 627.6, Diff: 0.1]
   [Code Root Fixup: 0.0 ms]
   [Code Root Purge: 0.0 ms]
   [Clear CT: 0.1 ms]
   [Other: 1.8 ms]
      [Choose CSet: 0.0 ms]
      [Ref Proc: 0.2 ms]
      [Ref Enq: 0.0 ms]
      [Redirty Cards: 1.1 ms]
      [Humongous Register: 0.2 ms]
      [Humongous Reclaim: 0.0 ms]
      [Free CSet: 0.1 ms]
   [Eden: 21.0M(21.0M)->0.0B(92.0M) Survivors: 4096.0K->4096.0K Heap: 318.4M(512.0M)->294.2M(512.0M)]
 [Times: user=0.00 sys=0.00, real=0.01 secs] 
2021-01-23T20:33:14.878+0800: 0.630: [GC pause (G1 Humongous Allocation) (young) (initial-mark), 0.0014793 secs]
   [Parallel Time: 0.8 ms, GC Workers: 8]
      [GC Worker Start (ms): Min: 630.1, Avg: 630.1, Max: 630.2, Diff: 0.1]
      [Ext Root Scanning (ms): Min: 0.1, Avg: 0.1, Max: 0.1, Diff: 0.1, Sum: 0.9]
      [Update RS (ms): Min: 0.0, Avg: 0.1, Max: 0.1, Diff: 0.1, Sum: 0.6]
         [Processed Buffers: Min: 1, Avg: 1.3, Max: 2, Diff: 1, Sum: 10]
      [Scan RS (ms): Min: 0.0, Avg: 0.0, Max: 0.0, Diff: 0.0, Sum: 0.0]
      [Code Root Scanning (ms): Min: 0.0, Avg: 0.0, Max: 0.0, Diff: 0.0, Sum: 0.0]
      [Object Copy (ms): Min: 0.2, Avg: 0.3, Max: 0.4, Diff: 0.2, Sum: 2.6]
      [Termination (ms): Min: 0.0, Avg: 0.1, Max: 0.1, Diff: 0.1, Sum: 0.5]
         [Termination Attempts: Min: 1, Avg: 1.0, Max: 1, Diff: 0, Sum: 8]
      [GC Worker Other (ms): Min: 0.0, Avg: 0.0, Max: 0.0, Diff: 0.0, Sum: 0.1]
      [GC Worker Total (ms): Min: 0.6, Avg: 0.6, Max: 0.6, Diff: 0.1, Sum: 4.7]
      [GC Worker End (ms): Min: 630.7, Avg: 630.7, Max: 630.7, Diff: 0.0]
   [Code Root Fixup: 0.0 ms]
   [Code Root Purge: 0.0 ms]
   [Clear CT: 0.1 ms]
   [Other: 0.6 ms]
      [Choose CSet: 0.0 ms]
      [Ref Proc: 0.2 ms]
      [Ref Enq: 0.0 ms]
      [Redirty Cards: 0.2 ms]
      [Humongous Register: 0.1 ms]
      [Humongous Reclaim: 0.0 ms]
      [Free CSet: 0.0 ms]
   [Eden: 4096.0K(92.0M)->0.0B(90.0M) Survivors: 4096.0K->5120.0K Heap: 297.6M(512.0M)->294.4M(512.0M)]
 [Times: user=0.00 sys=0.00, real=0.00 secs] 
2021-01-23T20:33:14.879+0800: 0.632: [GC concurrent-root-region-scan-start]
2021-01-23T20:33:14.879+0800: 0.632: [GC concurrent-root-region-scan-end, 0.0001470 secs]
2021-01-23T20:33:14.879+0800: 0.632: [GC concurrent-mark-start]
2021-01-23T20:33:14.881+0800: 0.634: [GC concurrent-mark-end, 0.0018447 secs]
2021-01-23T20:33:14.881+0800: 0.634: [GC remark 2021-01-23T20:33:14.881+0800: 0.634: [Finalize Marking, 0.0001928 secs] 2021-01-23T20:33:14.882+0800: 0.634: [GC ref-proc, 0.0003911 secs] 2021-01-23T20:33:14.882+0800: 0.634: [Unloading, 0.0005251 secs], 0.0015810 secs]
 [Times: user=0.01 sys=0.00, real=0.00 secs] 
2021-01-23T20:33:14.883+0800: 0.636: [GC cleanup 312M->312M(512M), 0.0006303 secs]
 [Times: user=0.00 sys=0.00, real=0.00 secs] 
2021-01-23T20:33:14.896+0800: 0.648: [GC pause (G1 Evacuation Pause) (young), 0.0045275 secs]
   [Parallel Time: 3.5 ms, GC Workers: 8]
      [GC Worker Start (ms): Min: 648.2, Avg: 648.2, Max: 648.3, Diff: 0.1]
      [Ext Root Scanning (ms): Min: 0.1, Avg: 0.1, Max: 0.1, Diff: 0.1, Sum: 0.8]
      [Update RS (ms): Min: 0.2, Avg: 0.2, Max: 0.3, Diff: 0.1, Sum: 1.8]
         [Processed Buffers: Min: 0, Avg: 3.5, Max: 4, Diff: 4, Sum: 28]
      [Scan RS (ms): Min: 0.0, Avg: 0.0, Max: 0.0, Diff: 0.0, Sum: 0.1]
      [Code Root Scanning (ms): Min: 0.0, Avg: 0.0, Max: 0.0, Diff: 0.0, Sum: 0.0]
      [Object Copy (ms): Min: 2.8, Avg: 2.9, Max: 3.0, Diff: 0.1, Sum: 23.1]
      [Termination (ms): Min: 0.0, Avg: 0.1, Max: 0.1, Diff: 0.1, Sum: 0.7]
         [Termination Attempts: Min: 1, Avg: 1.8, Max: 3, Diff: 2, Sum: 14]
      [GC Worker Other (ms): Min: 0.0, Avg: 0.0, Max: 0.0, Diff: 0.0, Sum: 0.1]
      [GC Worker Total (ms): Min: 3.3, Avg: 3.3, Max: 3.4, Diff: 0.1, Sum: 26.6]
      [GC Worker End (ms): Min: 651.5, Avg: 651.5, Max: 651.6, Diff: 0.0]
   [Code Root Fixup: 0.0 ms]
   [Code Root Purge: 0.0 ms]
   [Clear CT: 0.1 ms]
   [Other: 0.9 ms]
      [Choose CSet: 0.0 ms]
      [Ref Proc: 0.1 ms]
      [Ref Enq: 0.0 ms]
      [Redirty Cards: 0.1 ms]
      [Humongous Register: 0.1 ms]
      [Humongous Reclaim: 0.2 ms]
      [Free CSet: 0.3 ms]
   [Eden: 90.0M(90.0M)->0.0B(13.0M) Survivors: 5120.0K->12.0M Heap: 410.0M(512.0M)->323.0M(512.0M)]
 [Times: user=0.13 sys=0.00, real=0.01 secs] 
2021-01-23T20:33:14.905+0800: 0.657: [GC pause (G1 Evacuation Pause) (mixed), 0.0071039 secs]
   [Parallel Time: 6.1 ms, GC Workers: 8]
      [GC Worker Start (ms): Min: 656.8, Avg: 657.0, Max: 657.3, Diff: 0.5]
      [Ext Root Scanning (ms): Min: 0.0, Avg: 0.1, Max: 0.2, Diff: 0.2, Sum: 0.7]
      [Update RS (ms): Min: 0.0, Avg: 0.2, Max: 0.3, Diff: 0.3, Sum: 1.7]
         [Processed Buffers: Min: 0, Avg: 3.8, Max: 5, Diff: 5, Sum: 30]
      [Scan RS (ms): Min: 0.0, Avg: 0.0, Max: 0.1, Diff: 0.1, Sum: 0.2]
      [Code Root Scanning (ms): Min: 0.0, Avg: 0.0, Max: 0.0, Diff: 0.0, Sum: 0.0]
      [Object Copy (ms): Min: 5.4, Avg: 5.5, Max: 5.5, Diff: 0.2, Sum: 43.6]
      [Termination (ms): Min: 0.0, Avg: 0.1, Max: 0.1, Diff: 0.1, Sum: 0.7]
         [Termination Attempts: Min: 1, Avg: 1.0, Max: 1, Diff: 0, Sum: 8]
      [GC Worker Other (ms): Min: 0.0, Avg: 0.0, Max: 0.0, Diff: 0.0, Sum: 0.1]
      [GC Worker Total (ms): Min: 5.5, Avg: 5.9, Max: 6.1, Diff: 0.5, Sum: 47.0]
      [GC Worker End (ms): Min: 662.8, Avg: 662.8, Max: 662.9, Diff: 0.1]
   [Code Root Fixup: 0.0 ms]
   [Code Root Purge: 0.0 ms]
   [Clear CT: 0.1 ms]
   [Other: 0.8 ms]
      [Choose CSet: 0.0 ms]
      [Ref Proc: 0.4 ms]
      [Ref Enq: 0.0 ms]
      [Redirty Cards: 0.1 ms]
      [Humongous Register: 0.1 ms]
      [Humongous Reclaim: 0.0 ms]
      [Free CSet: 0.1 ms]
   [Eden: 13.0M(13.0M)->0.0B(84.0M) Survivors: 12.0M->4096.0K Heap: 338.5M(512.0M)->301.1M(512.0M)]
 [Times: user=0.00 sys=0.00, real=0.01 secs] 
2021-01-23T20:33:14.913+0800: 0.664: [GC pause (G1 Humongous Allocation) (young) (initial-mark), 0.0017232 secs]
   [Parallel Time: 1.3 ms, GC Workers: 8]
      [GC Worker Start (ms): Min: 664.5, Avg: 664.7, Max: 665.0, Diff: 0.4]
      [Ext Root Scanning (ms): Min: 0.0, Avg: 0.4, Max: 0.6, Diff: 0.6, Sum: 3.3]
      [Update RS (ms): Min: 0.0, Avg: 0.2, Max: 0.5, Diff: 0.5, Sum: 1.7]
         [Processed Buffers: Min: 0, Avg: 1.1, Max: 2, Diff: 2, Sum: 9]
      [Scan RS (ms): Min: 0.0, Avg: 0.0, Max: 0.0, Diff: 0.0, Sum: 0.0]
      [Code Root Scanning (ms): Min: 0.0, Avg: 0.0, Max: 0.0, Diff: 0.0, Sum: 0.0]
      [Object Copy (ms): Min: 0.1, Avg: 0.4, Max: 0.5, Diff: 0.4, Sum: 2.9]
      [Termination (ms): Min: 0.0, Avg: 0.1, Max: 0.1, Diff: 0.1, Sum: 0.5]
         [Termination Attempts: Min: 1, Avg: 1.0, Max: 1, Diff: 0, Sum: 8]
      [GC Worker Other (ms): Min: 0.0, Avg: 0.0, Max: 0.0, Diff: 0.0, Sum: 0.1]
      [GC Worker Total (ms): Min: 0.7, Avg: 1.1, Max: 1.2, Diff: 0.5, Sum: 8.4]
      [GC Worker End (ms): Min: 665.7, Avg: 665.7, Max: 665.7, Diff: 0.0]
   [Code Root Fixup: 0.0 ms]
   [Code Root Purge: 0.0 ms]
   [Clear CT: 0.1 ms]
   [Other: 0.4 ms]
      [Choose CSet: 0.0 ms]
      [Ref Proc: 0.1 ms]
      [Ref Enq: 0.0 ms]
      [Redirty Cards: 0.1 ms]
      [Humongous Register: 0.1 ms]
      [Humongous Reclaim: 0.0 ms]
      [Free CSet: 0.0 ms]
   [Eden: 3072.0K(84.0M)->0.0B(85.0M) Survivors: 4096.0K->4096.0K Heap: 304.0M(512.0M)->301.3M(512.0M)]
 [Times: user=0.00 sys=0.00, real=0.00 secs] 
2021-01-23T20:33:14.915+0800: 0.666: [GC concurrent-root-region-scan-start]
2021-01-23T20:33:14.915+0800: 0.667: [GC concurrent-root-region-scan-end, 0.0003380 secs]
2021-01-23T20:33:14.915+0800: 0.667: [GC concurrent-mark-start]
2021-01-23T20:33:14.917+0800: 0.669: [GC concurrent-mark-end, 0.0020865 secs]
2021-01-23T20:33:14.917+0800: 0.669: [GC remark 2021-01-23T20:33:14.917+0800: 0.669: [Finalize Marking, 0.0001385 secs] 2021-01-23T20:33:14.917+0800: 0.669: [GC ref-proc, 0.0004190 secs] 2021-01-23T20:33:14.918+0800: 0.669: [Unloading, 0.0004496 secs], 0.0015424 secs]
 [Times: user=0.00 sys=0.00, real=0.00 secs] 
2021-01-23T20:33:14.919+0800: 0.670: [GC cleanup 318M->318M(512M), 0.0005466 secs]
 [Times: user=0.00 sys=0.00, real=0.00 secs] 
2021-01-23T20:33:14.930+0800: 0.683: [GC pause (G1 Evacuation Pause) (young), 0.0040382 secs]
   [Parallel Time: 3.4 ms, GC Workers: 8]
      [GC Worker Start (ms): Min: 682.7, Avg: 682.8, Max: 682.8, Diff: 0.1]
      [Ext Root Scanning (ms): Min: 0.1, Avg: 0.1, Max: 0.2, Diff: 0.1, Sum: 0.9]
      [Update RS (ms): Min: 0.2, Avg: 0.3, Max: 0.3, Diff: 0.1, Sum: 2.0]
         [Processed Buffers: Min: 1, Avg: 4.1, Max: 5, Diff: 4, Sum: 33]
      [Scan RS (ms): Min: 0.0, Avg: 0.0, Max: 0.0, Diff: 0.0, Sum: 0.0]
      [Code Root Scanning (ms): Min: 0.0, Avg: 0.0, Max: 0.0, Diff: 0.0, Sum: 0.0]
      [Object Copy (ms): Min: 2.7, Avg: 2.8, Max: 2.9, Diff: 0.2, Sum: 22.6]
      [Termination (ms): Min: 0.0, Avg: 0.1, Max: 0.2, Diff: 0.2, Sum: 0.7]
         [Termination Attempts: Min: 1, Avg: 1.8, Max: 3, Diff: 2, Sum: 14]
      [GC Worker Other (ms): Min: 0.0, Avg: 0.0, Max: 0.0, Diff: 0.0, Sum: 0.1]
      [GC Worker Total (ms): Min: 3.3, Avg: 3.3, Max: 3.3, Diff: 0.1, Sum: 26.4]
      [GC Worker End (ms): Min: 686.1, Avg: 686.1, Max: 686.1, Diff: 0.0]
   [Code Root Fixup: 0.0 ms]
   [Code Root Purge: 0.0 ms]
   [Clear CT: 0.1 ms]
   [Other: 0.5 ms]
      [Choose CSet: 0.0 ms]
      [Ref Proc: 0.1 ms]
      [Ref Enq: 0.0 ms]
      [Redirty Cards: 0.1 ms]
      [Humongous Register: 0.1 ms]
      [Humongous Reclaim: 0.1 ms]
      [Free CSet: 0.0 ms]
   [Eden: 85.0M(85.0M)->0.0B(13.0M) Survivors: 4096.0K->12.0M Heap: 403.8M(512.0M)->326.7M(512.0M)]
 [Times: user=0.00 sys=0.00, real=0.03 secs] 
2021-01-23T20:33:14.964+0800: 0.716: [GC pause (G1 Evacuation Pause) (mixed), 0.0051218 secs]
   [Parallel Time: 4.0 ms, GC Workers: 8]
      [GC Worker Start (ms): Min: 716.5, Avg: 716.5, Max: 716.6, Diff: 0.2]
      [Ext Root Scanning (ms): Min: 0.0, Avg: 0.1, Max: 0.2, Diff: 0.2, Sum: 1.0]
      [Update RS (ms): Min: 0.1, Avg: 0.2, Max: 0.4, Diff: 0.3, Sum: 1.3]
         [Processed Buffers: Min: 0, Avg: 2.0, Max: 3, Diff: 3, Sum: 16]
      [Scan RS (ms): Min: 0.0, Avg: 0.0, Max: 0.1, Diff: 0.1, Sum: 0.3]
      [Code Root Scanning (ms): Min: 0.0, Avg: 0.0, Max: 0.0, Diff: 0.0, Sum: 0.0]
      [Object Copy (ms): Min: 3.2, Avg: 3.4, Max: 3.5, Diff: 0.3, Sum: 27.5]
      [Termination (ms): Min: 0.0, Avg: 0.1, Max: 0.1, Diff: 0.1, Sum: 0.6]
         [Termination Attempts: Min: 1, Avg: 1.5, Max: 4, Diff: 3, Sum: 12]
      [GC Worker Other (ms): Min: 0.0, Avg: 0.0, Max: 0.0, Diff: 0.0, Sum: 0.1]
      [GC Worker Total (ms): Min: 3.7, Avg: 3.8, Max: 3.9, Diff: 0.2, Sum: 30.7]
      [GC Worker End (ms): Min: 720.3, Avg: 720.3, Max: 720.4, Diff: 0.1]
   [Code Root Fixup: 0.0 ms]
   [Code Root Purge: 0.0 ms]
   [Clear CT: 0.1 ms]
   [Other: 1.0 ms]
      [Choose CSet: 0.0 ms]
      [Ref Proc: 0.2 ms]
      [Ref Enq: 0.0 ms]
      [Redirty Cards: 0.2 ms]
      [Humongous Register: 0.1 ms]
      [Humongous Reclaim: 0.1 ms]
      [Free CSet: 0.3 ms]
   [Eden: 13.0M(13.0M)->0.0B(80.0M) Survivors: 12.0M->4096.0K Heap: 340.5M(512.0M)->308.4M(512.0M)]
 [Times: user=0.00 sys=0.00, real=0.01 secs] 
2021-01-23T20:33:14.971+0800: 0.723: [GC pause (G1 Humongous Allocation) (young) (initial-mark), 0.0018651 secs]
   [Parallel Time: 1.3 ms, GC Workers: 8]
      [GC Worker Start (ms): Min: 723.4, Avg: 723.5, Max: 723.8, Diff: 0.5]
      [Ext Root Scanning (ms): Min: 0.0, Avg: 0.7, Max: 1.2, Diff: 1.2, Sum: 5.8]
      [Update RS (ms): Min: 0.0, Avg: 0.1, Max: 0.2, Diff: 0.2, Sum: 0.6]
         [Processed Buffers: Min: 0, Avg: 1.1, Max: 4, Diff: 4, Sum: 9]
      [Scan RS (ms): Min: 0.0, Avg: 0.0, Max: 0.0, Diff: 0.0, Sum: 0.0]
      [Code Root Scanning (ms): Min: 0.0, Avg: 0.0, Max: 0.0, Diff: 0.0, Sum: 0.0]
      [Object Copy (ms): Min: 0.0, Avg: 0.2, Max: 0.5, Diff: 0.5, Sum: 1.7]
      [Termination (ms): Min: 0.0, Avg: 0.1, Max: 0.2, Diff: 0.2, Sum: 0.7]
         [Termination Attempts: Min: 1, Avg: 1.0, Max: 1, Diff: 0, Sum: 8]
      [GC Worker Other (ms): Min: 0.0, Avg: 0.0, Max: 0.0, Diff: 0.0, Sum: 0.1]
      [GC Worker Total (ms): Min: 0.7, Avg: 1.1, Max: 1.2, Diff: 0.4, Sum: 8.8]
      [GC Worker End (ms): Min: 724.6, Avg: 724.6, Max: 724.6, Diff: 0.0]
   [Code Root Fixup: 0.0 ms]
   [Code Root Purge: 0.0 ms]
   [Clear CT: 0.1 ms]
   [Other: 0.5 ms]
      [Choose CSet: 0.0 ms]
      [Ref Proc: 0.1 ms]
      [Ref Enq: 0.0 ms]
      [Redirty Cards: 0.1 ms]
      [Humongous Register: 0.2 ms]
      [Humongous Reclaim: 0.0 ms]
      [Free CSet: 0.0 ms]
   [Eden: 6144.0K(80.0M)->0.0B(83.0M) Survivors: 4096.0K->5120.0K Heap: 313.7M(512.0M)->308.0M(512.0M)]
 [Times: user=0.00 sys=0.00, real=0.00 secs] 
2021-01-23T20:33:14.973+0800: 0.725: [GC concurrent-root-region-scan-start]
2021-01-23T20:33:14.973+0800: 0.725: [GC concurrent-root-region-scan-end, 0.0001159 secs]
2021-01-23T20:33:14.973+0800: 0.725: [GC concurrent-mark-start]
2021-01-23T20:33:14.976+0800: 0.728: [GC concurrent-mark-end, 0.0029747 secs]
2021-01-23T20:33:14.976+0800: 0.728: [GC remark 2021-01-23T20:33:14.976+0800: 0.728: [Finalize Marking, 0.0001840 secs] 2021-01-23T20:33:14.976+0800: 0.729: [GC ref-proc, 0.0008888 secs] 2021-01-23T20:33:14.977+0800: 0.730: [Unloading, 0.0009415 secs], 0.0027469 secs]
 [Times: user=0.00 sys=0.02, real=0.00 secs] 
2021-01-23T20:33:14.979+0800: 0.731: [GC cleanup 326M->325M(512M), 0.0015607 secs]
 [Times: user=0.00 sys=0.00, real=0.00 secs] 
2021-01-23T20:33:14.981+0800: 0.733: [GC concurrent-cleanup-start]
2021-01-23T20:33:14.981+0800: 0.733: [GC concurrent-cleanup-end, 0.0000142 secs]
2021-01-23T20:33:14.993+0800: 0.745: [GC pause (G1 Evacuation Pause) (young), 0.0044548 secs]
   [Parallel Time: 3.7 ms, GC Workers: 8]
      [GC Worker Start (ms): Min: 745.1, Avg: 745.1, Max: 745.2, Diff: 0.1]
      [Ext Root Scanning (ms): Min: 0.1, Avg: 0.1, Max: 0.1, Diff: 0.1, Sum: 0.9]
      [Update RS (ms): Min: 0.3, Avg: 0.4, Max: 0.4, Diff: 0.0, Sum: 2.9]
         [Processed Buffers: Min: 2, Avg: 5.6, Max: 8, Diff: 6, Sum: 45]
      [Scan RS (ms): Min: 0.0, Avg: 0.0, Max: 0.0, Diff: 0.0, Sum: 0.1]
      [Code Root Scanning (ms): Min: 0.0, Avg: 0.0, Max: 0.0, Diff: 0.0, Sum: 0.0]
      [Object Copy (ms): Min: 3.0, Avg: 3.0, Max: 3.1, Diff: 0.1, Sum: 24.3]
      [Termination (ms): Min: 0.0, Avg: 0.1, Max: 0.1, Diff: 0.1, Sum: 0.6]
         [Termination Attempts: Min: 1, Avg: 1.8, Max: 3, Diff: 2, Sum: 14]
      [GC Worker Other (ms): Min: 0.0, Avg: 0.0, Max: 0.0, Diff: 0.0, Sum: 0.1]
      [GC Worker Total (ms): Min: 3.6, Avg: 3.6, Max: 3.6, Diff: 0.1, Sum: 28.8]
      [GC Worker End (ms): Min: 748.7, Avg: 748.7, Max: 748.7, Diff: 0.0]
   [Code Root Fixup: 0.0 ms]
   [Code Root Purge: 0.0 ms]
   [Clear CT: 0.1 ms]
   [Other: 0.7 ms]
      [Choose CSet: 0.0 ms]
      [Ref Proc: 0.1 ms]
      [Ref Enq: 0.0 ms]
      [Redirty Cards: 0.3 ms]
      [Humongous Register: 0.1 ms]
      [Humongous Reclaim: 0.1 ms]
      [Free CSet: 0.1 ms]
   [Eden: 83.0M(83.0M)->0.0B(14.0M) Survivors: 5120.0K->11.0M Heap: 411.2M(512.0M)->338.4M(512.0M)]
 [Times: user=0.00 sys=0.00, real=0.00 secs] 
2021-01-23T20:33:14.999+0800: 0.751: [GC pause (G1 Evacuation Pause) (mixed), 0.0043051 secs]
   [Parallel Time: 3.7 ms, GC Workers: 8]
      [GC Worker Start (ms): Min: 751.2, Avg: 751.2, Max: 751.3, Diff: 0.1]
      [Ext Root Scanning (ms): Min: 0.1, Avg: 0.1, Max: 0.1, Diff: 0.1, Sum: 0.8]
      [Update RS (ms): Min: 0.2, Avg: 0.3, Max: 0.3, Diff: 0.1, Sum: 2.1]
         [Processed Buffers: Min: 4, Avg: 4.9, Max: 6, Diff: 2, Sum: 39]
      [Scan RS (ms): Min: 0.0, Avg: 0.0, Max: 0.0, Diff: 0.0, Sum: 0.2]
      [Code Root Scanning (ms): Min: 0.0, Avg: 0.0, Max: 0.0, Diff: 0.0, Sum: 0.0]
      [Object Copy (ms): Min: 3.1, Avg: 3.2, Max: 3.2, Diff: 0.1, Sum: 25.3]
      [Termination (ms): Min: 0.0, Avg: 0.0, Max: 0.1, Diff: 0.1, Sum: 0.3]
         [Termination Attempts: Min: 1, Avg: 1.0, Max: 1, Diff: 0, Sum: 8]
      [GC Worker Other (ms): Min: 0.0, Avg: 0.0, Max: 0.0, Diff: 0.0, Sum: 0.1]
      [GC Worker Total (ms): Min: 3.6, Avg: 3.6, Max: 3.6, Diff: 0.1, Sum: 28.8]
      [GC Worker End (ms): Min: 754.8, Avg: 754.8, Max: 754.8, Diff: 0.0]
   [Code Root Fixup: 0.0 ms]
   [Code Root Purge: 0.0 ms]
   [Clear CT: 0.1 ms]
   [Other: 0.5 ms]
      [Choose CSet: 0.0 ms]
      [Ref Proc: 0.1 ms]
      [Ref Enq: 0.0 ms]
      [Redirty Cards: 0.1 ms]
      [Humongous Register: 0.1 ms]
      [Humongous Reclaim: 0.0 ms]
      [Free CSet: 0.0 ms]
   [Eden: 14.0M(14.0M)->0.0B(66.0M) Survivors: 11.0M->4096.0K Heap: 356.1M(512.0M)->326.9M(512.0M)]
 [Times: user=0.00 sys=0.00, real=0.00 secs] 
2021-01-23T20:33:15.004+0800: 0.756: [GC pause (G1 Humongous Allocation) (young) (initial-mark), 0.0012302 secs]
   [Parallel Time: 0.8 ms, GC Workers: 8]
      [GC Worker Start (ms): Min: 756.4, Avg: 756.4, Max: 756.5, Diff: 0.1]
      [Ext Root Scanning (ms): Min: 0.0, Avg: 0.1, Max: 0.2, Diff: 0.2, Sum: 1.0]
      [Update RS (ms): Min: 0.0, Avg: 0.1, Max: 0.1, Diff: 0.1, Sum: 0.6]
         [Processed Buffers: Min: 1, Avg: 1.1, Max: 2, Diff: 1, Sum: 9]
      [Scan RS (ms): Min: 0.0, Avg: 0.0, Max: 0.0, Diff: 0.0, Sum: 0.0]
      [Code Root Scanning (ms): Min: 0.0, Avg: 0.0, Max: 0.0, Diff: 0.0, Sum: 0.0]
      [Object Copy (ms): Min: 0.4, Avg: 0.4, Max: 0.5, Diff: 0.1, Sum: 3.3]
      [Termination (ms): Min: 0.0, Avg: 0.1, Max: 0.1, Diff: 0.1, Sum: 0.4]
         [Termination Attempts: Min: 1, Avg: 1.1, Max: 2, Diff: 1, Sum: 9]
      [GC Worker Other (ms): Min: 0.0, Avg: 0.0, Max: 0.0, Diff: 0.0, Sum: 0.1]
      [GC Worker Total (ms): Min: 0.6, Avg: 0.7, Max: 0.7, Diff: 0.1, Sum: 5.5]
      [GC Worker End (ms): Min: 757.1, Avg: 757.1, Max: 757.1, Diff: 0.0]
   [Code Root Fixup: 0.0 ms]
   [Code Root Purge: 0.0 ms]
   [Clear CT: 0.1 ms]
   [Other: 0.4 ms]
      [Choose CSet: 0.0 ms]
      [Ref Proc: 0.1 ms]
      [Ref Enq: 0.0 ms]
      [Redirty Cards: 0.1 ms]
      [Humongous Register: 0.1 ms]
      [Humongous Reclaim: 0.0 ms]
      [Free CSet: 0.0 ms]
   [Eden: 6144.0K(66.0M)->0.0B(60.0M) Survivors: 4096.0K->6144.0K Heap: 332.8M(512.0M)->327.8M(512.0M)]
 [Times: user=0.00 sys=0.00, real=0.00 secs] 
2021-01-23T20:33:15.005+0800: 0.758: [GC concurrent-root-region-scan-start]
2021-01-23T20:33:15.005+0800: 0.758: [GC concurrent-root-region-scan-end, 0.0000911 secs]
2021-01-23T20:33:15.005+0800: 0.758: [GC concurrent-mark-start]
2021-01-23T20:33:15.007+0800: 0.760: [GC concurrent-mark-end, 0.0018718 secs]
2021-01-23T20:33:15.007+0800: 0.760: [GC remark 2021-01-23T20:33:15.007+0800: 0.760: [Finalize Marking, 0.0001530 secs] 2021-01-23T20:33:15.007+0800: 0.760: [GC ref-proc, 0.0004017 secs] 2021-01-23T20:33:15.008+0800: 0.760: [Unloading, 0.0008618 secs], 0.0019831 secs]
 [Times: user=0.00 sys=0.01, real=0.00 secs] 
2021-01-23T20:33:15.009+0800: 0.762: [GC cleanup 345M->345M(512M), 0.0006679 secs]
 [Times: user=0.00 sys=0.00, real=0.00 secs] 
2021-01-23T20:33:15.023+0800: 0.775: [GC pause (G1 Evacuation Pause) (young), 0.0032692 secs]
   [Parallel Time: 2.7 ms, GC Workers: 8]
      [GC Worker Start (ms): Min: 775.5, Avg: 775.5, Max: 775.6, Diff: 0.1]
      [Ext Root Scanning (ms): Min: 0.0, Avg: 0.1, Max: 0.1, Diff: 0.1, Sum: 0.8]
      [Update RS (ms): Min: 0.3, Avg: 0.3, Max: 0.3, Diff: 0.0, Sum: 2.6]
         [Processed Buffers: Min: 1, Avg: 5.1, Max: 6, Diff: 5, Sum: 41]
      [Scan RS (ms): Min: 0.0, Avg: 0.0, Max: 0.0, Diff: 0.0, Sum: 0.0]
      [Code Root Scanning (ms): Min: 0.0, Avg: 0.0, Max: 0.0, Diff: 0.0, Sum: 0.0]
      [Object Copy (ms): Min: 1.9, Avg: 2.0, Max: 2.1, Diff: 0.2, Sum: 16.0]
      [Termination (ms): Min: 0.0, Avg: 0.1, Max: 0.2, Diff: 0.2, Sum: 0.7]
         [Termination Attempts: Min: 1, Avg: 1.6, Max: 2, Diff: 1, Sum: 13]
      [GC Worker Other (ms): Min: 0.0, Avg: 0.0, Max: 0.0, Diff: 0.0, Sum: 0.1]
      [GC Worker Total (ms): Min: 2.5, Avg: 2.5, Max: 2.6, Diff: 0.1, Sum: 20.2]
      [GC Worker End (ms): Min: 778.0, Avg: 778.0, Max: 778.0, Diff: 0.0]
   [Code Root Fixup: 0.0 ms]
   [Code Root Purge: 0.0 ms]
   [Clear CT: 0.1 ms]
   [Other: 0.5 ms]
      [Choose CSet: 0.0 ms]
      [Ref Proc: 0.1 ms]
      [Ref Enq: 0.0 ms]
      [Redirty Cards: 0.1 ms]
      [Humongous Register: 0.1 ms]
      [Humongous Reclaim: 0.0 ms]
      [Free CSet: 0.1 ms]
   [Eden: 60.0M(60.0M)->0.0B(16.0M) Survivors: 6144.0K->9216.0K Heap: 407.0M(512.0M)->348.8M(512.0M)]
 [Times: user=0.11 sys=0.00, real=0.00 secs] 
2021-01-23T20:33:15.029+0800: 0.781: [GC pause (G1 Evacuation Pause) (mixed), 0.0063223 secs]
   [Parallel Time: 5.4 ms, GC Workers: 8]
      [GC Worker Start (ms): Min: 781.3, Avg: 781.4, Max: 781.7, Diff: 0.3]
      [Ext Root Scanning (ms): Min: 0.0, Avg: 0.1, Max: 0.1, Diff: 0.1, Sum: 0.8]
      [Update RS (ms): Min: 0.3, Avg: 0.4, Max: 0.5, Diff: 0.2, Sum: 3.4]
         [Processed Buffers: Min: 3, Avg: 7.0, Max: 9, Diff: 6, Sum: 56]
      [Scan RS (ms): Min: 0.0, Avg: 0.0, Max: 0.1, Diff: 0.0, Sum: 0.2]
      [Code Root Scanning (ms): Min: 0.0, Avg: 0.0, Max: 0.0, Diff: 0.0, Sum: 0.0]
      [Object Copy (ms): Min: 4.6, Avg: 4.6, Max: 4.7, Diff: 0.1, Sum: 36.8]
      [Termination (ms): Min: 0.0, Avg: 0.1, Max: 0.1, Diff: 0.1, Sum: 0.7]
         [Termination Attempts: Min: 1, Avg: 1.0, Max: 1, Diff: 0, Sum: 8]
      [GC Worker Other (ms): Min: 0.0, Avg: 0.0, Max: 0.0, Diff: 0.0, Sum: 0.1]
      [GC Worker Total (ms): Min: 5.0, Avg: 5.3, Max: 5.3, Diff: 0.3, Sum: 42.0]
      [GC Worker End (ms): Min: 786.6, Avg: 786.7, Max: 786.7, Diff: 0.0]
   [Code Root Fixup: 0.0 ms]
   [Code Root Purge: 0.0 ms]
   [Clear CT: 0.1 ms]
   [Other: 0.8 ms]
      [Choose CSet: 0.0 ms]
      [Ref Proc: 0.3 ms]
      [Ref Enq: 0.0 ms]
      [Redirty Cards: 0.2 ms]
      [Humongous Register: 0.1 ms]
      [Humongous Reclaim: 0.1 ms]
      [Free CSet: 0.1 ms]
   [Eden: 16.0M(16.0M)->0.0B(21.0M) Survivors: 9216.0K->4096.0K Heap: 373.5M(512.0M)->334.1M(512.0M)]
 [Times: user=0.00 sys=0.00, real=0.01 secs] 
2021-01-23T20:33:15.039+0800: 0.791: [GC pause (G1 Evacuation Pause) (mixed), 0.0025102 secs]
   [Parallel Time: 1.9 ms, GC Workers: 8]
      [GC Worker Start (ms): Min: 790.9, Avg: 791.0, Max: 791.1, Diff: 0.2]
      [Ext Root Scanning (ms): Min: 0.0, Avg: 0.1, Max: 0.1, Diff: 0.1, Sum: 0.8]
      [Update RS (ms): Min: 0.5, Avg: 0.5, Max: 0.5, Diff: 0.0, Sum: 3.8]
         [Processed Buffers: Min: 6, Avg: 7.6, Max: 8, Diff: 2, Sum: 61]
      [Scan RS (ms): Min: 0.0, Avg: 0.0, Max: 0.0, Diff: 0.0, Sum: 0.1]
      [Code Root Scanning (ms): Min: 0.0, Avg: 0.0, Max: 0.0, Diff: 0.0, Sum: 0.0]
      [Object Copy (ms): Min: 1.0, Avg: 1.0, Max: 1.1, Diff: 0.1, Sum: 8.4]
      [Termination (ms): Min: 0.0, Avg: 0.1, Max: 0.1, Diff: 0.1, Sum: 0.8]
         [Termination Attempts: Min: 1, Avg: 1.4, Max: 3, Diff: 2, Sum: 11]
      [GC Worker Other (ms): Min: 0.0, Avg: 0.0, Max: 0.0, Diff: 0.0, Sum: 0.1]
      [GC Worker Total (ms): Min: 1.6, Avg: 1.7, Max: 1.8, Diff: 0.1, Sum: 13.8]
      [GC Worker End (ms): Min: 792.7, Avg: 792.7, Max: 792.7, Diff: 0.0]
   [Code Root Fixup: 0.0 ms]
   [Code Root Purge: 0.0 ms]
   [Clear CT: 0.1 ms]
   [Other: 0.5 ms]
      [Choose CSet: 0.0 ms]
      [Ref Proc: 0.2 ms]
      [Ref Enq: 0.0 ms]
      [Redirty Cards: 0.1 ms]
      [Humongous Register: 0.1 ms]
      [Humongous Reclaim: 0.0 ms]
      [Free CSet: 0.0 ms]
   [Eden: 21.0M(21.0M)->0.0B(49.0M) Survivors: 4096.0K->4096.0K Heap: 361.5M(512.0M)->341.2M(512.0M)]
 [Times: user=0.13 sys=0.00, real=0.00 secs] 
2021-01-23T20:33:15.042+0800: 0.795: [GC pause (G1 Humongous Allocation) (young) (initial-mark), 0.0018593 secs]
   [Parallel Time: 1.0 ms, GC Workers: 8]
      [GC Worker Start (ms): Min: 794.8, Avg: 794.9, Max: 794.9, Diff: 0.1]
      [Ext Root Scanning (ms): Min: 0.1, Avg: 0.1, Max: 0.1, Diff: 0.1, Sum: 0.9]
      [Update RS (ms): Min: 0.0, Avg: 0.1, Max: 0.1, Diff: 0.1, Sum: 0.4]
         [Processed Buffers: Min: 1, Avg: 1.3, Max: 2, Diff: 1, Sum: 10]
      [Scan RS (ms): Min: 0.0, Avg: 0.0, Max: 0.0, Diff: 0.0, Sum: 0.0]
      [Code Root Scanning (ms): Min: 0.0, Avg: 0.0, Max: 0.0, Diff: 0.0, Sum: 0.0]
      [Object Copy (ms): Min: 0.5, Avg: 0.6, Max: 0.7, Diff: 0.2, Sum: 5.1]
      [Termination (ms): Min: 0.0, Avg: 0.1, Max: 0.1, Diff: 0.1, Sum: 0.5]
         [Termination Attempts: Min: 1, Avg: 1.0, Max: 1, Diff: 0, Sum: 8]
      [GC Worker Other (ms): Min: 0.0, Avg: 0.0, Max: 0.0, Diff: 0.0, Sum: 0.1]
      [GC Worker Total (ms): Min: 0.8, Avg: 0.9, Max: 0.9, Diff: 0.1, Sum: 7.1]
      [GC Worker End (ms): Min: 795.8, Avg: 795.8, Max: 795.8, Diff: 0.0]
   [Code Root Fixup: 0.0 ms]
   [Code Root Purge: 0.0 ms]
   [Clear CT: 0.2 ms]
   [Other: 0.6 ms]
      [Choose CSet: 0.0 ms]
      [Ref Proc: 0.2 ms]
      [Ref Enq: 0.0 ms]
      [Redirty Cards: 0.1 ms]
      [Humongous Register: 0.1 ms]
      [Humongous Reclaim: 0.1 ms]
      [Free CSet: 0.1 ms]
   [Eden: 9216.0K(49.0M)->0.0B(48.0M) Survivors: 4096.0K->4096.0K Heap: 349.8M(512.0M)->343.9M(512.0M)]
 [Times: user=0.00 sys=0.00, real=0.00 secs] 
2021-01-23T20:33:15.044+0800: 0.797: [GC concurrent-root-region-scan-start]
2021-01-23T20:33:15.044+0800: 0.797: [GC concurrent-root-region-scan-end, 0.0001245 secs]
2021-01-23T20:33:15.044+0800: 0.797: [GC concurrent-mark-start]
2021-01-23T20:33:15.048+0800: 0.801: [GC concurrent-mark-end, 0.0039047 secs]
2021-01-23T20:33:15.049+0800: 0.801: [GC remark 2021-01-23T20:33:15.049+0800: 0.801: [Finalize Marking, 0.0001621 secs] 2021-01-23T20:33:15.049+0800: 0.801: [GC ref-proc, 0.0003543 secs] 2021-01-23T20:33:15.049+0800: 0.802: [Unloading, 0.0006878 secs], 0.0022333 secs]
 [Times: user=0.00 sys=0.00, real=0.00 secs] 
2021-01-23T20:33:15.051+0800: 0.804: [GC cleanup 362M->362M(512M), 0.0014768 secs]
 [Times: user=0.00 sys=0.00, real=0.00 secs] 
2021-01-23T20:33:15.058+0800: 0.810: [GC pause (G1 Evacuation Pause) (young), 0.0028692 secs]
   [Parallel Time: 2.3 ms, GC Workers: 8]
      [GC Worker Start (ms): Min: 810.1, Avg: 810.1, Max: 810.2, Diff: 0.1]
      [Ext Root Scanning (ms): Min: 0.1, Avg: 0.1, Max: 0.1, Diff: 0.1, Sum: 0.8]
      [Update RS (ms): Min: 0.6, Avg: 0.6, Max: 0.6, Diff: 0.0, Sum: 4.7]
         [Processed Buffers: Min: 6, Avg: 9.6, Max: 11, Diff: 5, Sum: 77]
      [Scan RS (ms): Min: 0.0, Avg: 0.0, Max: 0.0, Diff: 0.0, Sum: 0.0]
      [Code Root Scanning (ms): Min: 0.0, Avg: 0.0, Max: 0.0, Diff: 0.0, Sum: 0.0]
      [Object Copy (ms): Min: 1.4, Avg: 1.4, Max: 1.5, Diff: 0.1, Sum: 11.5]
      [Termination (ms): Min: 0.0, Avg: 0.1, Max: 0.1, Diff: 0.1, Sum: 0.4]
         [Termination Attempts: Min: 1, Avg: 1.0, Max: 1, Diff: 0, Sum: 8]
      [GC Worker Other (ms): Min: 0.0, Avg: 0.0, Max: 0.0, Diff: 0.0, Sum: 0.1]
      [GC Worker Total (ms): Min: 2.2, Avg: 2.2, Max: 2.2, Diff: 0.1, Sum: 17.6]
      [GC Worker End (ms): Min: 812.3, Avg: 812.3, Max: 812.3, Diff: 0.0]
   [Code Root Fixup: 0.0 ms]
   [Code Root Purge: 0.0 ms]
   [Clear CT: 0.1 ms]
   [Other: 0.5 ms]
      [Choose CSet: 0.0 ms]
      [Ref Proc: 0.1 ms]
      [Ref Enq: 0.0 ms]
      [Redirty Cards: 0.1 ms]
      [Humongous Register: 0.1 ms]
      [Humongous Reclaim: 0.1 ms]
      [Free CSet: 0.0 ms]
   [Eden: 48.0M(48.0M)->0.0B(18.0M) Survivors: 4096.0K->7168.0K Heap: 406.3M(512.0M)->358.4M(512.0M)]
 [Times: user=0.00 sys=0.00, real=0.00 secs] 
2021-01-23T20:33:15.064+0800: 0.816: [GC pause (G1 Evacuation Pause) (mixed), 0.0050632 secs]
   [Parallel Time: 4.5 ms, GC Workers: 8]
      [GC Worker Start (ms): Min: 815.9, Avg: 815.9, Max: 816.0, Diff: 0.1]
      [Ext Root Scanning (ms): Min: 0.1, Avg: 0.1, Max: 0.1, Diff: 0.1, Sum: 0.8]
      [Update RS (ms): Min: 0.4, Avg: 0.4, Max: 0.4, Diff: 0.1, Sum: 3.1]
         [Processed Buffers: Min: 6, Avg: 6.9, Max: 8, Diff: 2, Sum: 55]
      [Scan RS (ms): Min: 0.0, Avg: 0.0, Max: 0.0, Diff: 0.0, Sum: 0.2]
      [Code Root Scanning (ms): Min: 0.0, Avg: 0.0, Max: 0.0, Diff: 0.0, Sum: 0.0]
      [Object Copy (ms): Min: 3.8, Avg: 3.8, Max: 3.8, Diff: 0.1, Sum: 30.4]
      [Termination (ms): Min: 0.0, Avg: 0.0, Max: 0.1, Diff: 0.1, Sum: 0.3]
         [Termination Attempts: Min: 1, Avg: 1.0, Max: 1, Diff: 0, Sum: 8]
      [GC Worker Other (ms): Min: 0.0, Avg: 0.0, Max: 0.0, Diff: 0.0, Sum: 0.1]
      [GC Worker Total (ms): Min: 4.3, Avg: 4.4, Max: 4.4, Diff: 0.1, Sum: 34.9]
      [GC Worker End (ms): Min: 820.3, Avg: 820.3, Max: 820.3, Diff: 0.0]
   [Code Root Fixup: 0.0 ms]
   [Code Root Purge: 0.0 ms]
   [Clear CT: 0.1 ms]
   [Other: 0.5 ms]
      [Choose CSet: 0.0 ms]
      [Ref Proc: 0.1 ms]
      [Ref Enq: 0.0 ms]
      [Redirty Cards: 0.1 ms]
      [Humongous Register: 0.1 ms]
      [Humongous Reclaim: 0.0 ms]
      [Free CSet: 0.1 ms]
   [Eden: 18.0M(18.0M)->0.0B(21.0M) Survivors: 7168.0K->4096.0K Heap: 382.0M(512.0M)->341.4M(512.0M)]
 [Times: user=0.00 sys=0.00, real=0.01 secs] 
2021-01-23T20:33:15.072+0800: 0.824: [GC pause (G1 Evacuation Pause) (mixed), 0.0033673 secs]
   [Parallel Time: 2.7 ms, GC Workers: 8]
      [GC Worker Start (ms): Min: 824.0, Avg: 824.0, Max: 824.2, Diff: 0.2]
      [Ext Root Scanning (ms): Min: 0.0, Avg: 0.1, Max: 0.1, Diff: 0.1, Sum: 0.8]
      [Update RS (ms): Min: 0.5, Avg: 0.8, Max: 2.3, Diff: 1.9, Sum: 6.0]
         [Processed Buffers: Min: 1, Avg: 7.4, Max: 9, Diff: 8, Sum: 59]
      [Scan RS (ms): Min: 0.0, Avg: 0.0, Max: 0.1, Diff: 0.1, Sum: 0.1]
      [Code Root Scanning (ms): Min: 0.0, Avg: 0.0, Max: 0.0, Diff: 0.0, Sum: 0.0]
      [Object Copy (ms): Min: 0.0, Avg: 1.6, Max: 1.8, Diff: 1.8, Sum: 12.4]
      [Termination (ms): Min: 0.0, Avg: 0.1, Max: 0.3, Diff: 0.3, Sum: 0.8]
         [Termination Attempts: Min: 1, Avg: 1.0, Max: 1, Diff: 0, Sum: 8]
      [GC Worker Other (ms): Min: 0.0, Avg: 0.0, Max: 0.0, Diff: 0.0, Sum: 0.1]
      [GC Worker Total (ms): Min: 2.4, Avg: 2.5, Max: 2.7, Diff: 0.3, Sum: 20.3]
      [GC Worker End (ms): Min: 826.6, Avg: 826.6, Max: 826.7, Diff: 0.1]
   [Code Root Fixup: 0.0 ms]
   [Code Root Purge: 0.0 ms]
   [Clear CT: 0.2 ms]
   [Other: 0.5 ms]
      [Choose CSet: 0.0 ms]
      [Ref Proc: 0.1 ms]
      [Ref Enq: 0.0 ms]
      [Redirty Cards: 0.1 ms]
      [Humongous Register: 0.1 ms]
      [Humongous Reclaim: 0.0 ms]
      [Free CSet: 0.0 ms]
   [Eden: 21.0M(21.0M)->0.0B(48.0M) Survivors: 4096.0K->4096.0K Heap: 368.6M(512.0M)->344.4M(512.0M)]
 [Times: user=0.00 sys=0.00, real=0.00 secs] 
2021-01-23T20:33:15.076+0800: 0.828: [GC pause (G1 Humongous Allocation) (young) (initial-mark), 0.0013841 secs]
   [Parallel Time: 0.6 ms, GC Workers: 8]
      [GC Worker Start (ms): Min: 828.1, Avg: 828.1, Max: 828.3, Diff: 0.2]
      [Ext Root Scanning (ms): Min: 0.0, Avg: 0.1, Max: 0.2, Diff: 0.2, Sum: 1.2]
      [Update RS (ms): Min: 0.0, Avg: 0.1, Max: 0.2, Diff: 0.2, Sum: 0.5]
         [Processed Buffers: Min: 0, Avg: 1.1, Max: 2, Diff: 2, Sum: 9]
      [Scan RS (ms): Min: 0.0, Avg: 0.0, Max: 0.0, Diff: 0.0, Sum: 0.0]
      [Code Root Scanning (ms): Min: 0.0, Avg: 0.0, Max: 0.0, Diff: 0.0, Sum: 0.0]
      [Object Copy (ms): Min: 0.1, Avg: 0.2, Max: 0.3, Diff: 0.2, Sum: 1.7]
      [Termination (ms): Min: 0.0, Avg: 0.1, Max: 0.1, Diff: 0.1, Sum: 0.4]
         [Termination Attempts: Min: 1, Avg: 1.0, Max: 1, Diff: 0, Sum: 8]
      [GC Worker Other (ms): Min: 0.0, Avg: 0.0, Max: 0.0, Diff: 0.0, Sum: 0.1]
      [GC Worker Total (ms): Min: 0.4, Avg: 0.5, Max: 0.5, Diff: 0.2, Sum: 3.9]
      [GC Worker End (ms): Min: 828.6, Avg: 828.6, Max: 828.6, Diff: 0.0]
   [Code Root Fixup: 0.0 ms]
   [Code Root Purge: 0.0 ms]
   [Clear CT: 0.1 ms]
   [Other: 0.7 ms]
      [Choose CSet: 0.0 ms]
      [Ref Proc: 0.1 ms]
      [Ref Enq: 0.0 ms]
      [Redirty Cards: 0.1 ms]
      [Humongous Register: 0.2 ms]
      [Humongous Reclaim: 0.0 ms]
      [Free CSet: 0.0 ms]
   [Eden: 2048.0K(48.0M)->0.0B(51.0M) Survivors: 4096.0K->4096.0K Heap: 345.5M(512.0M)->344.4M(512.0M)]
 [Times: user=0.00 sys=0.00, real=0.00 secs] 
2021-01-23T20:33:15.078+0800: 0.829: [GC concurrent-root-region-scan-start]
2021-01-23T20:33:15.078+0800: 0.830: [GC concurrent-root-region-scan-end, 0.0002595 secs]
2021-01-23T20:33:15.078+0800: 0.830: [GC concurrent-mark-start]
2021-01-23T20:33:15.080+0800: 0.832: [GC concurrent-mark-end, 0.0025636 secs]
2021-01-23T20:33:15.081+0800: 0.832: [GC remark 2021-01-23T20:33:15.081+0800: 0.832: [Finalize Marking, 0.0000964 secs] 2021-01-23T20:33:15.081+0800: 0.832: [GC ref-proc, 0.0003375 secs] 2021-01-23T20:33:15.081+0800: 0.833: [Unloading, 0.0003982 secs], 0.0014329 secs]
 [Times: user=0.00 sys=0.00, real=0.00 secs] 
2021-01-23T20:33:15.082+0800: 0.834: [GC cleanup 360M->360M(512M), 0.0005728 secs]
 [Times: user=0.00 sys=0.00, real=0.00 secs] 
2021-01-23T20:33:15.093+0800: 0.846: [GC pause (G1 Evacuation Pause) (young), 0.0033893 secs]
   [Parallel Time: 2.5 ms, GC Workers: 8]
      [GC Worker Start (ms): Min: 845.8, Avg: 845.8, Max: 845.9, Diff: 0.1]
      [Ext Root Scanning (ms): Min: 0.0, Avg: 0.1, Max: 0.2, Diff: 0.1, Sum: 0.9]
      [Update RS (ms): Min: 0.5, Avg: 0.5, Max: 0.5, Diff: 0.1, Sum: 4.2]
         [Processed Buffers: Min: 5, Avg: 8.3, Max: 10, Diff: 5, Sum: 66]
      [Scan RS (ms): Min: 0.0, Avg: 0.0, Max: 0.0, Diff: 0.0, Sum: 0.0]
      [Code Root Scanning (ms): Min: 0.0, Avg: 0.0, Max: 0.0, Diff: 0.0, Sum: 0.0]
      [Object Copy (ms): Min: 1.7, Avg: 1.7, Max: 1.7, Diff: 0.0, Sum: 13.6]
      [Termination (ms): Min: 0.0, Avg: 0.1, Max: 0.1, Diff: 0.1, Sum: 0.4]
         [Termination Attempts: Min: 1, Avg: 1.6, Max: 2, Diff: 1, Sum: 13]
      [GC Worker Other (ms): Min: 0.0, Avg: 0.0, Max: 0.0, Diff: 0.0, Sum: 0.1]
      [GC Worker Total (ms): Min: 2.3, Avg: 2.4, Max: 2.5, Diff: 0.2, Sum: 19.1]
      [GC Worker End (ms): Min: 848.2, Avg: 848.2, Max: 848.3, Diff: 0.1]
   [Code Root Fixup: 0.0 ms]
   [Code Root Purge: 0.0 ms]
   [Clear CT: 0.2 ms]
   [Other: 0.7 ms]
      [Choose CSet: 0.0 ms]
      [Ref Proc: 0.3 ms]
      [Ref Enq: 0.0 ms]
      [Redirty Cards: 0.1 ms]
      [Humongous Register: 0.1 ms]
      [Humongous Reclaim: 0.0 ms]
      [Free CSet: 0.0 ms]
   [Eden: 51.0M(51.0M)->0.0B(18.0M) Survivors: 4096.0K->7168.0K Heap: 407.9M(512.0M)->358.8M(512.0M)]
 [Times: user=0.00 sys=0.00, real=0.00 secs] 
2021-01-23T20:33:15.100+0800: 0.853: [GC pause (G1 Evacuation Pause) (mixed), 0.0058956 secs]
   [Parallel Time: 5.1 ms, GC Workers: 8]
      [GC Worker Start (ms): Min: 852.7, Avg: 852.8, Max: 852.9, Diff: 0.2]
      [Ext Root Scanning (ms): Min: 0.0, Avg: 0.1, Max: 0.2, Diff: 0.2, Sum: 0.9]
      [Update RS (ms): Min: 0.5, Avg: 0.5, Max: 1.0, Diff: 0.6, Sum: 4.4]
         [Processed Buffers: Min: 0, Avg: 7.5, Max: 10, Diff: 10, Sum: 60]
      [Scan RS (ms): Min: 0.0, Avg: 0.0, Max: 0.0, Diff: 0.0, Sum: 0.2]
      [Code Root Scanning (ms): Min: 0.0, Avg: 0.0, Max: 0.0, Diff: 0.0, Sum: 0.0]
      [Object Copy (ms): Min: 3.8, Avg: 4.2, Max: 4.3, Diff: 0.5, Sum: 33.6]
      [Termination (ms): Min: 0.0, Avg: 0.1, Max: 0.2, Diff: 0.2, Sum: 0.6]
         [Termination Attempts: Min: 1, Avg: 1.0, Max: 1, Diff: 0, Sum: 8]
      [GC Worker Other (ms): Min: 0.0, Avg: 0.0, Max: 0.0, Diff: 0.0, Sum: 0.1]
      [GC Worker Total (ms): Min: 4.8, Avg: 5.0, Max: 5.0, Diff: 0.2, Sum: 39.7]
      [GC Worker End (ms): Min: 857.8, Avg: 857.8, Max: 857.8, Diff: 0.0]
   [Code Root Fixup: 0.0 ms]
   [Code Root Purge: 0.0 ms]
   [Clear CT: 0.1 ms]
   [Other: 0.7 ms]
      [Choose CSet: 0.0 ms]
      [Ref Proc: 0.2 ms]
      [Ref Enq: 0.0 ms]
      [Redirty Cards: 0.2 ms]
      [Humongous Register: 0.1 ms]
      [Humongous Reclaim: 0.0 ms]
      [Free CSet: 0.1 ms]
   [Eden: 18.0M(18.0M)->0.0B(21.0M) Survivors: 7168.0K->4096.0K Heap: 383.1M(512.0M)->343.4M(512.0M)]
 [Times: user=0.09 sys=0.00, real=0.01 secs] 
2021-01-23T20:33:15.109+0800: 0.861: [GC pause (G1 Evacuation Pause) (mixed), 0.0023181 secs]
   [Parallel Time: 1.7 ms, GC Workers: 8]
      [GC Worker Start (ms): Min: 861.5, Avg: 861.5, Max: 861.5, Diff: 0.1]
      [Ext Root Scanning (ms): Min: 0.1, Avg: 0.1, Max: 0.1, Diff: 0.1, Sum: 0.9]
      [Update RS (ms): Min: 0.3, Avg: 0.4, Max: 0.4, Diff: 0.0, Sum: 2.8]
         [Processed Buffers: Min: 5, Avg: 6.0, Max: 7, Diff: 2, Sum: 48]
      [Scan RS (ms): Min: 0.0, Avg: 0.0, Max: 0.0, Diff: 0.0, Sum: 0.0]
      [Code Root Scanning (ms): Min: 0.0, Avg: 0.0, Max: 0.0, Diff: 0.0, Sum: 0.0]
      [Object Copy (ms): Min: 1.1, Avg: 1.1, Max: 1.2, Diff: 0.1, Sum: 8.9]
      [Termination (ms): Min: 0.0, Avg: 0.1, Max: 0.1, Diff: 0.1, Sum: 0.4]
         [Termination Attempts: Min: 1, Avg: 1.0, Max: 1, Diff: 0, Sum: 8]
      [GC Worker Other (ms): Min: 0.0, Avg: 0.0, Max: 0.0, Diff: 0.0, Sum: 0.1]
      [GC Worker Total (ms): Min: 1.6, Avg: 1.6, Max: 1.7, Diff: 0.1, Sum: 13.1]
      [GC Worker End (ms): Min: 863.1, Avg: 863.1, Max: 863.1, Diff: 0.0]
   [Code Root Fixup: 0.0 ms]
   [Code Root Purge: 0.0 ms]
   [Clear CT: 0.1 ms]
   [Other: 0.5 ms]
      [Choose CSet: 0.0 ms]
      [Ref Proc: 0.1 ms]
      [Ref Enq: 0.0 ms]
      [Redirty Cards: 0.2 ms]
      [Humongous Register: 0.1 ms]
      [Humongous Reclaim: 0.0 ms]
      [Free CSet: 0.0 ms]
   [Eden: 21.0M(21.0M)->0.0B(43.0M) Survivors: 4096.0K->4096.0K Heap: 369.2M(512.0M)->351.9M(512.0M)]
 [Times: user=0.00 sys=0.00, real=0.00 secs] 
2021-01-23T20:33:15.113+0800: 0.865: [GC pause (G1 Humongous Allocation) (young) (initial-mark), 0.0019072 secs]
   [Parallel Time: 1.4 ms, GC Workers: 8]
      [GC Worker Start (ms): Min: 864.8, Avg: 864.8, Max: 865.0, Diff: 0.2]
      [Ext Root Scanning (ms): Min: 0.0, Avg: 0.2, Max: 0.3, Diff: 0.3, Sum: 1.8]
      [Update RS (ms): Min: 0.1, Avg: 0.1, Max: 0.2, Diff: 0.1, Sum: 1.0]
         [Processed Buffers: Min: 1, Avg: 1.1, Max: 2, Diff: 1, Sum: 9]
      [Scan RS (ms): Min: 0.0, Avg: 0.0, Max: 0.0, Diff: 0.0, Sum: 0.0]
      [Code Root Scanning (ms): Min: 0.0, Avg: 0.0, Max: 0.0, Diff: 0.0, Sum: 0.0]
      [Object Copy (ms): Min: 0.7, Avg: 0.8, Max: 0.9, Diff: 0.1, Sum: 6.5]
      [Termination (ms): Min: 0.0, Avg: 0.0, Max: 0.1, Diff: 0.1, Sum: 0.4]
         [Termination Attempts: Min: 1, Avg: 1.0, Max: 1, Diff: 0, Sum: 8]
      [GC Worker Other (ms): Min: 0.0, Avg: 0.0, Max: 0.1, Diff: 0.1, Sum: 0.2]
      [GC Worker Total (ms): Min: 1.1, Avg: 1.2, Max: 1.3, Diff: 0.2, Sum: 9.9]
      [GC Worker End (ms): Min: 866.0, Avg: 866.1, Max: 866.1, Diff: 0.1]
   [Code Root Fixup: 0.0 ms]
   [Code Root Purge: 0.0 ms]
   [Clear CT: 0.1 ms]
   [Other: 0.4 ms]
      [Choose CSet: 0.0 ms]
      [Ref Proc: 0.1 ms]
      [Ref Enq: 0.0 ms]
      [Redirty Cards: 0.1 ms]
      [Humongous Register: 0.1 ms]
      [Humongous Reclaim: 0.0 ms]
      [Free CSet: 0.0 ms]
   [Eden: 8192.0K(43.0M)->0.0B(37.0M) Survivors: 4096.0K->4096.0K Heap: 359.2M(512.0M)->354.6M(512.0M)]
 [Times: user=0.00 sys=0.00, real=0.00 secs] 
2021-01-23T20:33:15.115+0800: 0.867: [GC concurrent-root-region-scan-start]
2021-01-23T20:33:15.115+0800: 0.867: [GC concurrent-root-region-scan-end, 0.0001308 secs]
2021-01-23T20:33:15.115+0800: 0.867: [GC concurrent-mark-start]
2021-01-23T20:33:15.119+0800: 0.871: [GC concurrent-mark-end, 0.0043225 secs]
2021-01-23T20:33:15.120+0800: 0.871: [GC remark 2021-01-23T20:33:15.120+0800: 0.871: [Finalize Marking, 0.0017225 secs] 2021-01-23T20:33:15.122+0800: 0.873: [GC ref-proc, 0.0003481 secs] 2021-01-23T20:33:15.122+0800: 0.874: [Unloading, 0.0003738 secs], 0.0030684 secs]
 [Times: user=0.00 sys=0.00, real=0.00 secs] 
2021-01-23T20:33:15.123+0800: 0.875: [GC cleanup 370M->370M(512M), 0.0004342 secs]
 [Times: user=0.00 sys=0.00, real=0.00 secs] 
2021-01-23T20:33:15.126+0800: 0.878: [GC pause (G1 Evacuation Pause) (young), 0.0025741 secs]
   [Parallel Time: 2.0 ms, GC Workers: 8]
      [GC Worker Start (ms): Min: 878.4, Avg: 878.4, Max: 878.4, Diff: 0.1]
      [Ext Root Scanning (ms): Min: 0.1, Avg: 0.1, Max: 0.1, Diff: 0.1, Sum: 0.8]
      [Update RS (ms): Min: 0.4, Avg: 0.4, Max: 0.5, Diff: 0.0, Sum: 3.6]
         [Processed Buffers: Min: 7, Avg: 7.9, Max: 9, Diff: 2, Sum: 63]
      [Scan RS (ms): Min: 0.0, Avg: 0.0, Max: 0.0, Diff: 0.0, Sum: 0.0]
      [Code Root Scanning (ms): Min: 0.0, Avg: 0.0, Max: 0.0, Diff: 0.0, Sum: 0.0]
      [Object Copy (ms): Min: 1.2, Avg: 1.2, Max: 1.3, Diff: 0.1, Sum: 9.8]
      [Termination (ms): Min: 0.0, Avg: 0.1, Max: 0.1, Diff: 0.1, Sum: 0.7]
         [Termination Attempts: Min: 1, Avg: 1.0, Max: 1, Diff: 0, Sum: 8]
      [GC Worker Other (ms): Min: 0.0, Avg: 0.0, Max: 0.0, Diff: 0.0, Sum: 0.1]
      [GC Worker Total (ms): Min: 1.9, Avg: 1.9, Max: 1.9, Diff: 0.1, Sum: 15.1]
      [GC Worker End (ms): Min: 880.3, Avg: 880.3, Max: 880.3, Diff: 0.0]
   [Code Root Fixup: 0.0 ms]
   [Code Root Purge: 0.0 ms]
   [Clear CT: 0.1 ms]
   [Other: 0.5 ms]
      [Choose CSet: 0.0 ms]
      [Ref Proc: 0.1 ms]
      [Ref Enq: 0.0 ms]
      [Redirty Cards: 0.1 ms]
      [Humongous Register: 0.1 ms]
      [Humongous Reclaim: 0.0 ms]
      [Free CSet: 0.0 ms]
   [Eden: 37.0M(37.0M)->0.0B(19.0M) Survivors: 4096.0K->6144.0K Heap: 398.2M(512.0M)->365.3M(512.0M)]
 [Times: user=0.00 sys=0.00, real=0.00 secs] 
2021-01-23T20:33:15.131+0800: 0.883: [GC pause (G1 Evacuation Pause) (mixed), 0.0055243 secs]
   [Parallel Time: 4.8 ms, GC Workers: 8]
      [GC Worker Start (ms): Min: 883.4, Avg: 883.4, Max: 883.5, Diff: 0.1]
      [Ext Root Scanning (ms): Min: 0.1, Avg: 0.1, Max: 0.1, Diff: 0.1, Sum: 0.9]
      [Update RS (ms): Min: 0.2, Avg: 0.2, Max: 0.3, Diff: 0.0, Sum: 1.9]
         [Processed Buffers: Min: 4, Avg: 4.5, Max: 5, Diff: 1, Sum: 36]
      [Scan RS (ms): Min: 0.0, Avg: 0.0, Max: 0.0, Diff: 0.0, Sum: 0.2]
      [Code Root Scanning (ms): Min: 0.0, Avg: 0.0, Max: 0.0, Diff: 0.0, Sum: 0.0]
      [Object Copy (ms): Min: 4.2, Avg: 4.2, Max: 4.3, Diff: 0.1, Sum: 34.0]
      [Termination (ms): Min: 0.0, Avg: 0.0, Max: 0.1, Diff: 0.1, Sum: 0.3]
         [Termination Attempts: Min: 1, Avg: 1.1, Max: 2, Diff: 1, Sum: 9]
      [GC Worker Other (ms): Min: 0.0, Avg: 0.0, Max: 0.0, Diff: 0.0, Sum: 0.1]
      [GC Worker Total (ms): Min: 4.6, Avg: 4.7, Max: 4.7, Diff: 0.1, Sum: 37.4]
      [GC Worker End (ms): Min: 888.1, Avg: 888.1, Max: 888.1, Diff: 0.1]
   [Code Root Fixup: 0.0 ms]
   [Code Root Purge: 0.0 ms]
   [Clear CT: 0.1 ms]
   [Other: 0.6 ms]
      [Choose CSet: 0.0 ms]
      [Ref Proc: 0.2 ms]
      [Ref Enq: 0.0 ms]
      [Redirty Cards: 0.1 ms]
      [Humongous Register: 0.1 ms]
      [Humongous Reclaim: 0.0 ms]
      [Free CSet: 0.1 ms]
   [Eden: 19.0M(19.0M)->0.0B(21.0M) Survivors: 6144.0K->4096.0K Heap: 387.5M(512.0M)->348.6M(512.0M)]
 [Times: user=0.13 sys=0.00, real=0.01 secs] 
2021-01-23T20:33:15.139+0800: 0.892: [GC pause (G1 Evacuation Pause) (mixed), 0.0024949 secs]
   [Parallel Time: 2.0 ms, GC Workers: 8]
      [GC Worker Start (ms): Min: 891.7, Avg: 891.7, Max: 891.9, Diff: 0.2]
      [Ext Root Scanning (ms): Min: 0.0, Avg: 0.1, Max: 0.2, Diff: 0.2, Sum: 0.8]
      [Update RS (ms): Min: 0.4, Avg: 0.4, Max: 0.4, Diff: 0.0, Sum: 3.1]
         [Processed Buffers: Min: 0, Avg: 5.8, Max: 8, Diff: 8, Sum: 46]
      [Scan RS (ms): Min: 0.0, Avg: 0.0, Max: 0.0, Diff: 0.0, Sum: 0.0]
      [Code Root Scanning (ms): Min: 0.0, Avg: 0.0, Max: 0.0, Diff: 0.0, Sum: 0.0]
      [Object Copy (ms): Min: 1.1, Avg: 1.2, Max: 1.3, Diff: 0.1, Sum: 9.6]
      [Termination (ms): Min: 0.0, Avg: 0.1, Max: 0.1, Diff: 0.1, Sum: 0.5]
         [Termination Attempts: Min: 1, Avg: 1.0, Max: 1, Diff: 0, Sum: 8]
      [GC Worker Other (ms): Min: 0.0, Avg: 0.0, Max: 0.0, Diff: 0.0, Sum: 0.1]
      [GC Worker Total (ms): Min: 1.6, Avg: 1.8, Max: 1.8, Diff: 0.2, Sum: 14.1]
      [GC Worker End (ms): Min: 893.5, Avg: 893.5, Max: 893.5, Diff: 0.0]
   [Code Root Fixup: 0.0 ms]
   [Code Root Purge: 0.0 ms]
   [Clear CT: 0.1 ms]
   [Other: 0.5 ms]
      [Choose CSet: 0.0 ms]
      [Ref Proc: 0.2 ms]
      [Ref Enq: 0.0 ms]
      [Redirty Cards: 0.1 ms]
      [Humongous Register: 0.1 ms]
      [Humongous Reclaim: 0.0 ms]
      [Free CSet: 0.0 ms]
   [Eden: 21.0M(21.0M)->0.0B(39.0M) Survivors: 4096.0K->4096.0K Heap: 374.1M(512.0M)->355.4M(512.0M)]
 [Times: user=0.00 sys=0.00, real=0.00 secs] 
2021-01-23T20:33:15.142+0800: 0.894: [GC pause (G1 Humongous Allocation) (young) (initial-mark), 0.0015137 secs]
   [Parallel Time: 0.6 ms, GC Workers: 8]
      [GC Worker Start (ms): Min: 894.9, Avg: 894.9, Max: 895.0, Diff: 0.1]
      [Ext Root Scanning (ms): Min: 0.0, Avg: 0.1, Max: 0.2, Diff: 0.2, Sum: 1.1]
      [Update RS (ms): Min: 0.0, Avg: 0.0, Max: 0.1, Diff: 0.1, Sum: 0.4]
         [Processed Buffers: Min: 0, Avg: 1.1, Max: 2, Diff: 2, Sum: 9]
      [Scan RS (ms): Min: 0.0, Avg: 0.0, Max: 0.0, Diff: 0.0, Sum: 0.0]
      [Code Root Scanning (ms): Min: 0.0, Avg: 0.0, Max: 0.0, Diff: 0.0, Sum: 0.0]
      [Object Copy (ms): Min: 0.3, Avg: 0.3, Max: 0.3, Diff: 0.1, Sum: 2.3]
      [Termination (ms): Min: 0.0, Avg: 0.1, Max: 0.1, Diff: 0.1, Sum: 0.4]
         [Termination Attempts: Min: 1, Avg: 1.0, Max: 1, Diff: 0, Sum: 8]
      [GC Worker Other (ms): Min: 0.0, Avg: 0.0, Max: 0.0, Diff: 0.0, Sum: 0.1]
      [GC Worker Total (ms): Min: 0.4, Avg: 0.5, Max: 0.6, Diff: 0.2, Sum: 4.3]
      [GC Worker End (ms): Min: 895.5, Avg: 895.5, Max: 895.5, Diff: 0.0]
   [Code Root Fixup: 0.0 ms]
   [Code Root Purge: 0.0 ms]
   [Clear CT: 0.1 ms]
   [Other: 0.8 ms]
      [Choose CSet: 0.0 ms]
      [Ref Proc: 0.1 ms]
      [Ref Enq: 0.0 ms]
      [Redirty Cards: 0.1 ms]
      [Humongous Register: 0.3 ms]
      [Humongous Reclaim: 0.0 ms]
      [Free CSet: 0.1 ms]
   [Eden: 2048.0K(39.0M)->0.0B(41.0M) Survivors: 4096.0K->1024.0K Heap: 356.6M(512.0M)->354.9M(512.0M)]
 [Times: user=0.00 sys=0.00, real=0.00 secs] 
2021-01-23T20:33:15.144+0800: 0.896: [GC concurrent-root-region-scan-start]
2021-01-23T20:33:15.144+0800: 0.896: [GC concurrent-root-region-scan-end, 0.0001965 secs]
2021-01-23T20:33:15.144+0800: 0.896: [GC concurrent-mark-start]
2021-01-23T20:33:15.147+0800: 0.899: [GC concurrent-mark-end, 0.0023102 secs]
2021-01-23T20:33:15.147+0800: 0.899: [GC remark 2021-01-23T20:33:15.147+0800: 0.899: [Finalize Marking, 0.0001405 secs] 2021-01-23T20:33:15.147+0800: 0.899: [GC ref-proc, 0.0003363 secs] 2021-01-23T20:33:15.147+0800: 0.899: [Unloading, 0.0004838 secs], 0.0015111 secs]
 [Times: user=0.00 sys=0.00, real=0.00 secs] 
2021-01-23T20:33:15.148+0800: 0.900: [GC cleanup 373M->373M(512M), 0.0005001 secs]
 [Times: user=0.02 sys=0.00, real=0.00 secs] 
2021-01-23T20:33:15.160+0800: 0.912: [GC pause (G1 Evacuation Pause) (young), 0.0029055 secs]
   [Parallel Time: 2.1 ms, GC Workers: 8]
      [GC Worker Start (ms): Min: 912.0, Avg: 912.0, Max: 912.0, Diff: 0.1]
      [Ext Root Scanning (ms): Min: 0.1, Avg: 0.1, Max: 0.1, Diff: 0.1, Sum: 0.8]
      [Update RS (ms): Min: 0.5, Avg: 0.6, Max: 0.6, Diff: 0.0, Sum: 4.4]
         [Processed Buffers: Min: 6, Avg: 9.0, Max: 10, Diff: 4, Sum: 72]
      [Scan RS (ms): Min: 0.0, Avg: 0.0, Max: 0.0, Diff: 0.0, Sum: 0.0]
      [Code Root Scanning (ms): Min: 0.0, Avg: 0.0, Max: 0.0, Diff: 0.0, Sum: 0.0]
      [Object Copy (ms): Min: 1.1, Avg: 1.2, Max: 1.3, Diff: 0.2, Sum: 10.0]
      [Termination (ms): Min: 0.0, Avg: 0.1, Max: 0.1, Diff: 0.1, Sum: 0.4]
         [Termination Attempts: Min: 1, Avg: 1.0, Max: 1, Diff: 0, Sum: 8]
      [GC Worker Other (ms): Min: 0.0, Avg: 0.0, Max: 0.0, Diff: 0.0, Sum: 0.1]
      [GC Worker Total (ms): Min: 1.9, Avg: 2.0, Max: 2.0, Diff: 0.1, Sum: 15.8]
      [GC Worker End (ms): Min: 914.0, Avg: 914.0, Max: 914.0, Diff: 0.0]
   [Code Root Fixup: 0.0 ms]
   [Code Root Purge: 0.0 ms]
   [Clear CT: 0.1 ms]
   [Other: 0.7 ms]
      [Choose CSet: 0.0 ms]
      [Ref Proc: 0.4 ms]
      [Ref Enq: 0.0 ms]
      [Redirty Cards: 0.1 ms]
      [Humongous Register: 0.1 ms]
      [Humongous Reclaim: 0.0 ms]
      [Free CSet: 0.1 ms]
   [Eden: 41.0M(41.0M)->0.0B(19.0M) Survivors: 1024.0K->6144.0K Heap: 409.2M(512.0M)->371.4M(512.0M)]
 [Times: user=0.00 sys=0.00, real=0.00 secs] 
2021-01-23T20:33:15.165+0800: 0.918: [GC pause (G1 Evacuation Pause) (mixed), 0.0057507 secs]
   [Parallel Time: 5.0 ms, GC Workers: 8]
      [GC Worker Start (ms): Min: 917.9, Avg: 917.9, Max: 918.0, Diff: 0.1]
      [Ext Root Scanning (ms): Min: 0.1, Avg: 0.1, Max: 0.2, Diff: 0.1, Sum: 1.0]
      [Update RS (ms): Min: 0.4, Avg: 0.4, Max: 0.4, Diff: 0.1, Sum: 3.1]
         [Processed Buffers: Min: 6, Avg: 6.9, Max: 8, Diff: 2, Sum: 55]
      [Scan RS (ms): Min: 0.0, Avg: 0.0, Max: 0.0, Diff: 0.0, Sum: 0.2]
      [Code Root Scanning (ms): Min: 0.0, Avg: 0.0, Max: 0.0, Diff: 0.0, Sum: 0.0]
      [Object Copy (ms): Min: 4.3, Avg: 4.3, Max: 4.3, Diff: 0.0, Sum: 34.4]
      [Termination (ms): Min: 0.0, Avg: 0.0, Max: 0.0, Diff: 0.0, Sum: 0.1]
         [Termination Attempts: Min: 1, Avg: 1.0, Max: 1, Diff: 0, Sum: 8]
      [GC Worker Other (ms): Min: 0.0, Avg: 0.0, Max: 0.0, Diff: 0.0, Sum: 0.2]
      [GC Worker Total (ms): Min: 4.8, Avg: 4.9, Max: 4.9, Diff: 0.1, Sum: 38.9]
      [GC Worker End (ms): Min: 922.8, Avg: 922.8, Max: 922.8, Diff: 0.0]
   [Code Root Fixup: 0.0 ms]
   [Code Root Purge: 0.0 ms]
   [Clear CT: 0.1 ms]
   [Other: 0.6 ms]
      [Choose CSet: 0.0 ms]
      [Ref Proc: 0.1 ms]
      [Ref Enq: 0.0 ms]
      [Redirty Cards: 0.2 ms]
      [Humongous Register: 0.1 ms]
      [Humongous Reclaim: 0.0 ms]
      [Free CSet: 0.1 ms]
   [Eden: 19.0M(19.0M)->0.0B(21.0M) Survivors: 6144.0K->4096.0K Heap: 396.1M(512.0M)->359.9M(512.0M)]
 [Times: user=0.00 sys=0.00, real=0.01 secs] 
2021-01-23T20:33:15.174+0800: 0.927: [GC pause (G1 Evacuation Pause) (mixed), 0.0021442 secs]
   [Parallel Time: 1.6 ms, GC Workers: 8]
      [GC Worker Start (ms): Min: 926.8, Avg: 926.8, Max: 926.9, Diff: 0.2]
      [Ext Root Scanning (ms): Min: 0.0, Avg: 0.1, Max: 0.2, Diff: 0.1, Sum: 0.8]
      [Update RS (ms): Min: 0.2, Avg: 0.2, Max: 0.3, Diff: 0.1, Sum: 2.0]
         [Processed Buffers: Min: 3, Avg: 3.8, Max: 4, Diff: 1, Sum: 30]
      [Scan RS (ms): Min: 0.0, Avg: 0.0, Max: 0.0, Diff: 0.0, Sum: 0.0]
      [Code Root Scanning (ms): Min: 0.0, Avg: 0.0, Max: 0.0, Diff: 0.0, Sum: 0.0]
      [Object Copy (ms): Min: 1.1, Avg: 1.1, Max: 1.2, Diff: 0.0, Sum: 9.1]
      [Termination (ms): Min: 0.0, Avg: 0.0, Max: 0.1, Diff: 0.1, Sum: 0.2]
         [Termination Attempts: Min: 1, Avg: 1.1, Max: 2, Diff: 1, Sum: 9]
      [GC Worker Other (ms): Min: 0.0, Avg: 0.0, Max: 0.0, Diff: 0.0, Sum: 0.1]
      [GC Worker Total (ms): Min: 1.4, Avg: 1.5, Max: 1.6, Diff: 0.2, Sum: 12.2]
      [GC Worker End (ms): Min: 928.3, Avg: 928.4, Max: 928.4, Diff: 0.0]
   [Code Root Fixup: 0.0 ms]
   [Code Root Purge: 0.0 ms]
   [Clear CT: 0.1 ms]
   [Other: 0.4 ms]
      [Choose CSet: 0.0 ms]
      [Ref Proc: 0.1 ms]
      [Ref Enq: 0.0 ms]
      [Redirty Cards: 0.1 ms]
      [Humongous Register: 0.1 ms]
      [Humongous Reclaim: 0.0 ms]
      [Free CSet: 0.0 ms]
   [Eden: 21.0M(21.0M)->0.0B(31.0M) Survivors: 4096.0K->4096.0K Heap: 383.5M(512.0M)->366.3M(512.0M)]
 [Times: user=0.00 sys=0.00, real=0.00 secs] 
2021-01-23T20:33:15.177+0800: 0.929: [GC pause (G1 Humongous Allocation) (young) (initial-mark), 0.0010314 secs]
   [Parallel Time: 0.6 ms, GC Workers: 8]
      [GC Worker Start (ms): Min: 929.5, Avg: 929.5, Max: 929.5, Diff: 0.0]
      [Ext Root Scanning (ms): Min: 0.1, Avg: 0.1, Max: 0.1, Diff: 0.0, Sum: 0.8]
      [Update RS (ms): Min: 0.0, Avg: 0.1, Max: 0.1, Diff: 0.1, Sum: 0.5]
         [Processed Buffers: Min: 1, Avg: 1.1, Max: 2, Diff: 1, Sum: 9]
      [Scan RS (ms): Min: 0.0, Avg: 0.0, Max: 0.0, Diff: 0.0, Sum: 0.0]
      [Code Root Scanning (ms): Min: 0.0, Avg: 0.0, Max: 0.0, Diff: 0.0, Sum: 0.0]
      [Object Copy (ms): Min: 0.3, Avg: 0.3, Max: 0.4, Diff: 0.1, Sum: 2.6]
      [Termination (ms): Min: 0.0, Avg: 0.0, Max: 0.1, Diff: 0.1, Sum: 0.3]
         [Termination Attempts: Min: 1, Avg: 1.0, Max: 1, Diff: 0, Sum: 8]
      [GC Worker Other (ms): Min: 0.0, Avg: 0.0, Max: 0.0, Diff: 0.0, Sum: 0.1]
      [GC Worker Total (ms): Min: 0.5, Avg: 0.5, Max: 0.6, Diff: 0.0, Sum: 4.3]
      [GC Worker End (ms): Min: 930.0, Avg: 930.0, Max: 930.0, Diff: 0.0]
   [Code Root Fixup: 0.0 ms]
   [Code Root Purge: 0.0 ms]
   [Clear CT: 0.1 ms]
   [Other: 0.4 ms]
      [Choose CSet: 0.0 ms]
      [Ref Proc: 0.1 ms]
      [Ref Enq: 0.0 ms]
      [Redirty Cards: 0.1 ms]
      [Humongous Register: 0.1 ms]
      [Humongous Reclaim: 0.0 ms]
      [Free CSet: 0.0 ms]
   [Eden: 3072.0K(31.0M)->0.0B(32.0M) Survivors: 4096.0K->1024.0K Heap: 368.3M(512.0M)->366.1M(512.0M)]
 [Times: user=0.00 sys=0.00, real=0.00 secs] 
2021-01-23T20:33:15.178+0800: 0.930: [GC concurrent-root-region-scan-start]
2021-01-23T20:33:15.178+0800: 0.931: [GC concurrent-root-region-scan-end, 0.0000831 secs]
2021-01-23T20:33:15.178+0800: 0.931: [GC concurrent-mark-start]
2021-01-23T20:33:15.180+0800: 0.933: [GC concurrent-mark-end, 0.0019562 secs]
2021-01-23T20:33:15.180+0800: 0.933: [GC remark 2021-01-23T20:33:15.181+0800: 0.933: [Finalize Marking, 0.0001468 secs] 2021-01-23T20:33:15.181+0800: 0.933: [GC ref-proc, 0.0003324 secs] 2021-01-23T20:33:15.181+0800: 0.933: [Unloading, 0.0004272 secs], 0.0014617 secs]
 [Times: user=0.00 sys=0.00, real=0.00 secs] 
2021-01-23T20:33:15.182+0800: 0.934: [GC cleanup 387M->387M(512M), 0.0005815 secs]
 [Times: user=0.00 sys=0.00, real=0.00 secs] 
2021-01-23T20:33:15.186+0800: 0.938: [GC pause (G1 Evacuation Pause) (young), 0.0039435 secs]
   [Parallel Time: 3.0 ms, GC Workers: 8]
      [GC Worker Start (ms): Min: 938.5, Avg: 938.8, Max: 940.4, Diff: 1.9]
      [Ext Root Scanning (ms): Min: 0.0, Avg: 0.1, Max: 0.2, Diff: 0.2, Sum: 1.1]
      [Update RS (ms): Min: 0.0, Avg: 0.7, Max: 0.8, Diff: 0.8, Sum: 5.5]
         [Processed Buffers: Min: 0, Avg: 10.1, Max: 13, Diff: 13, Sum: 81]
      [Scan RS (ms): Min: 0.0, Avg: 0.0, Max: 0.0, Diff: 0.0, Sum: 0.1]
      [Code Root Scanning (ms): Min: 0.0, Avg: 0.0, Max: 0.0, Diff: 0.0, Sum: 0.0]
      [Object Copy (ms): Min: 0.8, Avg: 1.6, Max: 1.9, Diff: 1.1, Sum: 13.0]
      [Termination (ms): Min: 0.0, Avg: 0.1, Max: 0.2, Diff: 0.2, Sum: 0.8]
         [Termination Attempts: Min: 1, Avg: 1.0, Max: 1, Diff: 0, Sum: 8]
      [GC Worker Other (ms): Min: 0.0, Avg: 0.0, Max: 0.0, Diff: 0.0, Sum: 0.2]
      [GC Worker Total (ms): Min: 1.0, Avg: 2.6, Max: 2.9, Diff: 1.9, Sum: 20.7]
      [GC Worker End (ms): Min: 941.4, Avg: 941.4, Max: 941.4, Diff: 0.0]
   [Code Root Fixup: 0.0 ms]
   [Code Root Purge: 0.0 ms]
   [Clear CT: 0.1 ms]
   [Other: 0.8 ms]
      [Choose CSet: 0.0 ms]
      [Ref Proc: 0.2 ms]
      [Ref Enq: 0.0 ms]
      [Redirty Cards: 0.1 ms]
      [Humongous Register: 0.2 ms]
      [Humongous Reclaim: 0.0 ms]
      [Free CSet: 0.0 ms]
   [Eden: 32.0M(32.0M)->0.0B(20.0M) Survivors: 1024.0K->5120.0K Heap: 407.1M(512.0M)->377.8M(512.0M)]
 [Times: user=0.00 sys=0.00, real=0.00 secs] 
2021-01-23T20:33:15.195+0800: 0.947: [GC pause (G1 Evacuation Pause) (mixed), 0.0054179 secs]
   [Parallel Time: 4.7 ms, GC Workers: 8]
      [GC Worker Start (ms): Min: 947.1, Avg: 947.1, Max: 947.1, Diff: 0.1]
      [Ext Root Scanning (ms): Min: 0.1, Avg: 0.1, Max: 0.1, Diff: 0.1, Sum: 0.9]
      [Update RS (ms): Min: 0.2, Avg: 0.3, Max: 0.3, Diff: 0.1, Sum: 2.1]
         [Processed Buffers: Min: 3, Avg: 4.5, Max: 6, Diff: 3, Sum: 36]
      [Scan RS (ms): Min: 0.0, Avg: 0.0, Max: 0.0, Diff: 0.0, Sum: 0.2]
      [Code Root Scanning (ms): Min: 0.0, Avg: 0.0, Max: 0.0, Diff: 0.0, Sum: 0.0]
      [Object Copy (ms): Min: 4.0, Avg: 4.1, Max: 4.1, Diff: 0.1, Sum: 32.5]
      [Termination (ms): Min: 0.0, Avg: 0.1, Max: 0.1, Diff: 0.1, Sum: 0.7]
         [Termination Attempts: Min: 1, Avg: 1.3, Max: 2, Diff: 1, Sum: 10]
      [GC Worker Other (ms): Min: 0.0, Avg: 0.0, Max: 0.0, Diff: 0.0, Sum: 0.1]
      [GC Worker Total (ms): Min: 4.5, Avg: 4.6, Max: 4.6, Diff: 0.1, Sum: 36.4]
      [GC Worker End (ms): Min: 951.6, Avg: 951.6, Max: 951.7, Diff: 0.1]
   [Code Root Fixup: 0.0 ms]
   [Code Root Purge: 0.0 ms]
   [Clear CT: 0.1 ms]
   [Other: 0.6 ms]
      [Choose CSet: 0.0 ms]
      [Ref Proc: 0.2 ms]
      [Ref Enq: 0.0 ms]
      [Redirty Cards: 0.2 ms]
      [Humongous Register: 0.1 ms]
      [Humongous Reclaim: 0.0 ms]
      [Free CSet: 0.1 ms]
   [Eden: 20.0M(20.0M)->0.0B(21.0M) Survivors: 5120.0K->4096.0K Heap: 400.9M(512.0M)->363.1M(512.0M)]
 [Times: user=0.13 sys=0.00, real=0.01 secs] 
2021-01-23T20:33:15.204+0800: 0.955: [GC pause (G1 Evacuation Pause) (mixed), 0.0032121 secs]
   [Parallel Time: 2.7 ms, GC Workers: 8]
      [GC Worker Start (ms): Min: 955.5, Avg: 955.6, Max: 955.7, Diff: 0.2]
      [Ext Root Scanning (ms): Min: 0.0, Avg: 0.1, Max: 0.2, Diff: 0.2, Sum: 0.8]
      [Update RS (ms): Min: 0.5, Avg: 0.6, Max: 0.7, Diff: 0.1, Sum: 4.8]
         [Processed Buffers: Min: 0, Avg: 7.9, Max: 10, Diff: 10, Sum: 63]
      [Scan RS (ms): Min: 0.0, Avg: 0.0, Max: 0.1, Diff: 0.1, Sum: 0.1]
      [Code Root Scanning (ms): Min: 0.0, Avg: 0.0, Max: 0.0, Diff: 0.0, Sum: 0.0]
      [Object Copy (ms): Min: 1.7, Avg: 1.8, Max: 1.8, Diff: 0.1, Sum: 14.2]
      [Termination (ms): Min: 0.0, Avg: 0.1, Max: 0.1, Diff: 0.1, Sum: 0.4]
         [Termination Attempts: Min: 1, Avg: 1.0, Max: 1, Diff: 0, Sum: 8]
      [GC Worker Other (ms): Min: 0.0, Avg: 0.0, Max: 0.0, Diff: 0.0, Sum: 0.1]
      [GC Worker Total (ms): Min: 2.4, Avg: 2.5, Max: 2.6, Diff: 0.2, Sum: 20.4]
      [GC Worker End (ms): Min: 958.1, Avg: 958.1, Max: 958.1, Diff: 0.0]
   [Code Root Fixup: 0.0 ms]
   [Code Root Purge: 0.0 ms]
   [Clear CT: 0.1 ms]
   [Other: 0.4 ms]
      [Choose CSet: 0.0 ms]
      [Ref Proc: 0.1 ms]
      [Ref Enq: 0.0 ms]
      [Redirty Cards: 0.1 ms]
      [Humongous Register: 0.1 ms]
      [Humongous Reclaim: 0.0 ms]
      [Free CSet: 0.0 ms]
   [Eden: 21.0M(21.0M)->0.0B(29.0M) Survivors: 4096.0K->4096.0K Heap: 390.9M(512.0M)->368.6M(512.0M)]
 [Times: user=0.00 sys=0.00, real=0.00 secs] 
2021-01-23T20:33:15.206+0800: 0.959: [GC pause (G1 Humongous Allocation) (young) (initial-mark), 0.0011778 secs]
   [Parallel Time: 0.7 ms, GC Workers: 8]
      [GC Worker Start (ms): Min: 959.0, Avg: 959.0, Max: 959.1, Diff: 0.2]
      [Ext Root Scanning (ms): Min: 0.0, Avg: 0.2, Max: 0.3, Diff: 0.3, Sum: 1.3]
      [Update RS (ms): Min: 0.0, Avg: 0.1, Max: 0.2, Diff: 0.2, Sum: 0.6]
         [Processed Buffers: Min: 0, Avg: 1.1, Max: 2, Diff: 2, Sum: 9]
      [Scan RS (ms): Min: 0.0, Avg: 0.0, Max: 0.0, Diff: 0.0, Sum: 0.0]
      [Code Root Scanning (ms): Min: 0.0, Avg: 0.0, Max: 0.0, Diff: 0.0, Sum: 0.0]
      [Object Copy (ms): Min: 0.2, Avg: 0.3, Max: 0.4, Diff: 0.1, Sum: 2.3]
      [Termination (ms): Min: 0.0, Avg: 0.1, Max: 0.1, Diff: 0.1, Sum: 0.7]
         [Termination Attempts: Min: 1, Avg: 1.0, Max: 1, Diff: 0, Sum: 8]
      [GC Worker Other (ms): Min: 0.0, Avg: 0.0, Max: 0.0, Diff: 0.0, Sum: 0.1]
      [GC Worker Total (ms): Min: 0.5, Avg: 0.6, Max: 0.6, Diff: 0.2, Sum: 4.8]
      [GC Worker End (ms): Min: 959.6, Avg: 959.6, Max: 959.6, Diff: 0.0]
   [Code Root Fixup: 0.0 ms]
   [Code Root Purge: 0.0 ms]
   [Clear CT: 0.1 ms]
   [Other: 0.4 ms]
      [Choose CSet: 0.0 ms]
      [Ref Proc: 0.1 ms]
      [Ref Enq: 0.0 ms]
      [Redirty Cards: 0.1 ms]
      [Humongous Register: 0.1 ms]
      [Humongous Reclaim: 0.0 ms]
      [Free CSet: 0.0 ms]
   [Eden: 1024.0K(29.0M)->0.0B(28.0M) Survivors: 4096.0K->1024.0K Heap: 369.4M(512.0M)->368.2M(512.0M)]
 [Times: user=0.00 sys=0.00, real=0.00 secs] 
2021-01-23T20:33:15.208+0800: 0.960: [GC concurrent-root-region-scan-start]
2021-01-23T20:33:15.208+0800: 0.960: [GC concurrent-root-region-scan-end, 0.0001029 secs]
2021-01-23T20:33:15.208+0800: 0.960: [GC concurrent-mark-start]
2021-01-23T20:33:15.211+0800: 0.963: [GC concurrent-mark-end, 0.0030437 secs]
2021-01-23T20:33:15.211+0800: 0.963: [GC remark 2021-01-23T20:33:15.211+0800: 0.963: [Finalize Marking, 0.0001471 secs] 2021-01-23T20:33:15.211+0800: 0.964: [GC ref-proc, 0.0003823 secs] 2021-01-23T20:33:15.212+0800: 0.964: [Unloading, 0.0003883 secs], 0.0014932 secs]
 [Times: user=0.00 sys=0.00, real=0.00 secs] 
2021-01-23T20:33:15.213+0800: 0.965: [GC cleanup 390M->390M(512M), 0.0005321 secs]
 [Times: user=0.00 sys=0.00, real=0.00 secs] 
2021-01-23T20:33:15.216+0800: 0.968: [GC pause (G1 Evacuation Pause) (young), 0.0024920 secs]
   [Parallel Time: 1.9 ms, GC Workers: 8]
      [GC Worker Start (ms): Min: 968.3, Avg: 968.4, Max: 968.5, Diff: 0.2]
      [Ext Root Scanning (ms): Min: 0.0, Avg: 0.1, Max: 0.2, Diff: 0.2, Sum: 0.9]
      [Update RS (ms): Min: 0.8, Avg: 0.8, Max: 0.8, Diff: 0.0, Sum: 6.4]
         [Processed Buffers: Min: 1, Avg: 11.6, Max: 15, Diff: 14, Sum: 93]
      [Scan RS (ms): Min: 0.0, Avg: 0.0, Max: 0.0, Diff: 0.0, Sum: 0.0]
      [Code Root Scanning (ms): Min: 0.0, Avg: 0.0, Max: 0.0, Diff: 0.0, Sum: 0.0]
      [Object Copy (ms): Min: 0.8, Avg: 0.8, Max: 0.9, Diff: 0.1, Sum: 6.5]
      [Termination (ms): Min: 0.0, Avg: 0.1, Max: 0.1, Diff: 0.1, Sum: 0.5]
         [Termination Attempts: Min: 1, Avg: 1.0, Max: 1, Diff: 0, Sum: 8]
      [GC Worker Other (ms): Min: 0.0, Avg: 0.0, Max: 0.0, Diff: 0.0, Sum: 0.1]
      [GC Worker Total (ms): Min: 1.7, Avg: 1.8, Max: 1.8, Diff: 0.2, Sum: 14.3]
      [GC Worker End (ms): Min: 970.2, Avg: 970.2, Max: 970.2, Diff: 0.0]
   [Code Root Fixup: 0.0 ms]
   [Code Root Purge: 0.0 ms]
   [Clear CT: 0.1 ms]
   [Other: 0.5 ms]
      [Choose CSet: 0.0 ms]
      [Ref Proc: 0.2 ms]
      [Ref Enq: 0.0 ms]
      [Redirty Cards: 0.1 ms]
      [Humongous Register: 0.1 ms]
      [Humongous Reclaim: 0.0 ms]
      [Free CSet: 0.0 ms]
   [Eden: 28.0M(28.0M)->0.0B(21.0M) Survivors: 1024.0K->4096.0K Heap: 406.7M(512.0M)->378.2M(512.0M)]
 [Times: user=0.00 sys=0.00, real=0.00 secs] 
2021-01-23T20:33:15.224+0800: 0.976: [GC pause (G1 Evacuation Pause) (mixed), 0.0092525 secs]
   [Parallel Time: 7.3 ms, GC Workers: 8]
      [GC Worker Start (ms): Min: 976.9, Avg: 976.9, Max: 977.1, Diff: 0.2]
      [Ext Root Scanning (ms): Min: 0.0, Avg: 0.1, Max: 0.2, Diff: 0.2, Sum: 1.0]
      [Update RS (ms): Min: 0.1, Avg: 0.5, Max: 0.8, Diff: 0.7, Sum: 3.7]
         [Processed Buffers: Min: 3, Avg: 7.1, Max: 10, Diff: 7, Sum: 57]
      [Scan RS (ms): Min: 0.0, Avg: 0.1, Max: 0.2, Diff: 0.2, Sum: 0.5]
      [Code Root Scanning (ms): Min: 0.0, Avg: 0.0, Max: 0.0, Diff: 0.0, Sum: 0.0]
      [Object Copy (ms): Min: 5.9, Avg: 6.2, Max: 6.7, Diff: 0.7, Sum: 50.0]
      [Termination (ms): Min: 0.0, Avg: 0.1, Max: 0.1, Diff: 0.1, Sum: 0.7]
         [Termination Attempts: Min: 1, Avg: 1.3, Max: 2, Diff: 1, Sum: 10]
      [GC Worker Other (ms): Min: 0.0, Avg: 0.0, Max: 0.0, Diff: 0.0, Sum: 0.1]
      [GC Worker Total (ms): Min: 6.8, Avg: 7.0, Max: 7.1, Diff: 0.2, Sum: 56.0]
      [GC Worker End (ms): Min: 983.9, Avg: 983.9, Max: 984.0, Diff: 0.0]
   [Code Root Fixup: 0.0 ms]
   [Code Root Purge: 0.0 ms]
   [Clear CT: 1.1 ms]
   [Other: 0.8 ms]
      [Choose CSet: 0.0 ms]
      [Ref Proc: 0.4 ms]
      [Ref Enq: 0.0 ms]
      [Redirty Cards: 0.1 ms]
      [Humongous Register: 0.1 ms]
      [Humongous Reclaim: 0.0 ms]
      [Free CSet: 0.1 ms]
   [Eden: 21.0M(21.0M)->0.0B(31.0M) Survivors: 4096.0K->4096.0K Heap: 405.1M(512.0M)->366.7M(512.0M)]
 [Times: user=0.11 sys=0.00, real=0.01 secs] 
2021-01-23T20:33:15.234+0800: 0.986: [GC pause (G1 Humongous Allocation) (young) (initial-mark), 0.0011370 secs]
   [Parallel Time: 0.7 ms, GC Workers: 8]
      [GC Worker Start (ms): Min: 986.1, Avg: 986.1, Max: 986.2, Diff: 0.2]
      [Ext Root Scanning (ms): Min: 0.0, Avg: 0.2, Max: 0.4, Diff: 0.4, Sum: 1.6]
      [Update RS (ms): Min: 0.0, Avg: 0.1, Max: 0.2, Diff: 0.2, Sum: 0.6]
         [Processed Buffers: Min: 0, Avg: 1.1, Max: 2, Diff: 2, Sum: 9]
      [Scan RS (ms): Min: 0.0, Avg: 0.0, Max: 0.0, Diff: 0.0, Sum: 0.0]
      [Code Root Scanning (ms): Min: 0.0, Avg: 0.0, Max: 0.0, Diff: 0.0, Sum: 0.0]
      [Object Copy (ms): Min: 0.0, Avg: 0.2, Max: 0.3, Diff: 0.2, Sum: 1.2]
      [Termination (ms): Min: 0.0, Avg: 0.1, Max: 0.2, Diff: 0.2, Sum: 0.8]
         [Termination Attempts: Min: 1, Avg: 1.0, Max: 1, Diff: 0, Sum: 8]
      [GC Worker Other (ms): Min: 0.0, Avg: 0.0, Max: 0.0, Diff: 0.0, Sum: 0.1]
      [GC Worker Total (ms): Min: 0.4, Avg: 0.5, Max: 0.6, Diff: 0.1, Sum: 4.3]
      [GC Worker End (ms): Min: 986.6, Avg: 986.6, Max: 986.6, Diff: 0.0]
   [Code Root Fixup: 0.0 ms]
   [Code Root Purge: 0.0 ms]
   [Clear CT: 0.1 ms]
   [Other: 0.4 ms]
      [Choose CSet: 0.0 ms]
      [Ref Proc: 0.1 ms]
      [Ref Enq: 0.0 ms]
      [Redirty Cards: 0.1 ms]
      [Humongous Register: 0.1 ms]
      [Humongous Reclaim: 0.0 ms]
      [Free CSet: 0.0 ms]
   [Eden: 1024.0K(31.0M)->0.0B(32.0M) Survivors: 4096.0K->1024.0K Heap: 367.4M(512.0M)->365.9M(512.0M)]
 [Times: user=0.00 sys=0.00, real=0.00 secs] 
2021-01-23T20:33:15.235+0800: 0.987: [GC concurrent-root-region-scan-start]
2021-01-23T20:33:15.235+0800: 0.987: [GC concurrent-root-region-scan-end, 0.0000352 secs]
2021-01-23T20:33:15.235+0800: 0.987: [GC concurrent-mark-start]
2021-01-23T20:33:15.238+0800: 0.989: [GC concurrent-mark-end, 0.0022193 secs]
2021-01-23T20:33:15.238+0800: 0.990: [GC remark 2021-01-23T20:33:15.238+0800: 0.990: [Finalize Marking, 0.0001067 secs] 2021-01-23T20:33:15.238+0800: 0.990: [GC ref-proc, 0.0003355 secs] 2021-01-23T20:33:15.238+0800: 0.990: [Unloading, 0.0004147 secs], 0.0014174 secs]
 [Times: user=0.00 sys=0.00, real=0.00 secs] 
2021-01-23T20:33:15.239+0800: 0.991: [GC cleanup 383M->383M(512M), 0.0004954 secs]
 [Times: user=0.00 sys=0.00, real=0.00 secs] 
2021-01-23T20:33:15.243+0800: 0.994: [GC pause (G1 Evacuation Pause) (young), 0.0023837 secs]
   [Parallel Time: 1.7 ms, GC Workers: 8]
      [GC Worker Start (ms): Min: 994.4, Avg: 994.4, Max: 994.5, Diff: 0.1]
      [Ext Root Scanning (ms): Min: 0.1, Avg: 0.1, Max: 0.1, Diff: 0.1, Sum: 0.8]
      [Update RS (ms): Min: 0.5, Avg: 0.5, Max: 0.5, Diff: 0.0, Sum: 4.1]
         [Processed Buffers: Min: 8, Avg: 8.9, Max: 10, Diff: 2, Sum: 71]
      [Scan RS (ms): Min: 0.0, Avg: 0.0, Max: 0.0, Diff: 0.0, Sum: 0.0]
      [Code Root Scanning (ms): Min: 0.0, Avg: 0.0, Max: 0.0, Diff: 0.0, Sum: 0.0]
      [Object Copy (ms): Min: 0.9, Avg: 0.9, Max: 1.0, Diff: 0.1, Sum: 7.2]
      [Termination (ms): Min: 0.0, Avg: 0.1, Max: 0.1, Diff: 0.1, Sum: 0.6]
         [Termination Attempts: Min: 1, Avg: 1.0, Max: 1, Diff: 0, Sum: 8]
      [GC Worker Other (ms): Min: 0.0, Avg: 0.0, Max: 0.0, Diff: 0.0, Sum: 0.1]
      [GC Worker Total (ms): Min: 1.6, Avg: 1.6, Max: 1.7, Diff: 0.1, Sum: 12.9]
      [GC Worker End (ms): Min: 996.0, Avg: 996.1, Max: 996.1, Diff: 0.0]
   [Code Root Fixup: 0.0 ms]
   [Code Root Purge: 0.0 ms]
   [Clear CT: 0.1 ms]
   [Other: 0.6 ms]
      [Choose CSet: 0.0 ms]
      [Ref Proc: 0.3 ms]
      [Ref Enq: 0.0 ms]
      [Redirty Cards: 0.1 ms]
      [Humongous Register: 0.1 ms]
      [Humongous Reclaim: 0.0 ms]
      [Free CSet: 0.0 ms]
   [Eden: 32.0M(32.0M)->0.0B(20.0M) Survivors: 1024.0K->5120.0K Heap: 405.8M(512.0M)->375.9M(512.0M)]
 [Times: user=0.00 sys=0.00, real=0.00 secs] 
2021-01-23T20:33:15.247+0800: 1.000: [GC pause (G1 Evacuation Pause) (mixed), 0.0043364 secs]
   [Parallel Time: 3.8 ms, GC Workers: 8]
      [GC Worker Start (ms): Min: 999.7, Avg: 999.7, Max: 999.8, Diff: 0.1]
      [Ext Root Scanning (ms): Min: 0.1, Avg: 0.1, Max: 0.1, Diff: 0.1, Sum: 0.9]
      [Update RS (ms): Min: 0.4, Avg: 0.4, Max: 0.4, Diff: 0.0, Sum: 2.9]
         [Processed Buffers: Min: 5, Avg: 6.4, Max: 8, Diff: 3, Sum: 51]
      [Scan RS (ms): Min: 0.0, Avg: 0.0, Max: 0.0, Diff: 0.0, Sum: 0.1]
      [Code Root Scanning (ms): Min: 0.0, Avg: 0.0, Max: 0.0, Diff: 0.0, Sum: 0.0]
      [Object Copy (ms): Min: 3.1, Avg: 3.2, Max: 3.2, Diff: 0.1, Sum: 25.2]
      [Termination (ms): Min: 0.0, Avg: 0.0, Max: 0.0, Diff: 0.0, Sum: 0.2]
         [Termination Attempts: Min: 1, Avg: 1.3, Max: 2, Diff: 1, Sum: 10]
      [GC Worker Other (ms): Min: 0.0, Avg: 0.0, Max: 0.0, Diff: 0.0, Sum: 0.1]
      [GC Worker Total (ms): Min: 3.7, Avg: 3.7, Max: 3.7, Diff: 0.1, Sum: 29.5]
      [GC Worker End (ms): Min: 1003.4, Avg: 1003.4, Max: 1003.4, Diff: 0.0]
   [Code Root Fixup: 0.0 ms]
   [Code Root Purge: 0.0 ms]
   [Clear CT: 0.1 ms]
   [Other: 0.4 ms]
      [Choose CSet: 0.0 ms]
      [Ref Proc: 0.1 ms]
      [Ref Enq: 0.0 ms]
      [Redirty Cards: 0.1 ms]
      [Humongous Register: 0.1 ms]
      [Humongous Reclaim: 0.0 ms]
      [Free CSet: 0.0 ms]
   [Eden: 20.0M(20.0M)->0.0B(29.0M) Survivors: 5120.0K->4096.0K Heap: 400.9M(512.0M)->368.7M(512.0M)]
 [Times: user=0.00 sys=0.00, real=0.01 secs] 
2021-01-23T20:33:15.253+0800: 1.006: [GC pause (G1 Humongous Allocation) (young) (initial-mark), 0.0020050 secs]
   [Parallel Time: 1.4 ms, GC Workers: 8]
      [GC Worker Start (ms): Min: 1006.0, Avg: 1006.0, Max: 1006.1, Diff: 0.2]
      [Ext Root Scanning (ms): Min: 0.0, Avg: 0.3, Max: 1.1, Diff: 1.1, Sum: 2.2]
      [Update RS (ms): Min: 0.0, Avg: 0.1, Max: 0.1, Diff: 0.1, Sum: 0.6]
         [Processed Buffers: Min: 0, Avg: 1.1, Max: 2, Diff: 2, Sum: 9]
      [Scan RS (ms): Min: 0.0, Avg: 0.0, Max: 0.0, Diff: 0.0, Sum: 0.0]
      [Code Root Scanning (ms): Min: 0.0, Avg: 0.0, Max: 0.0, Diff: 0.0, Sum: 0.0]
      [Object Copy (ms): Min: 0.0, Avg: 0.8, Max: 0.9, Diff: 0.9, Sum: 6.2]
      [Termination (ms): Min: 0.0, Avg: 0.0, Max: 0.1, Diff: 0.1, Sum: 0.3]
         [Termination Attempts: Min: 1, Avg: 1.0, Max: 1, Diff: 0, Sum: 8]
      [GC Worker Other (ms): Min: 0.0, Avg: 0.0, Max: 0.0, Diff: 0.0, Sum: 0.1]
      [GC Worker Total (ms): Min: 1.0, Avg: 1.2, Max: 1.3, Diff: 0.2, Sum: 9.4]
      [GC Worker End (ms): Min: 1007.2, Avg: 1007.2, Max: 1007.2, Diff: 0.1]
   [Code Root Fixup: 0.0 ms]
   [Code Root Purge: 0.0 ms]
   [Clear CT: 0.1 ms]
   [Other: 0.5 ms]
      [Choose CSet: 0.0 ms]
      [Ref Proc: 0.1 ms]
      [Ref Enq: 0.0 ms]
      [Redirty Cards: 0.1 ms]
      [Humongous Register: 0.1 ms]
      [Humongous Reclaim: 0.0 ms]
      [Free CSet: 0.0 ms]
   [Eden: 13.0M(29.0M)->0.0B(24.0M) Survivors: 4096.0K->5120.0K Heap: 381.1M(512.0M)->374.1M(512.0M)]
 [Times: user=0.00 sys=0.00, real=0.00 secs] 
2021-01-23T20:33:15.256+0800: 1.008: [GC concurrent-root-region-scan-start]
2021-01-23T20:33:15.256+0800: 1.008: [GC concurrent-root-region-scan-end, 0.0001220 secs]
2021-01-23T20:33:15.256+0800: 1.008: [GC concurrent-mark-start]
2021-01-23T20:33:15.259+0800: 1.011: [GC concurrent-mark-end, 0.0032447 secs]
2021-01-23T20:33:15.260+0800: 1.012: [GC remark 2021-01-23T20:33:15.260+0800: 1.012: [Finalize Marking, 0.0001284 secs] 2021-01-23T20:33:15.260+0800: 1.012: [GC ref-proc, 0.0004898 secs] 2021-01-23T20:33:15.260+0800: 1.012: [Unloading, 0.0006139 secs], 0.0018437 secs]
 [Times: user=0.00 sys=0.00, real=0.00 secs] 
2021-01-23T20:33:15.262+0800: 1.014: [GC cleanup 392M->392M(512M), 0.0004950 secs]
 [Times: user=0.00 sys=0.00, real=0.00 secs] 
2021-01-23T20:33:15.265+0800: 1.017: [GC pause (G1 Evacuation Pause) (young), 0.0037490 secs]
   [Parallel Time: 2.8 ms, GC Workers: 8]
      [GC Worker Start (ms): Min: 1017.2, Avg: 1017.6, Max: 1019.7, Diff: 2.5]
      [Ext Root Scanning (ms): Min: 0.0, Avg: 0.1, Max: 0.2, Diff: 0.2, Sum: 0.8]
      [Update RS (ms): Min: 0.0, Avg: 0.6, Max: 0.7, Diff: 0.7, Sum: 5.0]
         [Processed Buffers: Min: 0, Avg: 10.4, Max: 13, Diff: 13, Sum: 83]
      [Scan RS (ms): Min: 0.0, Avg: 0.0, Max: 0.0, Diff: 0.0, Sum: 0.0]
      [Code Root Scanning (ms): Min: 0.0, Avg: 0.0, Max: 0.0, Diff: 0.0, Sum: 0.0]
      [Object Copy (ms): Min: 0.0, Avg: 1.5, Max: 1.8, Diff: 1.8, Sum: 11.6]
      [Termination (ms): Min: 0.0, Avg: 0.1, Max: 0.2, Diff: 0.2, Sum: 0.9]
         [Termination Attempts: Min: 1, Avg: 1.0, Max: 1, Diff: 0, Sum: 8]
      [GC Worker Other (ms): Min: 0.0, Avg: 0.0, Max: 0.0, Diff: 0.0, Sum: 0.1]
      [GC Worker Total (ms): Min: 0.1, Avg: 2.3, Max: 2.7, Diff: 2.5, Sum: 18.5]
      [GC Worker End (ms): Min: 1019.9, Avg: 1019.9, Max: 1019.9, Diff: 0.0]
   [Code Root Fixup: 0.0 ms]
   [Code Root Purge: 0.0 ms]
   [Clear CT: 0.2 ms]
   [Other: 0.8 ms]
      [Choose CSet: 0.0 ms]
      [Ref Proc: 0.1 ms]
      [Ref Enq: 0.0 ms]
      [Redirty Cards: 0.1 ms]
      [Humongous Register: 0.1 ms]
      [Humongous Reclaim: 0.2 ms]
      [Free CSet: 0.1 ms]
   [Eden: 24.0M(24.0M)->0.0B(21.0M) Survivors: 5120.0K->4096.0K Heap: 407.4M(512.0M)->383.1M(512.0M)]
 [Times: user=0.00 sys=0.00, real=0.00 secs] 
2021-01-23T20:33:15.278+0800: 1.030: [GC pause (G1 Evacuation Pause) (mixed), 0.0054284 secs]
   [Parallel Time: 4.7 ms, GC Workers: 8]
      [GC Worker Start (ms): Min: 1029.7, Avg: 1029.8, Max: 1029.9, Diff: 0.2]
      [Ext Root Scanning (ms): Min: 0.0, Avg: 0.1, Max: 0.2, Diff: 0.2, Sum: 0.9]
      [Update RS (ms): Min: 0.4, Avg: 0.5, Max: 0.5, Diff: 0.1, Sum: 4.0]
         [Processed Buffers: Min: 0, Avg: 7.5, Max: 10, Diff: 10, Sum: 60]
      [Scan RS (ms): Min: 0.0, Avg: 0.0, Max: 0.1, Diff: 0.1, Sum: 0.2]
      [Code Root Scanning (ms): Min: 0.0, Avg: 0.0, Max: 0.0, Diff: 0.0, Sum: 0.0]
      [Object Copy (ms): Min: 3.7, Avg: 3.8, Max: 3.8, Diff: 0.1, Sum: 30.2]
      [Termination (ms): Min: 0.0, Avg: 0.1, Max: 0.1, Diff: 0.1, Sum: 0.6]
         [Termination Attempts: Min: 1, Avg: 1.0, Max: 1, Diff: 0, Sum: 8]
      [GC Worker Other (ms): Min: 0.0, Avg: 0.0, Max: 0.0, Diff: 0.0, Sum: 0.1]
      [GC Worker Total (ms): Min: 4.4, Avg: 4.5, Max: 4.6, Diff: 0.2, Sum: 36.0]
      [GC Worker End (ms): Min: 1034.3, Avg: 1034.3, Max: 1034.3, Diff: 0.0]
   [Code Root Fixup: 0.0 ms]
   [Code Root Purge: 0.0 ms]
   [Clear CT: 0.1 ms]
   [Other: 0.6 ms]
      [Choose CSet: 0.0 ms]
      [Ref Proc: 0.1 ms]
      [Ref Enq: 0.0 ms]
      [Redirty Cards: 0.2 ms]
      [Humongous Register: 0.1 ms]
      [Humongous Reclaim: 0.0 ms]
      [Free CSet: 0.1 ms]
   [Eden: 21.0M(21.0M)->0.0B(29.0M) Survivors: 4096.0K->4096.0K Heap: 410.3M(512.0M)->367.0M(512.0M)]
 [Times: user=0.00 sys=0.00, real=0.00 secs] 
2021-01-23T20:33:15.284+0800: 1.036: [GC pause (G1 Humongous Allocation) (young) (initial-mark), 0.0014396 secs]
   [Parallel Time: 0.8 ms, GC Workers: 8]
      [GC Worker Start (ms): Min: 1035.9, Avg: 1036.0, Max: 1036.1, Diff: 0.1]
      [Ext Root Scanning (ms): Min: 0.0, Avg: 0.1, Max: 0.1, Diff: 0.1, Sum: 0.8]
      [Update RS (ms): Min: 0.0, Avg: 0.1, Max: 0.3, Diff: 0.2, Sum: 1.0]
         [Processed Buffers: Min: 1, Avg: 1.1, Max: 2, Diff: 1, Sum: 9]
      [Scan RS (ms): Min: 0.0, Avg: 0.0, Max: 0.0, Diff: 0.0, Sum: 0.0]
      [Code Root Scanning (ms): Min: 0.0, Avg: 0.0, Max: 0.0, Diff: 0.0, Sum: 0.0]
      [Object Copy (ms): Min: 0.2, Avg: 0.4, Max: 0.5, Diff: 0.3, Sum: 3.2]
      [Termination (ms): Min: 0.0, Avg: 0.1, Max: 0.1, Diff: 0.1, Sum: 0.5]
         [Termination Attempts: Min: 1, Avg: 1.0, Max: 1, Diff: 0, Sum: 8]
      [GC Worker Other (ms): Min: 0.0, Avg: 0.0, Max: 0.0, Diff: 0.0, Sum: 0.1]
      [GC Worker Total (ms): Min: 0.6, Avg: 0.7, Max: 0.7, Diff: 0.1, Sum: 5.6]
      [GC Worker End (ms): Min: 1036.7, Avg: 1036.7, Max: 1036.7, Diff: 0.0]
   [Code Root Fixup: 0.0 ms]
   [Code Root Purge: 0.0 ms]
   [Clear CT: 0.1 ms]
   [Other: 0.5 ms]
      [Choose CSet: 0.0 ms]
      [Ref Proc: 0.2 ms]
      [Ref Enq: 0.0 ms]
      [Redirty Cards: 0.1 ms]
      [Humongous Register: 0.1 ms]
      [Humongous Reclaim: 0.0 ms]
      [Free CSet: 0.0 ms]
   [Eden: 5120.0K(29.0M)->0.0B(30.0M) Survivors: 4096.0K->1024.0K Heap: 372.0M(512.0M)->367.3M(512.0M)]
 [Times: user=0.00 sys=0.00, real=0.00 secs] 
2021-01-23T20:33:15.286+0800: 1.037: [GC concurrent-root-region-scan-start]
2021-01-23T20:33:15.286+0800: 1.038: [GC concurrent-root-region-scan-end, 0.0001590 secs]
2021-01-23T20:33:15.286+0800: 1.038: [GC concurrent-mark-start]
2021-01-23T20:33:15.288+0800: 1.040: [GC concurrent-mark-end, 0.0028612 secs]
2021-01-23T20:33:15.288+0800: 1.041: [GC remark 2021-01-23T20:33:15.288+0800: 1.041: [Finalize Marking, 0.0001619 secs] 2021-01-23T20:33:15.288+0800: 1.041: [GC ref-proc, 0.0003739 secs] 2021-01-23T20:33:15.289+0800: 1.041: [Unloading, 0.0004067 secs], 0.0016103 secs]
 [Times: user=0.11 sys=0.00, real=0.00 secs] 
2021-01-23T20:33:15.290+0800: 1.042: [GC cleanup 388M->388M(512M), 0.0007136 secs]
 [Times: user=0.00 sys=0.00, real=0.00 secs] 
2021-01-23T20:33:15.295+0800: 1.048: [GC pause (G1 Evacuation Pause) (young), 0.0027615 secs]
   [Parallel Time: 2.2 ms, GC Workers: 8]
      [GC Worker Start (ms): Min: 1047.9, Avg: 1047.9, Max: 1047.9, Diff: 0.1]
      [Ext Root Scanning (ms): Min: 0.1, Avg: 0.1, Max: 0.1, Diff: 0.1, Sum: 0.9]
      [Update RS (ms): Min: 0.7, Avg: 0.7, Max: 0.7, Diff: 0.1, Sum: 5.7]
         [Processed Buffers: Min: 7, Avg: 11.8, Max: 13, Diff: 6, Sum: 94]
      [Scan RS (ms): Min: 0.0, Avg: 0.0, Max: 0.0, Diff: 0.0, Sum: 0.0]
      [Code Root Scanning (ms): Min: 0.0, Avg: 0.0, Max: 0.0, Diff: 0.0, Sum: 0.0]
      [Object Copy (ms): Min: 1.2, Avg: 1.2, Max: 1.2, Diff: 0.1, Sum: 9.7]
      [Termination (ms): Min: 0.0, Avg: 0.0, Max: 0.1, Diff: 0.1, Sum: 0.3]
         [Termination Attempts: Min: 1, Avg: 1.0, Max: 1, Diff: 0, Sum: 8]
      [GC Worker Other (ms): Min: 0.0, Avg: 0.0, Max: 0.0, Diff: 0.0, Sum: 0.1]
      [GC Worker Total (ms): Min: 2.0, Avg: 2.1, Max: 2.1, Diff: 0.1, Sum: 16.6]
      [GC Worker End (ms): Min: 1050.0, Avg: 1050.0, Max: 1050.0, Diff: 0.0]
   [Code Root Fixup: 0.0 ms]
   [Code Root Purge: 0.0 ms]
   [Clear CT: 0.1 ms]
   [Other: 0.4 ms]
      [Choose CSet: 0.0 ms]
      [Ref Proc: 0.1 ms]
      [Ref Enq: 0.0 ms]
      [Redirty Cards: 0.1 ms]
      [Humongous Register: 0.1 ms]
      [Humongous Reclaim: 0.0 ms]
      [Free CSet: 0.0 ms]
   [Eden: 30.0M(30.0M)->0.0B(21.0M) Survivors: 1024.0K->4096.0K Heap: 416.4M(512.0M)->386.1M(512.0M)]
 [Times: user=0.00 sys=0.00, real=0.00 secs] 
2021-01-23T20:33:15.302+0800: 1.054: [GC pause (G1 Evacuation Pause) (mixed), 0.0064946 secs]
   [Parallel Time: 5.7 ms, GC Workers: 8]
      [GC Worker Start (ms): Min: 1054.5, Avg: 1054.8, Max: 1056.3, Diff: 1.8]
      [Ext Root Scanning (ms): Min: 0.0, Avg: 0.1, Max: 0.2, Diff: 0.1, Sum: 0.8]
      [Update RS (ms): Min: 0.0, Avg: 0.2, Max: 0.3, Diff: 0.3, Sum: 1.6]
         [Processed Buffers: Min: 0, Avg: 3.0, Max: 5, Diff: 5, Sum: 24]
      [Scan RS (ms): Min: 0.0, Avg: 0.0, Max: 0.1, Diff: 0.1, Sum: 0.3]
      [Code Root Scanning (ms): Min: 0.0, Avg: 0.0, Max: 0.0, Diff: 0.0, Sum: 0.0]
      [Object Copy (ms): Min: 3.8, Avg: 5.0, Max: 5.2, Diff: 1.4, Sum: 40.1]
      [Termination (ms): Min: 0.0, Avg: 0.0, Max: 0.1, Diff: 0.1, Sum: 0.3]
         [Termination Attempts: Min: 1, Avg: 1.0, Max: 1, Diff: 0, Sum: 8]
      [GC Worker Other (ms): Min: 0.0, Avg: 0.0, Max: 0.0, Diff: 0.0, Sum: 0.2]
      [GC Worker Total (ms): Min: 3.9, Avg: 5.4, Max: 5.7, Diff: 1.8, Sum: 43.3]
      [GC Worker End (ms): Min: 1060.2, Avg: 1060.2, Max: 1060.2, Diff: 0.0]
   [Code Root Fixup: 0.0 ms]
   [Code Root Purge: 0.0 ms]
   [Clear CT: 0.1 ms]
   [Other: 0.6 ms]
      [Choose CSet: 0.0 ms]
      [Ref Proc: 0.2 ms]
      [Ref Enq: 0.0 ms]
      [Redirty Cards: 0.1 ms]
      [Humongous Register: 0.1 ms]
      [Humongous Reclaim: 0.0 ms]
      [Free CSet: 0.1 ms]
   [Eden: 21.0M(21.0M)->0.0B(22.0M) Survivors: 4096.0K->4096.0K Heap: 409.0M(512.0M)->375.3M(512.0M)]
 [Times: user=0.11 sys=0.00, real=0.01 secs] 
2021-01-23T20:33:15.310+0800: 1.062: [GC pause (G1 Humongous Allocation) (young) (initial-mark), 0.0025250 secs]
   [Parallel Time: 1.3 ms, GC Workers: 8]
      [GC Worker Start (ms): Min: 1062.0, Avg: 1062.1, Max: 1062.2, Diff: 0.1]
      [Ext Root Scanning (ms): Min: 0.1, Avg: 0.2, Max: 0.2, Diff: 0.1, Sum: 1.3]
      [Update RS (ms): Min: 0.1, Avg: 0.3, Max: 0.7, Diff: 0.6, Sum: 2.0]
         [Processed Buffers: Min: 1, Avg: 1.1, Max: 2, Diff: 1, Sum: 9]
      [Scan RS (ms): Min: 0.0, Avg: 0.0, Max: 0.0, Diff: 0.0, Sum: 0.0]
      [Code Root Scanning (ms): Min: 0.0, Avg: 0.0, Max: 0.0, Diff: 0.0, Sum: 0.0]
      [Object Copy (ms): Min: 0.3, Avg: 0.6, Max: 0.8, Diff: 0.5, Sum: 4.8]
      [Termination (ms): Min: 0.0, Avg: 0.1, Max: 0.2, Diff: 0.2, Sum: 1.0]
         [Termination Attempts: Min: 1, Avg: 1.0, Max: 1, Diff: 0, Sum: 8]
      [GC Worker Other (ms): Min: 0.0, Avg: 0.0, Max: 0.0, Diff: 0.0, Sum: 0.2]
      [GC Worker Total (ms): Min: 1.1, Avg: 1.2, Max: 1.2, Diff: 0.1, Sum: 9.3]
      [GC Worker End (ms): Min: 1063.3, Avg: 1063.3, Max: 1063.3, Diff: 0.0]
   [Code Root Fixup: 0.0 ms]
   [Code Root Purge: 0.0 ms]
   [Clear CT: 0.1 ms]
   [Other: 1.1 ms]
      [Choose CSet: 0.0 ms]
      [Ref Proc: 0.6 ms]
      [Ref Enq: 0.0 ms]
      [Redirty Cards: 0.1 ms]
      [Humongous Register: 0.2 ms]
      [Humongous Reclaim: 0.0 ms]
      [Free CSet: 0.0 ms]
   [Eden: 1024.0K(22.0M)->0.0B(24.0M) Survivors: 4096.0K->1024.0K Heap: 376.1M(512.0M)->375.7M(512.0M)]
 [Times: user=0.00 sys=0.00, real=0.00 secs] 
2021-01-23T20:33:15.312+0800: 1.064: [GC concurrent-root-region-scan-start]
2021-01-23T20:33:15.313+0800: 1.064: [GC concurrent-root-region-scan-end, 0.0001256 secs]
2021-01-23T20:33:15.313+0800: 1.064: [GC concurrent-mark-start]
2021-01-23T20:33:15.315+0800: 1.067: [GC concurrent-mark-end, 0.0023983 secs]
2021-01-23T20:33:15.315+0800: 1.067: [GC remark 2021-01-23T20:33:15.315+0800: 1.067: [Finalize Marking, 0.0001323 secs] 2021-01-23T20:33:15.315+0800: 1.067: [GC ref-proc, 0.0003633 secs] 2021-01-23T20:33:15.316+0800: 1.068: [Unloading, 0.0004498 secs], 0.0015476 secs]
 [Times: user=0.00 sys=0.00, real=0.00 secs] 
2021-01-23T20:33:15.317+0800: 1.069: [GC cleanup 392M->392M(512M), 0.0004671 secs]
 [Times: user=0.00 sys=0.00, real=0.00 secs] 
2021-01-23T20:33:15.319+0800: 1.071: [GC pause (G1 Evacuation Pause) (young), 0.0020993 secs]
   [Parallel Time: 1.5 ms, GC Workers: 8]
      [GC Worker Start (ms): Min: 1071.5, Avg: 1071.5, Max: 1071.6, Diff: 0.2]
      [Ext Root Scanning (ms): Min: 0.0, Avg: 0.1, Max: 0.2, Diff: 0.2, Sum: 0.9]
      [Update RS (ms): Min: 0.5, Avg: 0.6, Max: 0.6, Diff: 0.1, Sum: 4.5]
         [Processed Buffers: Min: 0, Avg: 8.5, Max: 11, Diff: 11, Sum: 68]
      [Scan RS (ms): Min: 0.0, Avg: 0.0, Max: 0.0, Diff: 0.0, Sum: 0.0]
      [Code Root Scanning (ms): Min: 0.0, Avg: 0.0, Max: 0.0, Diff: 0.0, Sum: 0.0]
      [Object Copy (ms): Min: 0.6, Avg: 0.7, Max: 0.7, Diff: 0.1, Sum: 5.3]
      [Termination (ms): Min: 0.0, Avg: 0.0, Max: 0.1, Diff: 0.1, Sum: 0.2]
         [Termination Attempts: Min: 1, Avg: 1.0, Max: 1, Diff: 0, Sum: 8]
      [GC Worker Other (ms): Min: 0.0, Avg: 0.0, Max: 0.0, Diff: 0.0, Sum: 0.1]
      [GC Worker Total (ms): Min: 1.3, Avg: 1.4, Max: 1.4, Diff: 0.2, Sum: 11.0]
      [GC Worker End (ms): Min: 1072.9, Avg: 1072.9, Max: 1072.9, Diff: 0.0]
   [Code Root Fixup: 0.0 ms]
   [Code Root Purge: 0.0 ms]
   [Clear CT: 0.1 ms]
   [Other: 0.5 ms]
      [Choose CSet: 0.0 ms]
      [Ref Proc: 0.1 ms]
      [Ref Enq: 0.0 ms]
      [Redirty Cards: 0.1 ms]
      [Humongous Register: 0.2 ms]
      [Humongous Reclaim: 0.0 ms]
      [Free CSet: 0.1 ms]
   [Eden: 24.0M(24.0M)->0.0B(21.0M) Survivors: 1024.0K->4096.0K Heap: 407.0M(512.0M)->384.8M(512.0M)]
 [Times: user=0.01 sys=0.00, real=0.00 secs] 
2021-01-23T20:33:15.325+0800: 1.077: [GC pause (G1 Evacuation Pause) (mixed), 0.0058286 secs]
   [Parallel Time: 5.0 ms, GC Workers: 8]
      [GC Worker Start (ms): Min: 1076.9, Avg: 1077.5, Max: 1080.0, Diff: 3.1]
      [Ext Root Scanning (ms): Min: 0.0, Avg: 0.2, Max: 0.3, Diff: 0.3, Sum: 1.5]
      [Update RS (ms): Min: 0.0, Avg: 0.3, Max: 0.5, Diff: 0.5, Sum: 2.3]
         [Processed Buffers: Min: 0, Avg: 4.3, Max: 7, Diff: 7, Sum: 34]
      [Scan RS (ms): Min: 0.0, Avg: 0.0, Max: 0.1, Diff: 0.1, Sum: 0.3]
      [Code Root Scanning (ms): Min: 0.0, Avg: 0.0, Max: 0.0, Diff: 0.0, Sum: 0.0]
      [Object Copy (ms): Min: 1.6, Avg: 3.7, Max: 4.2, Diff: 2.6, Sum: 29.8]
      [Termination (ms): Min: 0.0, Avg: 0.0, Max: 0.1, Diff: 0.1, Sum: 0.2]
         [Termination Attempts: Min: 1, Avg: 1.0, Max: 1, Diff: 0, Sum: 8]
      [GC Worker Other (ms): Min: 0.0, Avg: 0.0, Max: 0.1, Diff: 0.1, Sum: 0.2]
      [GC Worker Total (ms): Min: 1.8, Avg: 4.3, Max: 4.9, Diff: 3.1, Sum: 34.5]
      [GC Worker End (ms): Min: 1081.8, Avg: 1081.8, Max: 1081.8, Diff: 0.0]
   [Code Root Fixup: 0.0 ms]
   [Code Root Purge: 0.0 ms]
   [Clear CT: 0.1 ms]
   [Other: 0.7 ms]
      [Choose CSet: 0.0 ms]
      [Ref Proc: 0.2 ms]
      [Ref Enq: 0.0 ms]
      [Redirty Cards: 0.1 ms]
      [Humongous Register: 0.2 ms]
      [Humongous Reclaim: 0.0 ms]
      [Free CSet: 0.1 ms]
   [Eden: 21.0M(21.0M)->0.0B(21.0M) Survivors: 4096.0K->4096.0K Heap: 408.7M(512.0M)->380.5M(512.0M)]
 [Times: user=0.00 sys=0.00, real=0.00 secs] 
2021-01-23T20:33:15.330+0800: 1.083: [GC pause (G1 Humongous Allocation) (young) (initial-mark), 0.0013515 secs]
   [Parallel Time: 0.8 ms, GC Workers: 8]
      [GC Worker Start (ms): Min: 1083.1, Avg: 1083.1, Max: 1083.3, Diff: 0.2]
      [Ext Root Scanning (ms): Min: 0.0, Avg: 0.2, Max: 0.2, Diff: 0.2, Sum: 1.2]
      [Update RS (ms): Min: 0.0, Avg: 0.1, Max: 0.5, Diff: 0.4, Sum: 1.1]
         [Processed Buffers: Min: 1, Avg: 1.0, Max: 1, Diff: 0, Sum: 8]
      [Scan RS (ms): Min: 0.0, Avg: 0.0, Max: 0.0, Diff: 0.0, Sum: 0.0]
      [Code Root Scanning (ms): Min: 0.0, Avg: 0.0, Max: 0.0, Diff: 0.0, Sum: 0.0]
      [Object Copy (ms): Min: 0.0, Avg: 0.3, Max: 0.5, Diff: 0.5, Sum: 2.6]
      [Termination (ms): Min: 0.0, Avg: 0.1, Max: 0.1, Diff: 0.1, Sum: 0.5]
         [Termination Attempts: Min: 1, Avg: 1.0, Max: 1, Diff: 0, Sum: 8]
      [GC Worker Other (ms): Min: 0.0, Avg: 0.0, Max: 0.0, Diff: 0.0, Sum: 0.1]
      [GC Worker Total (ms): Min: 0.6, Avg: 0.7, Max: 0.7, Diff: 0.2, Sum: 5.5]
      [GC Worker End (ms): Min: 1083.8, Avg: 1083.8, Max: 1083.8, Diff: 0.0]
   [Code Root Fixup: 0.0 ms]
   [Code Root Purge: 0.0 ms]
   [Clear CT: 0.1 ms]
   [Other: 0.5 ms]
      [Choose CSet: 0.0 ms]
      [Ref Proc: 0.1 ms]
      [Ref Enq: 0.0 ms]
      [Redirty Cards: 0.1 ms]
      [Humongous Register: 0.1 ms]
      [Humongous Reclaim: 0.0 ms]
      [Free CSet: 0.0 ms]
   [Eden: 3072.0K(21.0M)->0.0B(24.0M) Survivors: 4096.0K->1024.0K Heap: 382.7M(512.0M)->381.1M(512.0M)]
 [Times: user=0.00 sys=0.00, real=0.00 secs] 
2021-01-23T20:33:15.332+0800: 1.084: [GC concurrent-root-region-scan-start]
2021-01-23T20:33:15.332+0800: 1.085: [GC concurrent-root-region-scan-end, 0.0001256 secs]
2021-01-23T20:33:15.332+0800: 1.085: [GC concurrent-mark-start]
2021-01-23T20:33:15.335+0800: 1.088: [GC concurrent-mark-end, 0.0029642 secs]
2021-01-23T20:33:15.335+0800: 1.088: [GC remark 2021-01-23T20:33:15.335+0800: 1.088: [Finalize Marking, 0.0001608 secs] 2021-01-23T20:33:15.335+0800: 1.088: [GC ref-proc, 0.0003740 secs] 2021-01-23T20:33:15.336+0800: 1.088: [Unloading, 0.0004925 secs], 0.0016341 secs]
 [Times: user=0.13 sys=0.00, real=0.00 secs] 
2021-01-23T20:33:15.337+0800: 1.089: [GC cleanup 401M->401M(512M), 0.0005661 secs]
 [Times: user=0.00 sys=0.00, real=0.00 secs] 
2021-01-23T20:33:15.340+0800: 1.093: [GC pause (G1 Evacuation Pause) (young), 0.0034548 secs]
   [Parallel Time: 2.6 ms, GC Workers: 8]
      [GC Worker Start (ms): Min: 1092.8, Avg: 1092.8, Max: 1092.9, Diff: 0.1]
      [Ext Root Scanning (ms): Min: 0.1, Avg: 0.1, Max: 0.2, Diff: 0.1, Sum: 1.1]
      [Update RS (ms): Min: 0.5, Avg: 0.6, Max: 0.6, Diff: 0.1, Sum: 4.6]
         [Processed Buffers: Min: 7, Avg: 7.8, Max: 9, Diff: 2, Sum: 62]
      [Scan RS (ms): Min: 0.0, Avg: 0.0, Max: 0.0, Diff: 0.0, Sum: 0.0]
      [Code Root Scanning (ms): Min: 0.0, Avg: 0.0, Max: 0.0, Diff: 0.0, Sum: 0.0]
      [Object Copy (ms): Min: 1.4, Avg: 1.5, Max: 1.6, Diff: 0.2, Sum: 12.2]
      [Termination (ms): Min: 0.0, Avg: 0.1, Max: 0.3, Diff: 0.3, Sum: 0.9]
         [Termination Attempts: Min: 1, Avg: 1.0, Max: 1, Diff: 0, Sum: 8]
      [GC Worker Other (ms): Min: 0.0, Avg: 0.0, Max: 0.1, Diff: 0.0, Sum: 0.2]
      [GC Worker Total (ms): Min: 2.3, Avg: 2.4, Max: 2.4, Diff: 0.1, Sum: 19.1]
      [GC Worker End (ms): Min: 1095.2, Avg: 1095.2, Max: 1095.2, Diff: 0.0]
   [Code Root Fixup: 0.0 ms]
   [Code Root Purge: 0.0 ms]
   [Clear CT: 0.1 ms]
   [Other: 0.8 ms]
      [Choose CSet: 0.0 ms]
      [Ref Proc: 0.4 ms]
      [Ref Enq: 0.0 ms]
      [Redirty Cards: 0.1 ms]
      [Humongous Register: 0.2 ms]
      [Humongous Reclaim: 0.0 ms]
      [Free CSet: 0.0 ms]
   [Eden: 24.0M(24.0M)->0.0B(21.0M) Survivors: 1024.0K->4096.0K Heap: 412.0M(512.0M)->388.0M(512.0M)]
 [Times: user=0.00 sys=0.00, real=0.00 secs] 
2021-01-23T20:33:15.347+0800: 1.099: [GC pause (G1 Evacuation Pause) (mixed), 0.0048437 secs]
   [Parallel Time: 3.7 ms, GC Workers: 8]
      [GC Worker Start (ms): Min: 1099.6, Avg: 1099.7, Max: 1099.7, Diff: 0.1]
      [Ext Root Scanning (ms): Min: 0.0, Avg: 0.1, Max: 0.2, Diff: 0.1, Sum: 0.8]
      [Update RS (ms): Min: 0.3, Avg: 0.3, Max: 0.3, Diff: 0.0, Sum: 2.3]
         [Processed Buffers: Min: 4, Avg: 5.0, Max: 6, Diff: 2, Sum: 40]
      [Scan RS (ms): Min: 0.0, Avg: 0.0, Max: 0.0, Diff: 0.0, Sum: 0.1]
      [Code Root Scanning (ms): Min: 0.0, Avg: 0.0, Max: 0.0, Diff: 0.0, Sum: 0.0]
      [Object Copy (ms): Min: 2.9, Avg: 3.0, Max: 3.0, Diff: 0.1, Sum: 23.9]
      [Termination (ms): Min: 0.0, Avg: 0.1, Max: 0.1, Diff: 0.1, Sum: 0.5]
         [Termination Attempts: Min: 1, Avg: 1.0, Max: 1, Diff: 0, Sum: 8]
      [GC Worker Other (ms): Min: 0.0, Avg: 0.0, Max: 0.0, Diff: 0.0, Sum: 0.1]
      [GC Worker Total (ms): Min: 3.4, Avg: 3.5, Max: 3.5, Diff: 0.2, Sum: 27.6]
      [GC Worker End (ms): Min: 1103.1, Avg: 1103.1, Max: 1103.1, Diff: 0.0]
   [Code Root Fixup: 0.0 ms]
   [Code Root Purge: 0.0 ms]
   [Clear CT: 0.3 ms]
   [Other: 0.9 ms]
      [Choose CSet: 0.0 ms]
      [Ref Proc: 0.4 ms]
      [Ref Enq: 0.0 ms]
      [Redirty Cards: 0.1 ms]
      [Humongous Register: 0.1 ms]
      [Humongous Reclaim: 0.0 ms]
      [Free CSet: 0.1 ms]
   [Eden: 21.0M(21.0M)->0.0B(21.0M) Survivors: 4096.0K->4096.0K Heap: 412.8M(512.0M)->386.0M(512.0M)]
 [Times: user=0.00 sys=0.00, real=0.01 secs] 
2021-01-23T20:33:15.353+0800: 1.105: [GC pause (G1 Humongous Allocation) (young) (initial-mark), 0.0015283 secs]
   [Parallel Time: 0.7 ms, GC Workers: 8]
      [GC Worker Start (ms): Min: 1105.2, Avg: 1105.2, Max: 1105.2, Diff: 0.1]
      [Ext Root Scanning (ms): Min: 0.1, Avg: 0.1, Max: 0.1, Diff: 0.1, Sum: 0.9]
      [Update RS (ms): Min: 0.0, Avg: 0.1, Max: 0.2, Diff: 0.2, Sum: 0.8]
         [Processed Buffers: Min: 1, Avg: 1.1, Max: 2, Diff: 1, Sum: 9]
      [Scan RS (ms): Min: 0.0, Avg: 0.0, Max: 0.0, Diff: 0.0, Sum: 0.0]
      [Code Root Scanning (ms): Min: 0.0, Avg: 0.0, Max: 0.0, Diff: 0.0, Sum: 0.0]
      [Object Copy (ms): Min: 0.1, Avg: 0.2, Max: 0.3, Diff: 0.2, Sum: 1.7]
      [Termination (ms): Min: 0.0, Avg: 0.1, Max: 0.1, Diff: 0.1, Sum: 0.8]
         [Termination Attempts: Min: 1, Avg: 1.0, Max: 1, Diff: 0, Sum: 8]
      [GC Worker Other (ms): Min: 0.0, Avg: 0.0, Max: 0.0, Diff: 0.0, Sum: 0.1]
      [GC Worker Total (ms): Min: 0.5, Avg: 0.5, Max: 0.6, Diff: 0.1, Sum: 4.3]
      [GC Worker End (ms): Min: 1105.7, Avg: 1105.7, Max: 1105.8, Diff: 0.0]
   [Code Root Fixup: 0.0 ms]
   [Code Root Purge: 0.0 ms]
   [Clear CT: 0.1 ms]
   [Other: 0.7 ms]
      [Choose CSet: 0.0 ms]
      [Ref Proc: 0.1 ms]
      [Ref Enq: 0.0 ms]
      [Redirty Cards: 0.1 ms]
      [Humongous Register: 0.2 ms]
      [Humongous Reclaim: 0.1 ms]
      [Free CSet: 0.1 ms]
   [Eden: 2048.0K(21.0M)->0.0B(24.0M) Survivors: 4096.0K->1024.0K Heap: 387.1M(512.0M)->386.5M(512.0M)]
 [Times: user=0.00 sys=0.00, real=0.00 secs] 
2021-01-23T20:33:15.355+0800: 1.107: [GC concurrent-root-region-scan-start]
2021-01-23T20:33:15.355+0800: 1.107: [GC concurrent-root-region-scan-end, 0.0002146 secs]
2021-01-23T20:33:15.355+0800: 1.107: [GC concurrent-mark-start]
2021-01-23T20:33:15.358+0800: 1.110: [GC concurrent-mark-end, 0.0032685 secs]
2021-01-23T20:33:15.358+0800: 1.110: [GC remark 2021-01-23T20:33:15.358+0800: 1.110: [Finalize Marking, 0.0001736 secs] 2021-01-23T20:33:15.359+0800: 1.110: [GC ref-proc, 0.0004789 secs] 2021-01-23T20:33:15.359+0800: 1.111: [Unloading, 0.0004556 secs], 0.0018600 secs]
 [Times: user=0.00 sys=0.00, real=0.00 secs] 
2021-01-23T20:33:15.360+0800: 1.112: [GC cleanup 404M->404M(512M), 0.0005258 secs]
 [Times: user=0.00 sys=0.00, real=0.00 secs] 
2021-01-23T20:33:15.363+0800: 1.115: [GC pause (G1 Evacuation Pause) (young), 0.0022991 secs]
   [Parallel Time: 1.7 ms, GC Workers: 8]
      [GC Worker Start (ms): Min: 1114.8, Avg: 1114.8, Max: 1114.9, Diff: 0.1]
      [Ext Root Scanning (ms): Min: 0.0, Avg: 0.1, Max: 0.2, Diff: 0.1, Sum: 0.9]
      [Update RS (ms): Min: 0.6, Avg: 0.7, Max: 0.7, Diff: 0.0, Sum: 5.2]
         [Processed Buffers: Min: 10, Avg: 11.0, Max: 12, Diff: 2, Sum: 88]
      [Scan RS (ms): Min: 0.0, Avg: 0.0, Max: 0.0, Diff: 0.0, Sum: 0.0]
      [Code Root Scanning (ms): Min: 0.0, Avg: 0.0, Max: 0.0, Diff: 0.0, Sum: 0.0]
      [Object Copy (ms): Min: 0.7, Avg: 0.8, Max: 0.8, Diff: 0.1, Sum: 6.1]
      [Termination (ms): Min: 0.0, Avg: 0.1, Max: 0.1, Diff: 0.1, Sum: 0.4]
         [Termination Attempts: Min: 1, Avg: 1.0, Max: 1, Diff: 0, Sum: 8]
      [GC Worker Other (ms): Min: 0.0, Avg: 0.0, Max: 0.0, Diff: 0.0, Sum: 0.1]
      [GC Worker Total (ms): Min: 1.5, Avg: 1.6, Max: 1.6, Diff: 0.1, Sum: 12.7]
      [GC Worker End (ms): Min: 1116.4, Avg: 1116.4, Max: 1116.4, Diff: 0.0]
   [Code Root Fixup: 0.0 ms]
   [Code Root Purge: 0.0 ms]
   [Clear CT: 0.1 ms]
   [Other: 0.4 ms]
      [Choose CSet: 0.0 ms]
      [Ref Proc: 0.1 ms]
      [Ref Enq: 0.0 ms]
      [Redirty Cards: 0.1 ms]
      [Humongous Register: 0.1 ms]
      [Humongous Reclaim: 0.0 ms]
      [Free CSet: 0.0 ms]
   [Eden: 24.0M(24.0M)->0.0B(21.0M) Survivors: 1024.0K->4096.0K Heap: 420.4M(512.0M)->398.3M(512.0M)]
 [Times: user=0.00 sys=0.00, real=0.00 secs] 
Heap
 garbage-first heap   total 524288K, used 408913K [0x00000000e0000000, 0x00000000e0101000, 0x0000000100000000)
  region size 1024K, 6 young (6144K), 4 survivors (4096K)
 Metaspace       used 2623K, capacity 4486K, committed 4864K, reserved 1056768K
  class space    used 288K, capacity 386K, committed 512K, reserved 1048576K

```

使用G1GC 1g
```javascript

Java HotSpot(TM) 64-Bit Server VM (25.271-b09) for windows-amd64 JRE (1.8.0_271-b09), built on Sep 16 2020 19:14:59 by "" with MS VC++ 15.9 (VS2017)
Memory: 4k page, physical 16634708k(5530224k free), swap 36557652k(17124704k free)
CommandLine flags: -XX:InitialHeapSize=1073741824 -XX:MaxHeapSize=1073741824 -XX:+PrintGC -XX:+PrintGCDateStamps -XX:+PrintGCDetails -XX:+PrintGCTimeStamps -XX:+UseCompressedClassPointers -XX:+UseCompressedOops -XX:+UseG1GC -XX:-UseLargePagesIndividualAllocation 
2021-01-23T20:32:40.797+0800: 0.206: [GC pause (G1 Evacuation Pause) (young), 0.0045125 secs]
   [Parallel Time: 3.0 ms, GC Workers: 8]
      [GC Worker Start (ms): Min: 206.4, Avg: 206.6, Max: 207.6, Diff: 1.3]
      [Ext Root Scanning (ms): Min: 0.0, Avg: 0.1, Max: 0.3, Diff: 0.3, Sum: 1.1]
      [Update RS (ms): Min: 0.0, Avg: 0.0, Max: 0.0, Diff: 0.0, Sum: 0.0]
         [Processed Buffers: Min: 0, Avg: 0.0, Max: 0, Diff: 0, Sum: 0]
      [Scan RS (ms): Min: 0.0, Avg: 0.0, Max: 0.0, Diff: 0.0, Sum: 0.0]
      [Code Root Scanning (ms): Min: 0.0, Avg: 0.0, Max: 0.0, Diff: 0.0, Sum: 0.0]
      [Object Copy (ms): Min: 1.4, Avg: 2.4, Max: 2.7, Diff: 1.3, Sum: 18.9]
      [Termination (ms): Min: 0.0, Avg: 0.1, Max: 0.2, Diff: 0.2, Sum: 1.2]
         [Termination Attempts: Min: 1, Avg: 1.1, Max: 2, Diff: 1, Sum: 9]
      [GC Worker Other (ms): Min: 0.0, Avg: 0.0, Max: 0.1, Diff: 0.0, Sum: 0.3]
      [GC Worker Total (ms): Min: 1.6, Avg: 2.7, Max: 2.9, Diff: 1.3, Sum: 21.6]
      [GC Worker End (ms): Min: 209.3, Avg: 209.3, Max: 209.3, Diff: 0.0]
   [Code Root Fixup: 0.0 ms]
   [Code Root Purge: 0.0 ms]
   [Clear CT: 0.5 ms]
   [Other: 1.0 ms]
      [Choose CSet: 0.0 ms]
      [Ref Proc: 0.3 ms]
      [Ref Enq: 0.0 ms]
      [Redirty Cards: 0.4 ms]
      [Humongous Register: 0.0 ms]
      [Humongous Reclaim: 0.0 ms]
      [Free CSet: 0.0 ms]
   [Eden: 51.0M(51.0M)->0.0B(44.0M) Survivors: 0.0B->7168.0K Heap: 66.2M(1024.0M)->23.0M(1024.0M)]
 [Times: user=0.00 sys=0.00, real=0.01 secs] 
2021-01-23T20:32:40.814+0800: 0.223: [GC pause (G1 Evacuation Pause) (young), 0.0056681 secs]
   [Parallel Time: 4.0 ms, GC Workers: 8]
      [GC Worker Start (ms): Min: 223.4, Avg: 223.6, Max: 224.3, Diff: 0.9]
      [Ext Root Scanning (ms): Min: 0.0, Avg: 0.1, Max: 0.2, Diff: 0.2, Sum: 0.9]
      [Update RS (ms): Min: 0.0, Avg: 0.4, Max: 0.5, Diff: 0.5, Sum: 3.1]
         [Processed Buffers: Min: 0, Avg: 6.1, Max: 8, Diff: 8, Sum: 49]
      [Scan RS (ms): Min: 0.0, Avg: 0.0, Max: 0.0, Diff: 0.0, Sum: 0.0]
      [Code Root Scanning (ms): Min: 0.0, Avg: 0.0, Max: 0.1, Diff: 0.1, Sum: 0.1]
      [Object Copy (ms): Min: 3.0, Avg: 3.1, Max: 3.3, Diff: 0.3, Sum: 24.6]
      [Termination (ms): Min: 0.0, Avg: 0.1, Max: 0.2, Diff: 0.2, Sum: 1.2]
         [Termination Attempts: Min: 1, Avg: 1.0, Max: 1, Diff: 0, Sum: 8]
      [GC Worker Other (ms): Min: 0.0, Avg: 0.0, Max: 0.0, Diff: 0.0, Sum: 0.1]
      [GC Worker Total (ms): Min: 3.1, Avg: 3.7, Max: 3.9, Diff: 0.9, Sum: 30.0]
      [GC Worker End (ms): Min: 227.4, Avg: 227.4, Max: 227.4, Diff: 0.0]
   [Code Root Fixup: 0.0 ms]
   [Code Root Purge: 0.0 ms]
   [Clear CT: 0.5 ms]
   [Other: 1.2 ms]
      [Choose CSet: 0.0 ms]
      [Ref Proc: 0.2 ms]
      [Ref Enq: 0.0 ms]
      [Redirty Cards: 0.7 ms]
      [Humongous Register: 0.0 ms]
      [Humongous Reclaim: 0.0 ms]
      [Free CSet: 0.0 ms]
   [Eden: 44.0M(44.0M)->0.0B(44.0M) Survivors: 7168.0K->7168.0K Heap: 77.8M(1024.0M)->43.4M(1024.0M)]
 [Times: user=0.00 sys=0.00, real=0.01 secs] 
2021-01-23T20:32:40.831+0800: 0.240: [GC pause (G1 Evacuation Pause) (young), 0.0036895 secs]
   [Parallel Time: 3.0 ms, GC Workers: 8]
      [GC Worker Start (ms): Min: 239.9, Avg: 240.0, Max: 240.1, Diff: 0.1]
      [Ext Root Scanning (ms): Min: 0.1, Avg: 0.1, Max: 0.2, Diff: 0.1, Sum: 0.9]
      [Update RS (ms): Min: 0.1, Avg: 0.1, Max: 0.1, Diff: 0.1, Sum: 0.7]
         [Processed Buffers: Min: 1, Avg: 1.6, Max: 3, Diff: 2, Sum: 13]
      [Scan RS (ms): Min: 0.0, Avg: 0.0, Max: 0.0, Diff: 0.0, Sum: 0.1]
      [Code Root Scanning (ms): Min: 0.0, Avg: 0.0, Max: 0.0, Diff: 0.0, Sum: 0.0]
      [Object Copy (ms): Min: 2.4, Avg: 2.5, Max: 2.6, Diff: 0.2, Sum: 20.0]
      [Termination (ms): Min: 0.0, Avg: 0.1, Max: 0.2, Diff: 0.2, Sum: 1.1]
         [Termination Attempts: Min: 1, Avg: 1.0, Max: 1, Diff: 0, Sum: 8]
      [GC Worker Other (ms): Min: 0.0, Avg: 0.0, Max: 0.0, Diff: 0.0, Sum: 0.1]
      [GC Worker Total (ms): Min: 2.8, Avg: 2.8, Max: 2.9, Diff: 0.1, Sum: 22.8]
      [GC Worker End (ms): Min: 242.9, Avg: 242.9, Max: 242.9, Diff: 0.0]
   [Code Root Fixup: 0.0 ms]
   [Code Root Purge: 0.0 ms]
   [Clear CT: 0.2 ms]
   [Other: 0.5 ms]
      [Choose CSet: 0.0 ms]
      [Ref Proc: 0.1 ms]
      [Ref Enq: 0.0 ms]
      [Redirty Cards: 0.1 ms]
      [Humongous Register: 0.0 ms]
      [Humongous Reclaim: 0.0 ms]
      [Free CSet: 0.0 ms]
   [Eden: 44.0M(44.0M)->0.0B(65.0M) Survivors: 7168.0K->7168.0K Heap: 97.5M(1024.0M)->59.5M(1024.0M)]
 [Times: user=0.00 sys=0.00, real=0.00 secs] 
2021-01-23T20:32:40.860+0800: 0.269: [GC pause (G1 Evacuation Pause) (young), 0.0061485 secs]
   [Parallel Time: 4.7 ms, GC Workers: 8]
      [GC Worker Start (ms): Min: 269.1, Avg: 269.2, Max: 269.3, Diff: 0.2]
      [Ext Root Scanning (ms): Min: 0.1, Avg: 0.1, Max: 0.2, Diff: 0.1, Sum: 0.9]
      [Update RS (ms): Min: 0.1, Avg: 0.1, Max: 0.1, Diff: 0.0, Sum: 0.7]
         [Processed Buffers: Min: 0, Avg: 1.5, Max: 2, Diff: 2, Sum: 12]
      [Scan RS (ms): Min: 0.0, Avg: 0.0, Max: 0.0, Diff: 0.0, Sum: 0.1]
      [Code Root Scanning (ms): Min: 0.0, Avg: 0.0, Max: 0.0, Diff: 0.0, Sum: 0.0]
      [Object Copy (ms): Min: 3.8, Avg: 4.0, Max: 4.2, Diff: 0.3, Sum: 32.0]
      [Termination (ms): Min: 0.0, Avg: 0.2, Max: 0.3, Diff: 0.3, Sum: 1.2]
         [Termination Attempts: Min: 1, Avg: 1.0, Max: 1, Diff: 0, Sum: 8]
      [GC Worker Other (ms): Min: 0.0, Avg: 0.0, Max: 0.0, Diff: 0.0, Sum: 0.1]
      [GC Worker Total (ms): Min: 4.3, Avg: 4.4, Max: 4.5, Diff: 0.2, Sum: 35.0]
      [GC Worker End (ms): Min: 273.6, Avg: 273.6, Max: 273.6, Diff: 0.0]
   [Code Root Fixup: 0.0 ms]
   [Code Root Purge: 0.0 ms]
   [Clear CT: 0.5 ms]
   [Other: 0.9 ms]
      [Choose CSet: 0.0 ms]
      [Ref Proc: 0.2 ms]
      [Ref Enq: 0.0 ms]
      [Redirty Cards: 0.3 ms]
      [Humongous Register: 0.1 ms]
      [Humongous Reclaim: 0.0 ms]
      [Free CSet: 0.1 ms]
   [Eden: 65.0M(65.0M)->0.0B(122.0M) Survivors: 7168.0K->9216.0K Heap: 145.4M(1024.0M)->80.7M(1024.0M)]
 [Times: user=0.00 sys=0.00, real=0.01 secs] 
2021-01-23T20:32:40.917+0800: 0.326: [GC pause (G1 Evacuation Pause) (young), 0.0085115 secs]
   [Parallel Time: 7.5 ms, GC Workers: 8]
      [GC Worker Start (ms): Min: 326.2, Avg: 326.3, Max: 326.6, Diff: 0.3]
      [Ext Root Scanning (ms): Min: 0.0, Avg: 0.1, Max: 0.2, Diff: 0.2, Sum: 0.8]
      [Update RS (ms): Min: 0.0, Avg: 0.1, Max: 0.2, Diff: 0.2, Sum: 1.2]
         [Processed Buffers: Min: 0, Avg: 2.1, Max: 4, Diff: 4, Sum: 17]
      [Scan RS (ms): Min: 0.0, Avg: 0.0, Max: 0.0, Diff: 0.0, Sum: 0.1]
      [Code Root Scanning (ms): Min: 0.0, Avg: 0.0, Max: 0.0, Diff: 0.0, Sum: 0.0]
      [Object Copy (ms): Min: 6.9, Avg: 7.0, Max: 7.1, Diff: 0.2, Sum: 55.8]
      [Termination (ms): Min: 0.0, Avg: 0.1, Max: 0.2, Diff: 0.2, Sum: 1.0]
         [Termination Attempts: Min: 1, Avg: 1.0, Max: 1, Diff: 0, Sum: 8]
      [GC Worker Other (ms): Min: 0.0, Avg: 0.0, Max: 0.0, Diff: 0.0, Sum: 0.1]
      [GC Worker Total (ms): Min: 7.1, Avg: 7.4, Max: 7.5, Diff: 0.4, Sum: 59.0]
      [GC Worker End (ms): Min: 333.7, Avg: 333.7, Max: 333.7, Diff: 0.1]
   [Code Root Fixup: 0.0 ms]
   [Code Root Purge: 0.0 ms]
   [Clear CT: 0.1 ms]
   [Other: 0.8 ms]
      [Choose CSet: 0.0 ms]
      [Ref Proc: 0.2 ms]
      [Ref Enq: 0.0 ms]
      [Redirty Cards: 0.2 ms]
      [Humongous Register: 0.1 ms]
      [Humongous Reclaim: 0.1 ms]
      [Free CSet: 0.1 ms]
   [Eden: 122.0M(122.0M)->0.0B(109.0M) Survivors: 9216.0K->17.0M Heap: 230.1M(1024.0M)->124.6M(1024.0M)]
 [Times: user=0.00 sys=0.00, real=0.01 secs] 
2021-01-23T20:32:40.949+0800: 0.358: [GC pause (G1 Evacuation Pause) (young), 0.0094608 secs]
   [Parallel Time: 8.2 ms, GC Workers: 8]
      [GC Worker Start (ms): Min: 358.1, Avg: 358.2, Max: 358.2, Diff: 0.1]
      [Ext Root Scanning (ms): Min: 0.1, Avg: 0.1, Max: 0.2, Diff: 0.1, Sum: 0.8]
      [Update RS (ms): Min: 0.1, Avg: 0.1, Max: 0.3, Diff: 0.2, Sum: 1.0]
         [Processed Buffers: Min: 0, Avg: 1.8, Max: 2, Diff: 2, Sum: 14]
      [Scan RS (ms): Min: 0.0, Avg: 0.0, Max: 0.0, Diff: 0.0, Sum: 0.1]
      [Code Root Scanning (ms): Min: 0.0, Avg: 0.0, Max: 0.0, Diff: 0.0, Sum: 0.0]
      [Object Copy (ms): Min: 7.4, Avg: 7.5, Max: 7.7, Diff: 0.3, Sum: 60.0]
      [Termination (ms): Min: 0.0, Avg: 0.2, Max: 0.3, Diff: 0.3, Sum: 1.5]
         [Termination Attempts: Min: 1, Avg: 1.8, Max: 3, Diff: 2, Sum: 14]
      [GC Worker Other (ms): Min: 0.0, Avg: 0.0, Max: 0.0, Diff: 0.0, Sum: 0.1]
      [GC Worker Total (ms): Min: 7.9, Avg: 7.9, Max: 8.0, Diff: 0.1, Sum: 63.4]
      [GC Worker End (ms): Min: 366.1, Avg: 366.1, Max: 366.1, Diff: 0.0]
   [Code Root Fixup: 0.0 ms]
   [Code Root Purge: 0.0 ms]
   [Clear CT: 0.2 ms]
   [Other: 1.1 ms]
      [Choose CSet: 0.0 ms]
      [Ref Proc: 0.3 ms]
      [Ref Enq: 0.0 ms]
      [Redirty Cards: 0.5 ms]
      [Humongous Register: 0.0 ms]
      [Humongous Reclaim: 0.1 ms]
      [Free CSet: 0.1 ms]
   [Eden: 109.0M(109.0M)->0.0B(161.0M) Survivors: 17.0M->16.0M Heap: 262.4M(1024.0M)->169.6M(1024.0M)]
 [Times: user=0.00 sys=0.00, real=0.01 secs] 
2021-01-23T20:32:41.018+0800: 0.427: [GC pause (G1 Evacuation Pause) (young), 0.0115405 secs]
   [Parallel Time: 9.4 ms, GC Workers: 8]
      [GC Worker Start (ms): Min: 427.5, Avg: 427.6, Max: 427.6, Diff: 0.1]
      [Ext Root Scanning (ms): Min: 0.1, Avg: 0.1, Max: 0.2, Diff: 0.1, Sum: 0.8]
      [Update RS (ms): Min: 0.1, Avg: 0.1, Max: 0.2, Diff: 0.2, Sum: 1.1]
         [Processed Buffers: Min: 0, Avg: 1.9, Max: 3, Diff: 3, Sum: 15]
      [Scan RS (ms): Min: 0.0, Avg: 0.0, Max: 0.0, Diff: 0.0, Sum: 0.1]
      [Code Root Scanning (ms): Min: 0.0, Avg: 0.0, Max: 0.0, Diff: 0.0, Sum: 0.0]
      [Object Copy (ms): Min: 8.6, Avg: 8.8, Max: 9.0, Diff: 0.3, Sum: 70.3]
      [Termination (ms): Min: 0.0, Avg: 0.2, Max: 0.4, Diff: 0.4, Sum: 1.7]
         [Termination Attempts: Min: 1, Avg: 1.8, Max: 3, Diff: 2, Sum: 14]
      [GC Worker Other (ms): Min: 0.0, Avg: 0.0, Max: 0.0, Diff: 0.0, Sum: 0.1]
      [GC Worker Total (ms): Min: 9.2, Avg: 9.3, Max: 9.3, Diff: 0.1, Sum: 74.0]
      [GC Worker End (ms): Min: 436.8, Avg: 436.8, Max: 436.8, Diff: 0.0]
   [Code Root Fixup: 0.0 ms]
   [Code Root Purge: 0.0 ms]
   [Clear CT: 0.5 ms]
   [Other: 1.6 ms]
      [Choose CSet: 0.0 ms]
      [Ref Proc: 0.5 ms]
      [Ref Enq: 0.0 ms]
      [Redirty Cards: 0.6 ms]
      [Humongous Register: 0.1 ms]
      [Humongous Reclaim: 0.2 ms]
      [Free CSet: 0.1 ms]
   [Eden: 161.0M(161.0M)->0.0B(184.0M) Survivors: 16.0M->23.0M Heap: 380.1M(1024.0M)->235.6M(1024.0M)]
 [Times: user=0.01 sys=0.08, real=0.01 secs] 
2021-01-23T20:32:41.076+0800: 0.485: [GC pause (G1 Evacuation Pause) (young), 0.0122532 secs]
   [Parallel Time: 11.4 ms, GC Workers: 8]
      [GC Worker Start (ms): Min: 485.6, Avg: 485.6, Max: 485.7, Diff: 0.1]
      [Ext Root Scanning (ms): Min: 0.1, Avg: 0.1, Max: 0.1, Diff: 0.1, Sum: 0.8]
      [Update RS (ms): Min: 0.1, Avg: 0.1, Max: 0.3, Diff: 0.2, Sum: 1.1]
         [Processed Buffers: Min: 0, Avg: 2.0, Max: 3, Diff: 3, Sum: 16]
      [Scan RS (ms): Min: 0.0, Avg: 0.0, Max: 0.0, Diff: 0.0, Sum: 0.2]
      [Code Root Scanning (ms): Min: 0.0, Avg: 0.0, Max: 0.0, Diff: 0.0, Sum: 0.0]
      [Object Copy (ms): Min: 10.6, Avg: 10.7, Max: 10.9, Diff: 0.3, Sum: 85.5]
      [Termination (ms): Min: 0.0, Avg: 0.2, Max: 0.3, Diff: 0.3, Sum: 1.9]
         [Termination Attempts: Min: 1, Avg: 1.8, Max: 3, Diff: 2, Sum: 14]
      [GC Worker Other (ms): Min: 0.0, Avg: 0.0, Max: 0.0, Diff: 0.0, Sum: 0.1]
      [GC Worker Total (ms): Min: 11.2, Avg: 11.2, Max: 11.2, Diff: 0.1, Sum: 89.7]
      [GC Worker End (ms): Min: 496.9, Avg: 496.9, Max: 496.9, Diff: 0.0]
   [Code Root Fixup: 0.0 ms]
   [Code Root Purge: 0.0 ms]
   [Clear CT: 0.1 ms]
   [Other: 0.8 ms]
      [Choose CSet: 0.0 ms]
      [Ref Proc: 0.2 ms]
      [Ref Enq: 0.0 ms]
      [Redirty Cards: 0.1 ms]
      [Humongous Register: 0.1 ms]
      [Humongous Reclaim: 0.1 ms]
      [Free CSet: 0.2 ms]
   [Eden: 184.0M(184.0M)->0.0B(514.0M) Survivors: 23.0M->26.0M Heap: 468.8M(1024.0M)->298.0M(1024.0M)]
 [Times: user=0.06 sys=0.06, real=0.01 secs] 
2021-01-23T20:32:41.291+0800: 0.699: [GC pause (G1 Humongous Allocation) (young) (initial-mark), 0.0236801 secs]
   [Parallel Time: 22.4 ms, GC Workers: 8]
      [GC Worker Start (ms): Min: 699.7, Avg: 699.8, Max: 699.9, Diff: 0.2]
      [Ext Root Scanning (ms): Min: 0.0, Avg: 0.4, Max: 1.1, Diff: 1.1, Sum: 3.0]
      [Update RS (ms): Min: 0.0, Avg: 0.2, Max: 0.3, Diff: 0.3, Sum: 1.4]
         [Processed Buffers: Min: 0, Avg: 2.6, Max: 5, Diff: 5, Sum: 21]
      [Scan RS (ms): Min: 0.0, Avg: 0.0, Max: 0.1, Diff: 0.0, Sum: 0.3]
      [Code Root Scanning (ms): Min: 0.0, Avg: 0.0, Max: 0.0, Diff: 0.0, Sum: 0.0]
      [Object Copy (ms): Min: 21.1, Avg: 21.5, Max: 21.9, Diff: 0.8, Sum: 172.3]
      [Termination (ms): Min: 0.0, Avg: 0.1, Max: 0.3, Diff: 0.3, Sum: 1.2]
         [Termination Attempts: Min: 1, Avg: 1.9, Max: 3, Diff: 2, Sum: 15]
      [GC Worker Other (ms): Min: 0.0, Avg: 0.0, Max: 0.0, Diff: 0.0, Sum: 0.1]
      [GC Worker Total (ms): Min: 22.2, Avg: 22.3, Max: 22.4, Diff: 0.2, Sum: 178.3]
      [GC Worker End (ms): Min: 722.1, Avg: 722.1, Max: 722.1, Diff: 0.0]
   [Code Root Fixup: 0.0 ms]
   [Code Root Purge: 0.0 ms]
   [Clear CT: 0.3 ms]
   [Other: 1.0 ms]
      [Choose CSet: 0.0 ms]
      [Ref Proc: 0.1 ms]
      [Ref Enq: 0.0 ms]
      [Redirty Cards: 0.1 ms]
      [Humongous Register: 0.1 ms]
      [Humongous Reclaim: 0.2 ms]
      [Free CSet: 0.2 ms]
   [Eden: 398.0M(514.0M)->0.0B(233.0M) Survivors: 26.0M->68.0M Heap: 790.1M(1024.0M)->411.5M(1024.0M)]
 [Times: user=0.00 sys=0.09, real=0.02 secs] 
2021-01-23T20:32:41.314+0800: 0.723: [GC concurrent-root-region-scan-start]
2021-01-23T20:32:41.314+0800: 0.723: [GC concurrent-root-region-scan-end, 0.0001861 secs]
2021-01-23T20:32:41.314+0800: 0.723: [GC concurrent-mark-start]
2021-01-23T20:32:41.319+0800: 0.728: [GC concurrent-mark-end, 0.0048445 secs]
2021-01-23T20:32:41.320+0800: 0.729: [GC remark 2021-01-23T20:32:41.320+0800: 0.729: [Finalize Marking, 0.0008415 secs] 2021-01-23T20:32:41.321+0800: 0.730: [GC ref-proc, 0.0006031 secs] 2021-01-23T20:32:41.321+0800: 0.730: [Unloading, 0.0007250 secs], 0.0031618 secs]
 [Times: user=0.09 sys=0.00, real=0.00 secs] 
2021-01-23T20:32:41.324+0800: 0.733: [GC cleanup 431M->419M(1024M), 0.0018236 secs]
 [Times: user=0.00 sys=0.00, real=0.00 secs] 
2021-01-23T20:32:41.326+0800: 0.735: [GC concurrent-cleanup-start]
2021-01-23T20:32:41.326+0800: 0.735: [GC concurrent-cleanup-end, 0.0000264 secs]
2021-01-23T20:32:41.378+0800: 0.788: [GC pause (G1 Evacuation Pause) (young), 0.0153407 secs]
   [Parallel Time: 13.4 ms, GC Workers: 8]
      [GC Worker Start (ms): Min: 788.1, Avg: 788.2, Max: 789.1, Diff: 1.0]
      [Ext Root Scanning (ms): Min: 0.0, Avg: 0.1, Max: 0.2, Diff: 0.2, Sum: 0.9]
      [Update RS (ms): Min: 0.0, Avg: 0.2, Max: 0.7, Diff: 0.7, Sum: 1.9]
         [Processed Buffers: Min: 0, Avg: 2.8, Max: 4, Diff: 4, Sum: 22]
      [Scan RS (ms): Min: 0.0, Avg: 0.0, Max: 0.0, Diff: 0.0, Sum: 0.2]
      [Code Root Scanning (ms): Min: 0.0, Avg: 0.0, Max: 0.0, Diff: 0.0, Sum: 0.0]
      [Object Copy (ms): Min: 12.1, Avg: 12.6, Max: 12.8, Diff: 0.7, Sum: 100.9]
      [Termination (ms): Min: 0.0, Avg: 0.1, Max: 0.2, Diff: 0.2, Sum: 1.2]
         [Termination Attempts: Min: 1, Avg: 1.3, Max: 3, Diff: 2, Sum: 10]
      [GC Worker Other (ms): Min: 0.0, Avg: 0.0, Max: 0.0, Diff: 0.0, Sum: 0.1]
      [GC Worker Total (ms): Min: 12.3, Avg: 13.1, Max: 13.3, Diff: 1.0, Sum: 105.1]
      [GC Worker End (ms): Min: 801.3, Avg: 801.4, Max: 801.4, Diff: 0.1]
   [Code Root Fixup: 0.0 ms]
   [Code Root Purge: 0.0 ms]
   [Clear CT: 0.1 ms]
   [Other: 1.8 ms]
      [Choose CSet: 0.0 ms]
      [Ref Proc: 0.1 ms]
      [Ref Enq: 0.0 ms]
      [Redirty Cards: 0.2 ms]
      [Humongous Register: 0.2 ms]
      [Humongous Reclaim: 0.3 ms]
      [Free CSet: 0.7 ms]
   [Eden: 233.0M(233.0M)->0.0B(13.0M) Survivors: 68.0M->38.0M Heap: 695.3M(1024.0M)->461.3M(1024.0M)]
 [Times: user=0.11 sys=0.02, real=0.02 secs] 
2021-01-23T20:32:41.398+0800: 0.807: [GC pause (G1 Evacuation Pause) (mixed), 0.0107403 secs]
   [Parallel Time: 9.0 ms, GC Workers: 8]
      [GC Worker Start (ms): Min: 807.3, Avg: 807.6, Max: 808.0, Diff: 0.7]
      [Ext Root Scanning (ms): Min: 0.0, Avg: 0.1, Max: 0.2, Diff: 0.2, Sum: 0.8]
      [Update RS (ms): Min: 0.0, Avg: 0.1, Max: 0.2, Diff: 0.2, Sum: 0.9]
         [Processed Buffers: Min: 0, Avg: 1.8, Max: 3, Diff: 3, Sum: 14]
      [Scan RS (ms): Min: 0.0, Avg: 0.0, Max: 0.1, Diff: 0.1, Sum: 0.3]
      [Code Root Scanning (ms): Min: 0.0, Avg: 0.0, Max: 0.0, Diff: 0.0, Sum: 0.0]
      [Object Copy (ms): Min: 8.0, Avg: 8.2, Max: 8.3, Diff: 0.4, Sum: 65.4]
      [Termination (ms): Min: 0.0, Avg: 0.1, Max: 0.1, Diff: 0.1, Sum: 0.6]
         [Termination Attempts: Min: 1, Avg: 1.0, Max: 1, Diff: 0, Sum: 8]
      [GC Worker Other (ms): Min: 0.0, Avg: 0.0, Max: 0.0, Diff: 0.0, Sum: 0.2]
      [GC Worker Total (ms): Min: 8.1, Avg: 8.5, Max: 8.8, Diff: 0.7, Sum: 68.2]
      [GC Worker End (ms): Min: 816.1, Avg: 816.1, Max: 816.1, Diff: 0.0]
   [Code Root Fixup: 0.0 ms]
   [Code Root Purge: 0.0 ms]
   [Clear CT: 0.2 ms]
   [Other: 1.6 ms]
      [Choose CSet: 0.1 ms]
      [Ref Proc: 0.1 ms]
      [Ref Enq: 0.0 ms]
      [Redirty Cards: 0.9 ms]
      [Humongous Register: 0.2 ms]
      [Humongous Reclaim: 0.0 ms]
      [Free CSet: 0.1 ms]
   [Eden: 13.0M(13.0M)->0.0B(336.0M) Survivors: 38.0M->6144.0K Heap: 474.8M(1024.0M)->401.3M(1024.0M)]
 [Times: user=0.08 sys=0.00, real=0.01 secs] 
2021-01-23T20:32:41.413+0800: 0.822: [GC pause (G1 Humongous Allocation) (young) (initial-mark), 0.0021863 secs]
   [Parallel Time: 1.6 ms, GC Workers: 8]
      [GC Worker Start (ms): Min: 821.9, Avg: 821.9, Max: 822.1, Diff: 0.2]
      [Ext Root Scanning (ms): Min: 0.0, Avg: 0.1, Max: 0.2, Diff: 0.2, Sum: 1.1]
      [Update RS (ms): Min: 0.1, Avg: 0.2, Max: 0.5, Diff: 0.3, Sum: 1.5]
         [Processed Buffers: Min: 0, Avg: 2.4, Max: 3, Diff: 3, Sum: 19]
      [Scan RS (ms): Min: 0.0, Avg: 0.0, Max: 0.0, Diff: 0.0, Sum: 0.0]
      [Code Root Scanning (ms): Min: 0.0, Avg: 0.0, Max: 0.0, Diff: 0.0, Sum: 0.0]
      [Object Copy (ms): Min: 0.8, Avg: 1.1, Max: 1.2, Diff: 0.4, Sum: 8.6]
      [Termination (ms): Min: 0.0, Avg: 0.1, Max: 0.1, Diff: 0.1, Sum: 0.6]
         [Termination Attempts: Min: 1, Avg: 1.6, Max: 2, Diff: 1, Sum: 13]
      [GC Worker Other (ms): Min: 0.0, Avg: 0.0, Max: 0.0, Diff: 0.0, Sum: 0.1]
      [GC Worker Total (ms): Min: 1.4, Avg: 1.5, Max: 1.5, Diff: 0.2, Sum: 11.8]
      [GC Worker End (ms): Min: 823.4, Avg: 823.4, Max: 823.4, Diff: 0.0]
   [Code Root Fixup: 0.0 ms]
   [Code Root Purge: 0.0 ms]
   [Clear CT: 0.1 ms]
   [Other: 0.5 ms]
      [Choose CSet: 0.0 ms]
      [Ref Proc: 0.1 ms]
      [Ref Enq: 0.0 ms]
      [Redirty Cards: 0.1 ms]
      [Humongous Register: 0.1 ms]
      [Humongous Reclaim: 0.0 ms]
      [Free CSet: 0.0 ms]
   [Eden: 25.0M(336.0M)->0.0B(297.0M) Survivors: 6144.0K->14.0M Heap: 432.2M(1024.0M)->412.5M(1024.0M)]
 [Times: user=0.13 sys=0.00, real=0.00 secs] 
2021-01-23T20:32:41.414+0800: 0.824: [GC concurrent-root-region-scan-start]
2021-01-23T20:32:41.414+0800: 0.824: [GC concurrent-root-region-scan-end, 0.0001119 secs]
2021-01-23T20:32:41.414+0800: 0.824: [GC concurrent-mark-start]
2021-01-23T20:32:41.417+0800: 0.827: [GC concurrent-mark-end, 0.0028101 secs]
2021-01-23T20:32:41.417+0800: 0.827: [GC remark 2021-01-23T20:32:41.418+0800: 0.827: [Finalize Marking, 0.0001399 secs] 2021-01-23T20:32:41.418+0800: 0.827: [GC ref-proc, 0.0003402 secs] 2021-01-23T20:32:41.418+0800: 0.828: [Unloading, 0.0004444 secs], 0.0015661 secs]
 [Times: user=0.00 sys=0.00, real=0.00 secs] 
2021-01-23T20:32:41.419+0800: 0.829: [GC cleanup 434M->433M(1024M), 0.0007497 secs]
 [Times: user=0.00 sys=0.00, real=0.00 secs] 
2021-01-23T20:32:41.420+0800: 0.830: [GC concurrent-cleanup-start]
2021-01-23T20:32:41.420+0800: 0.830: [GC concurrent-cleanup-end, 0.0000103 secs]
2021-01-23T20:32:41.485+0800: 0.894: [GC pause (G1 Evacuation Pause) (young), 0.0132783 secs]
   [Parallel Time: 12.0 ms, GC Workers: 8]
      [GC Worker Start (ms): Min: 894.2, Avg: 894.3, Max: 894.8, Diff: 0.7]
      [Ext Root Scanning (ms): Min: 0.0, Avg: 0.1, Max: 0.2, Diff: 0.2, Sum: 1.1]
      [Update RS (ms): Min: 0.0, Avg: 0.6, Max: 3.4, Diff: 3.4, Sum: 5.1]
         [Processed Buffers: Min: 0, Avg: 3.3, Max: 5, Diff: 5, Sum: 26]
      [Scan RS (ms): Min: 0.0, Avg: 0.1, Max: 0.2, Diff: 0.2, Sum: 0.9]
      [Code Root Scanning (ms): Min: 0.0, Avg: 0.0, Max: 0.0, Diff: 0.0, Sum: 0.0]
      [Object Copy (ms): Min: 7.8, Avg: 10.7, Max: 11.2, Diff: 3.4, Sum: 85.5]
      [Termination (ms): Min: 0.0, Avg: 0.1, Max: 0.1, Diff: 0.1, Sum: 0.6]
         [Termination Attempts: Min: 1, Avg: 1.4, Max: 3, Diff: 2, Sum: 11]
      [GC Worker Other (ms): Min: 0.0, Avg: 0.0, Max: 0.1, Diff: 0.1, Sum: 0.2]
      [GC Worker Total (ms): Min: 11.2, Avg: 11.7, Max: 11.8, Diff: 0.7, Sum: 93.5]
      [GC Worker End (ms): Min: 906.0, Avg: 906.0, Max: 906.0, Diff: 0.0]
   [Code Root Fixup: 0.0 ms]
   [Code Root Purge: 0.0 ms]
   [Clear CT: 0.3 ms]
   [Other: 1.0 ms]
      [Choose CSet: 0.0 ms]
      [Ref Proc: 0.1 ms]
      [Ref Enq: 0.0 ms]
      [Redirty Cards: 0.1 ms]
      [Humongous Register: 0.4 ms]
      [Humongous Reclaim: 0.1 ms]
      [Free CSet: 0.2 ms]
   [Eden: 297.0M(297.0M)->0.0B(12.0M) Survivors: 14.0M->39.0M Heap: 783.6M(1024.0M)->492.0M(1024.0M)]
 [Times: user=0.13 sys=0.00, real=0.01 secs] 
2021-01-23T20:32:41.500+0800: 0.909: [GC pause (G1 Evacuation Pause) (mixed), 0.0070842 secs]
   [Parallel Time: 6.3 ms, GC Workers: 8]
      [GC Worker Start (ms): Min: 909.5, Avg: 909.5, Max: 909.6, Diff: 0.2]
      [Ext Root Scanning (ms): Min: 0.0, Avg: 0.1, Max: 0.1, Diff: 0.1, Sum: 0.8]
      [Update RS (ms): Min: 0.2, Avg: 0.3, Max: 0.3, Diff: 0.1, Sum: 2.1]
         [Processed Buffers: Min: 2, Avg: 3.4, Max: 5, Diff: 3, Sum: 27]
      [Scan RS (ms): Min: 0.0, Avg: 0.0, Max: 0.0, Diff: 0.0, Sum: 0.2]
      [Code Root Scanning (ms): Min: 0.0, Avg: 0.0, Max: 0.0, Diff: 0.0, Sum: 0.0]
      [Object Copy (ms): Min: 5.6, Avg: 5.6, Max: 5.7, Diff: 0.1, Sum: 45.1]
      [Termination (ms): Min: 0.0, Avg: 0.0, Max: 0.1, Diff: 0.1, Sum: 0.2]
         [Termination Attempts: Min: 1, Avg: 1.0, Max: 1, Diff: 0, Sum: 8]
      [GC Worker Other (ms): Min: 0.0, Avg: 0.0, Max: 0.0, Diff: 0.0, Sum: 0.2]
      [GC Worker Total (ms): Min: 6.0, Avg: 6.1, Max: 6.1, Diff: 0.2, Sum: 48.6]
      [GC Worker End (ms): Min: 915.6, Avg: 915.6, Max: 915.6, Diff: 0.0]
   [Code Root Fixup: 0.0 ms]
   [Code Root Purge: 0.0 ms]
   [Clear CT: 0.1 ms]
   [Other: 0.7 ms]
      [Choose CSet: 0.0 ms]
      [Ref Proc: 0.1 ms]
      [Ref Enq: 0.0 ms]
      [Redirty Cards: 0.1 ms]
      [Humongous Register: 0.1 ms]
      [Humongous Reclaim: 0.0 ms]
      [Free CSet: 0.2 ms]
   [Eden: 12.0M(12.0M)->0.0B(287.0M) Survivors: 39.0M->3072.0K Heap: 506.1M(1024.0M)->448.6M(1024.0M)]
 [Times: user=0.00 sys=0.00, real=0.01 secs] 
2021-01-23T20:32:41.508+0800: 0.917: [GC pause (G1 Humongous Allocation) (young) (initial-mark), 0.0014576 secs]
   [Parallel Time: 0.7 ms, GC Workers: 8]
      [GC Worker Start (ms): Min: 917.3, Avg: 917.3, Max: 917.4, Diff: 0.1]
      [Ext Root Scanning (ms): Min: 0.0, Avg: 0.1, Max: 0.2, Diff: 0.2, Sum: 1.0]
      [Update RS (ms): Min: 0.0, Avg: 0.1, Max: 0.4, Diff: 0.4, Sum: 1.0]
         [Processed Buffers: Min: 1, Avg: 1.1, Max: 2, Diff: 1, Sum: 9]
      [Scan RS (ms): Min: 0.0, Avg: 0.0, Max: 0.0, Diff: 0.0, Sum: 0.0]
      [Code Root Scanning (ms): Min: 0.0, Avg: 0.0, Max: 0.0, Diff: 0.0, Sum: 0.0]
      [Object Copy (ms): Min: 0.0, Avg: 0.3, Max: 0.4, Diff: 0.4, Sum: 2.1]
      [Termination (ms): Min: 0.0, Avg: 0.0, Max: 0.1, Diff: 0.1, Sum: 0.4]
         [Termination Attempts: Min: 1, Avg: 1.1, Max: 2, Diff: 1, Sum: 9]
      [GC Worker Other (ms): Min: 0.0, Avg: 0.0, Max: 0.0, Diff: 0.0, Sum: 0.1]
      [GC Worker Total (ms): Min: 0.5, Avg: 0.6, Max: 0.6, Diff: 0.2, Sum: 4.6]
      [GC Worker End (ms): Min: 917.9, Avg: 917.9, Max: 917.9, Diff: 0.0]
   [Code Root Fixup: 0.0 ms]
   [Code Root Purge: 0.0 ms]
   [Clear CT: 0.1 ms]
   [Other: 0.7 ms]
      [Choose CSet: 0.0 ms]
      [Ref Proc: 0.1 ms]
      [Ref Enq: 0.0 ms]
      [Redirty Cards: 0.1 ms]
      [Humongous Register: 0.2 ms]
      [Humongous Reclaim: 0.0 ms]
      [Free CSet: 0.0 ms]
   [Eden: 4096.0K(287.0M)->0.0B(301.0M) Survivors: 3072.0K->5120.0K Heap: 452.0M(1024.0M)->449.4M(1024.0M)]
 [Times: user=0.02 sys=0.00, real=0.00 secs] 
2021-01-23T20:32:41.509+0800: 0.919: [GC concurrent-root-region-scan-start]
2021-01-23T20:32:41.510+0800: 0.919: [GC concurrent-root-region-scan-end, 0.0003721 secs]
2021-01-23T20:32:41.510+0800: 0.919: [GC concurrent-mark-start]
2021-01-23T20:32:41.516+0800: 0.925: [GC concurrent-mark-end, 0.0064346 secs]
2021-01-23T20:32:41.516+0800: 0.926: [GC remark 2021-01-23T20:32:41.517+0800: 0.926: [Finalize Marking, 0.0010926 secs] 2021-01-23T20:32:41.518+0800: 0.927: [GC ref-proc, 0.0004834 secs] 2021-01-23T20:32:41.518+0800: 0.927: [Unloading, 0.0004179 secs], 0.0030613 secs]
 [Times: user=0.00 sys=0.00, real=0.00 secs] 
2021-01-23T20:32:41.520+0800: 0.929: [GC cleanup 473M->469M(1024M), 0.0005770 secs]
 [Times: user=0.00 sys=0.00, real=0.00 secs] 
2021-01-23T20:32:41.520+0800: 0.929: [GC concurrent-cleanup-start]
2021-01-23T20:32:41.520+0800: 0.929: [GC concurrent-cleanup-end, 0.0000091 secs]
2021-01-23T20:32:41.574+0800: 0.983: [GC pause (G1 Evacuation Pause) (young) (to-space exhausted), 0.0095808 secs]
   [Parallel Time: 7.9 ms, GC Workers: 8]
      [GC Worker Start (ms): Min: 983.1, Avg: 983.2, Max: 983.2, Diff: 0.1]
      [Ext Root Scanning (ms): Min: 0.1, Avg: 0.1, Max: 0.1, Diff: 0.1, Sum: 0.8]
      [Update RS (ms): Min: 0.2, Avg: 0.3, Max: 1.2, Diff: 1.0, Sum: 2.6]
         [Processed Buffers: Min: 0, Avg: 2.8, Max: 4, Diff: 4, Sum: 22]
      [Scan RS (ms): Min: 0.0, Avg: 0.0, Max: 0.1, Diff: 0.0, Sum: 0.2]
      [Code Root Scanning (ms): Min: 0.0, Avg: 0.0, Max: 0.0, Diff: 0.0, Sum: 0.0]
      [Object Copy (ms): Min: 6.3, Avg: 7.2, Max: 7.4, Diff: 1.1, Sum: 57.9]
      [Termination (ms): Min: 0.0, Avg: 0.1, Max: 0.1, Diff: 0.1, Sum: 0.6]
         [Termination Attempts: Min: 1, Avg: 1.0, Max: 1, Diff: 0, Sum: 8]
      [GC Worker Other (ms): Min: 0.0, Avg: 0.0, Max: 0.0, Diff: 0.0, Sum: 0.1]
      [GC Worker Total (ms): Min: 7.7, Avg: 7.8, Max: 7.8, Diff: 0.1, Sum: 62.2]
      [GC Worker End (ms): Min: 990.9, Avg: 990.9, Max: 991.0, Diff: 0.1]
   [Code Root Fixup: 0.0 ms]
   [Code Root Purge: 0.0 ms]
   [Clear CT: 0.1 ms]
   [Other: 1.5 ms]
      [Evacuation Failure: 0.2 ms]
      [Choose CSet: 0.0 ms]
      [Ref Proc: 0.2 ms]
      [Ref Enq: 0.0 ms]
      [Redirty Cards: 0.2 ms]
      [Humongous Register: 0.1 ms]
      [Humongous Reclaim: 0.2 ms]
      [Free CSet: 0.6 ms]
   [Eden: 301.0M(301.0M)->0.0B(12.0M) Survivors: 5120.0K->39.0M Heap: 836.8M(1024.0M)->585.2M(1024.0M)]
 [Times: user=0.00 sys=0.00, real=0.01 secs] 
2021-01-23T20:32:41.586+0800: 0.996: [GC pause (G1 Evacuation Pause) (mixed), 0.0118358 secs]
   [Parallel Time: 9.6 ms, GC Workers: 8]
      [GC Worker Start (ms): Min: 996.3, Avg: 996.4, Max: 996.6, Diff: 0.2]
      [Ext Root Scanning (ms): Min: 0.0, Avg: 0.1, Max: 0.2, Diff: 0.2, Sum: 1.2]
      [Update RS (ms): Min: 0.3, Avg: 0.5, Max: 1.9, Diff: 1.6, Sum: 3.9]
         [Processed Buffers: Min: 0, Avg: 3.3, Max: 5, Diff: 5, Sum: 26]
      [Scan RS (ms): Min: 0.0, Avg: 0.1, Max: 0.2, Diff: 0.2, Sum: 0.7]
      [Code Root Scanning (ms): Min: 0.0, Avg: 0.0, Max: 0.0, Diff: 0.0, Sum: 0.0]
      [Object Copy (ms): Min: 7.0, Avg: 8.5, Max: 8.9, Diff: 1.9, Sum: 68.3]
      [Termination (ms): Min: 0.0, Avg: 0.2, Max: 0.3, Diff: 0.3, Sum: 1.4]
         [Termination Attempts: Min: 1, Avg: 1.0, Max: 1, Diff: 0, Sum: 8]
      [GC Worker Other (ms): Min: 0.0, Avg: 0.0, Max: 0.0, Diff: 0.0, Sum: 0.1]
      [GC Worker Total (ms): Min: 9.3, Avg: 9.4, Max: 9.5, Diff: 0.3, Sum: 75.5]
      [GC Worker End (ms): Min: 1005.8, Avg: 1005.8, Max: 1005.9, Diff: 0.0]
   [Code Root Fixup: 0.0 ms]
   [Code Root Purge: 0.0 ms]
   [Clear CT: 0.2 ms]
   [Other: 2.0 ms]
      [Choose CSet: 0.1 ms]
      [Ref Proc: 0.7 ms]
      [Ref Enq: 0.0 ms]
      [Redirty Cards: 0.1 ms]
      [Humongous Register: 0.4 ms]
      [Humongous Reclaim: 0.0 ms]
      [Free CSet: 0.5 ms]
   [Eden: 12.0M(12.0M)->0.0B(244.0M) Survivors: 39.0M->5120.0K Heap: 601.2M(1024.0M)->525.0M(1024.0M)]
 [Times: user=0.01 sys=0.00, real=0.01 secs] 
2021-01-23T20:32:41.599+0800: 1.008: [GC pause (G1 Humongous Allocation) (young) (initial-mark), 0.0021354 secs]
   [Parallel Time: 1.2 ms, GC Workers: 8]
      [GC Worker Start (ms): Min: 1008.1, Avg: 1008.1, Max: 1008.2, Diff: 0.1]
      [Ext Root Scanning (ms): Min: 0.1, Avg: 0.2, Max: 0.2, Diff: 0.1, Sum: 1.6]
      [Update RS (ms): Min: 0.1, Avg: 0.3, Max: 0.7, Diff: 0.6, Sum: 2.1]
         [Processed Buffers: Min: 1, Avg: 1.1, Max: 2, Diff: 1, Sum: 9]
      [Scan RS (ms): Min: 0.0, Avg: 0.0, Max: 0.0, Diff: 0.0, Sum: 0.0]
      [Code Root Scanning (ms): Min: 0.0, Avg: 0.0, Max: 0.0, Diff: 0.0, Sum: 0.0]
      [Object Copy (ms): Min: 0.0, Avg: 0.5, Max: 0.7, Diff: 0.7, Sum: 3.9]
      [Termination (ms): Min: 0.0, Avg: 0.1, Max: 0.1, Diff: 0.1, Sum: 0.6]
         [Termination Attempts: Min: 1, Avg: 1.0, Max: 1, Diff: 0, Sum: 8]
      [GC Worker Other (ms): Min: 0.0, Avg: 0.0, Max: 0.0, Diff: 0.0, Sum: 0.1]
      [GC Worker Total (ms): Min: 1.0, Avg: 1.0, Max: 1.1, Diff: 0.1, Sum: 8.2]
      [GC Worker End (ms): Min: 1009.2, Avg: 1009.2, Max: 1009.2, Diff: 0.0]
   [Code Root Fixup: 0.0 ms]
   [Code Root Purge: 0.0 ms]
   [Clear CT: 0.2 ms]
   [Other: 0.7 ms]
      [Choose CSet: 0.0 ms]
      [Ref Proc: 0.2 ms]
      [Ref Enq: 0.0 ms]
      [Redirty Cards: 0.1 ms]
      [Humongous Register: 0.1 ms]
      [Humongous Reclaim: 0.1 ms]
      [Free CSet: 0.1 ms]
   [Eden: 3072.0K(244.0M)->0.0B(233.0M) Survivors: 5120.0K->6144.0K Heap: 527.7M(1024.0M)->525.9M(1024.0M)]
 [Times: user=0.00 sys=0.00, real=0.00 secs] 
2021-01-23T20:32:41.601+0800: 1.010: [GC concurrent-root-region-scan-start]
2021-01-23T20:32:41.601+0800: 1.010: [GC concurrent-root-region-scan-end, 0.0001164 secs]
2021-01-23T20:32:41.601+0800: 1.010: [GC concurrent-mark-start]
2021-01-23T20:32:41.605+0800: 1.014: [GC concurrent-mark-end, 0.0039975 secs]
2021-01-23T20:32:41.605+0800: 1.014: [GC remark 2021-01-23T20:32:41.605+0800: 1.014: [Finalize Marking, 0.0001901 secs] 2021-01-23T20:32:41.606+0800: 1.015: [GC ref-proc, 0.0005996 secs] 2021-01-23T20:32:41.606+0800: 1.015: [Unloading, 0.0005959 secs], 0.0024054 secs]
 [Times: user=0.00 sys=0.00, real=0.00 secs] 
2021-01-23T20:32:41.608+0800: 1.017: [GC cleanup 548M->544M(1024M), 0.0007937 secs]
 [Times: user=0.00 sys=0.00, real=0.00 secs] 
2021-01-23T20:32:41.609+0800: 1.018: [GC concurrent-cleanup-start]
2021-01-23T20:32:41.609+0800: 1.018: [GC concurrent-cleanup-end, 0.0000147 secs]
2021-01-23T20:32:41.649+0800: 1.058: [GC pause (G1 Evacuation Pause) (young), 0.0097558 secs]
   [Parallel Time: 8.2 ms, GC Workers: 8]
      [GC Worker Start (ms): Min: 1058.0, Avg: 1058.0, Max: 1058.2, Diff: 0.2]
      [Ext Root Scanning (ms): Min: 0.0, Avg: 0.1, Max: 0.2, Diff: 0.1, Sum: 0.8]
      [Update RS (ms): Min: 0.4, Avg: 0.5, Max: 1.0, Diff: 0.6, Sum: 3.7]
         [Processed Buffers: Min: 0, Avg: 4.6, Max: 7, Diff: 7, Sum: 37]
      [Scan RS (ms): Min: 0.0, Avg: 0.0, Max: 0.1, Diff: 0.0, Sum: 0.2]
      [Code Root Scanning (ms): Min: 0.0, Avg: 0.0, Max: 0.0, Diff: 0.0, Sum: 0.0]
      [Object Copy (ms): Min: 6.9, Avg: 7.4, Max: 7.5, Diff: 0.6, Sum: 59.3]
      [Termination (ms): Min: 0.0, Avg: 0.1, Max: 0.1, Diff: 0.1, Sum: 0.4]
         [Termination Attempts: Min: 1, Avg: 1.0, Max: 1, Diff: 0, Sum: 8]
      [GC Worker Other (ms): Min: 0.0, Avg: 0.0, Max: 0.0, Diff: 0.0, Sum: 0.1]
      [GC Worker Total (ms): Min: 7.9, Avg: 8.1, Max: 8.1, Diff: 0.2, Sum: 64.5]
      [GC Worker End (ms): Min: 1066.1, Avg: 1066.1, Max: 1066.1, Diff: 0.0]
   [Code Root Fixup: 0.0 ms]
   [Code Root Purge: 0.0 ms]
   [Clear CT: 0.2 ms]
   [Other: 1.4 ms]
      [Choose CSet: 0.0 ms]
      [Ref Proc: 0.1 ms]
      [Ref Enq: 0.0 ms]
      [Redirty Cards: 0.2 ms]
      [Humongous Register: 0.2 ms]
      [Humongous Reclaim: 0.3 ms]
      [Free CSet: 0.5 ms]
   [Eden: 233.0M(233.0M)->0.0B(21.0M) Survivors: 6144.0K->30.0M Heap: 801.8M(1024.0M)->590.5M(1024.0M)]
 [Times: user=0.11 sys=0.00, real=0.01 secs] 
2021-01-23T20:32:41.661+0800: 1.071: [GC pause (G1 Evacuation Pause) (mixed), 0.0093705 secs]
   [Parallel Time: 8.4 ms, GC Workers: 8]
      [GC Worker Start (ms): Min: 1071.0, Avg: 1071.1, Max: 1071.2, Diff: 0.2]
      [Ext Root Scanning (ms): Min: 0.0, Avg: 0.1, Max: 0.1, Diff: 0.1, Sum: 0.8]
      [Update RS (ms): Min: 0.3, Avg: 0.3, Max: 0.4, Diff: 0.2, Sum: 2.4]
         [Processed Buffers: Min: 1, Avg: 4.3, Max: 6, Diff: 5, Sum: 34]
      [Scan RS (ms): Min: 0.0, Avg: 0.0, Max: 0.0, Diff: 0.0, Sum: 0.2]
      [Code Root Scanning (ms): Min: 0.0, Avg: 0.0, Max: 0.0, Diff: 0.0, Sum: 0.0]
      [Object Copy (ms): Min: 7.7, Avg: 7.7, Max: 7.8, Diff: 0.2, Sum: 61.7]
      [Termination (ms): Min: 0.0, Avg: 0.1, Max: 0.2, Diff: 0.2, Sum: 0.7]
         [Termination Attempts: Min: 1, Avg: 1.4, Max: 3, Diff: 2, Sum: 11]
      [GC Worker Other (ms): Min: 0.0, Avg: 0.0, Max: 0.0, Diff: 0.0, Sum: 0.1]
      [GC Worker Total (ms): Min: 8.1, Avg: 8.2, Max: 8.3, Diff: 0.2, Sum: 65.9]
      [GC Worker End (ms): Min: 1079.3, Avg: 1079.3, Max: 1079.3, Diff: 0.0]
   [Code Root Fixup: 0.0 ms]
   [Code Root Purge: 0.0 ms]
   [Clear CT: 0.1 ms]
   [Other: 0.9 ms]
      [Choose CSet: 0.1 ms]
      [Ref Proc: 0.1 ms]
      [Ref Enq: 0.0 ms]
      [Redirty Cards: 0.1 ms]
      [Humongous Register: 0.2 ms]
      [Humongous Reclaim: 0.1 ms]
      [Free CSet: 0.2 ms]
   [Eden: 21.0M(21.0M)->0.0B(45.0M) Survivors: 30.0M->6144.0K Heap: 614.5M(1024.0M)->508.2M(1024.0M)]
 [Times: user=0.06 sys=0.03, real=0.01 secs] 
2021-01-23T20:32:41.679+0800: 1.089: [GC pause (G1 Evacuation Pause) (mixed), 0.0057346 secs]
   [Parallel Time: 4.9 ms, GC Workers: 8]
      [GC Worker Start (ms): Min: 1088.9, Avg: 1088.9, Max: 1089.0, Diff: 0.1]
      [Ext Root Scanning (ms): Min: 0.1, Avg: 0.1, Max: 0.1, Diff: 0.1, Sum: 0.8]
      [Update RS (ms): Min: 0.3, Avg: 0.4, Max: 0.4, Diff: 0.0, Sum: 2.8]
         [Processed Buffers: Min: 1, Avg: 5.5, Max: 7, Diff: 6, Sum: 44]
      [Scan RS (ms): Min: 0.0, Avg: 0.0, Max: 0.1, Diff: 0.0, Sum: 0.2]
      [Code Root Scanning (ms): Min: 0.0, Avg: 0.0, Max: 0.0, Diff: 0.0, Sum: 0.0]
      [Object Copy (ms): Min: 4.1, Avg: 4.1, Max: 4.3, Diff: 0.2, Sum: 33.2]
      [Termination (ms): Min: 0.0, Avg: 0.2, Max: 0.2, Diff: 0.2, Sum: 1.2]
         [Termination Attempts: Min: 1, Avg: 1.1, Max: 2, Diff: 1, Sum: 9]
      [GC Worker Other (ms): Min: 0.0, Avg: 0.0, Max: 0.0, Diff: 0.0, Sum: 0.1]
      [GC Worker Total (ms): Min: 4.8, Avg: 4.8, Max: 4.8, Diff: 0.1, Sum: 38.3]
      [GC Worker End (ms): Min: 1093.7, Avg: 1093.7, Max: 1093.7, Diff: 0.0]
   [Code Root Fixup: 0.0 ms]
   [Code Root Purge: 0.0 ms]
   [Clear CT: 0.1 ms]
   [Other: 0.7 ms]
      [Choose CSet: 0.0 ms]
      [Ref Proc: 0.2 ms]
      [Ref Enq: 0.0 ms]
      [Redirty Cards: 0.1 ms]
      [Humongous Register: 0.2 ms]
      [Humongous Reclaim: 0.0 ms]
      [Free CSet: 0.1 ms]
   [Eden: 45.0M(45.0M)->0.0B(266.0M) Survivors: 6144.0K->7168.0K Heap: 564.2M(1024.0M)->485.1M(1024.0M)]
 [Times: user=0.11 sys=0.00, real=0.01 secs] 
2021-01-23T20:32:41.686+0800: 1.095: [GC pause (G1 Humongous Allocation) (young) (initial-mark), 0.0014104 secs]
   [Parallel Time: 0.9 ms, GC Workers: 8]
      [GC Worker Start (ms): Min: 1094.9, Avg: 1094.9, Max: 1095.0, Diff: 0.0]
      [Ext Root Scanning (ms): Min: 0.1, Avg: 0.1, Max: 0.1, Diff: 0.0, Sum: 0.9]
      [Update RS (ms): Min: 0.0, Avg: 0.1, Max: 0.2, Diff: 0.2, Sum: 0.6]
         [Processed Buffers: Min: 1, Avg: 1.1, Max: 2, Diff: 1, Sum: 9]
      [Scan RS (ms): Min: 0.0, Avg: 0.0, Max: 0.0, Diff: 0.0, Sum: 0.0]
      [Code Root Scanning (ms): Min: 0.0, Avg: 0.0, Max: 0.0, Diff: 0.0, Sum: 0.0]
      [Object Copy (ms): Min: 0.4, Avg: 0.6, Max: 0.7, Diff: 0.2, Sum: 4.6]
      [Termination (ms): Min: 0.0, Avg: 0.0, Max: 0.1, Diff: 0.1, Sum: 0.3]
         [Termination Attempts: Min: 1, Avg: 1.0, Max: 1, Diff: 0, Sum: 8]
      [GC Worker Other (ms): Min: 0.0, Avg: 0.0, Max: 0.0, Diff: 0.0, Sum: 0.1]
      [GC Worker Total (ms): Min: 0.8, Avg: 0.8, Max: 0.8, Diff: 0.1, Sum: 6.6]
      [GC Worker End (ms): Min: 1095.7, Avg: 1095.8, Max: 1095.8, Diff: 0.0]
   [Code Root Fixup: 0.0 ms]
   [Code Root Purge: 0.0 ms]
   [Clear CT: 0.1 ms]
   [Other: 0.4 ms]
      [Choose CSet: 0.0 ms]
      [Ref Proc: 0.1 ms]
      [Ref Enq: 0.0 ms]
      [Redirty Cards: 0.1 ms]
      [Humongous Register: 0.1 ms]
      [Humongous Reclaim: 0.0 ms]
      [Free CSet: 0.0 ms]
   [Eden: 3072.0K(266.0M)->0.0B(262.0M) Survivors: 7168.0K->9216.0K Heap: 488.0M(1024.0M)->486.5M(1024.0M)]
 [Times: user=0.00 sys=0.00, real=0.00 secs] 
2021-01-23T20:32:41.687+0800: 1.096: [GC concurrent-root-region-scan-start]
2021-01-23T20:32:41.687+0800: 1.096: [GC concurrent-root-region-scan-end, 0.0000842 secs]
2021-01-23T20:32:41.687+0800: 1.096: [GC concurrent-mark-start]
2021-01-23T20:32:41.690+0800: 1.099: [GC concurrent-mark-end, 0.0026019 secs]
2021-01-23T20:32:41.690+0800: 1.099: [GC remark 2021-01-23T20:32:41.690+0800: 1.099: [Finalize Marking, 0.0001017 secs] 2021-01-23T20:32:41.690+0800: 1.099: [GC ref-proc, 0.0003970 secs] 2021-01-23T20:32:41.691+0800: 1.100: [Unloading, 0.0005031 secs], 0.0016165 secs]
 [Times: user=0.00 sys=0.00, real=0.00 secs] 
2021-01-23T20:32:41.692+0800: 1.101: [GC cleanup 514M->510M(1024M), 0.0006463 secs]
 [Times: user=0.00 sys=0.00, real=0.00 secs] 
2021-01-23T20:32:41.693+0800: 1.102: [GC concurrent-cleanup-start]
2021-01-23T20:32:41.693+0800: 1.102: [GC concurrent-cleanup-end, 0.0000092 secs]
2021-01-23T20:32:41.737+0800: 1.146: [GC pause (G1 Evacuation Pause) (young), 0.0107842 secs]
   [Parallel Time: 9.2 ms, GC Workers: 8]
      [GC Worker Start (ms): Min: 1146.2, Avg: 1146.3, Max: 1146.8, Diff: 0.6]
      [Ext Root Scanning (ms): Min: 0.0, Avg: 0.1, Max: 0.2, Diff: 0.2, Sum: 0.7]
      [Update RS (ms): Min: 0.0, Avg: 0.4, Max: 0.5, Diff: 0.5, Sum: 3.1]
         [Processed Buffers: Min: 0, Avg: 5.4, Max: 9, Diff: 9, Sum: 43]
      [Scan RS (ms): Min: 0.0, Avg: 0.0, Max: 0.0, Diff: 0.0, Sum: 0.2]
      [Code Root Scanning (ms): Min: 0.0, Avg: 0.0, Max: 0.0, Diff: 0.0, Sum: 0.0]
      [Object Copy (ms): Min: 8.3, Avg: 8.4, Max: 8.5, Diff: 0.2, Sum: 67.4]
      [Termination (ms): Min: 0.0, Avg: 0.1, Max: 0.2, Diff: 0.2, Sum: 0.8]
         [Termination Attempts: Min: 1, Avg: 1.0, Max: 1, Diff: 0, Sum: 8]
      [GC Worker Other (ms): Min: 0.0, Avg: 0.0, Max: 0.0, Diff: 0.0, Sum: 0.1]
      [GC Worker Total (ms): Min: 8.5, Avg: 9.0, Max: 9.2, Diff: 0.7, Sum: 72.3]
      [GC Worker End (ms): Min: 1155.3, Avg: 1155.3, Max: 1155.4, Diff: 0.1]
   [Code Root Fixup: 0.0 ms]
   [Code Root Purge: 0.0 ms]
   [Clear CT: 0.2 ms]
   [Other: 1.4 ms]
      [Choose CSet: 0.0 ms]
      [Ref Proc: 0.3 ms]
      [Ref Enq: 0.0 ms]
      [Redirty Cards: 0.2 ms]
      [Humongous Register: 0.2 ms]
      [Humongous Reclaim: 0.2 ms]
      [Free CSet: 0.5 ms]
   [Eden: 262.0M(262.0M)->0.0B(17.0M) Survivors: 9216.0K->34.0M Heap: 802.3M(1024.0M)->559.6M(1024.0M)]
 [Times: user=0.08 sys=0.00, real=0.01 secs] 
Heap
 garbage-first heap   total 1048576K, used 573001K [0x00000000c0000000, 0x00000000c0102000, 0x0000000100000000)
  region size 1024K, 35 young (35840K), 34 survivors (34816K)
 Metaspace       used 2623K, capacity 4486K, committed 4864K, reserved 1056768K
  class space    used 288K, capacity 386K, committed 512K, reserved 1048576K

```
