1.**使用串行GC**

启动参数: java -jar -Xms1g -Xmx1g -Xloggc:gateway.gc.log -XX:+PrintGCDetails -XX:+UseSerialGC
gateway-server-0.0.1-SNAPSHOT.jar

压测命令:sb -u http://localhost:8088/api/hello -c 20 -N 10 20个并发,压测10s

启动日志:
[0.016s][info][gc] Using Serial
[0.016s][info][gc,heap,coops] Heap address: 0x00000000c0000000, size: 1024 MB, Compressed Oops mode: 32-bit
[0.944s][info][gc,start     ] GC(0) Pause Full (Metadata GC Threshold)
[0.945s][info][gc,phases,start] GC(0) Phase 1: Mark live objects
[0.954s][info][gc,phases      ] GC(0) Phase 1: Mark live objects 9.937ms
[0.955s][info][gc,phases,start] GC(0) Phase 2: Compute new object addresses
[0.971s][info][gc,phases      ] GC(0) Phase 2: Compute new object addresses 16.187ms
[0.971s][info][gc,phases,start] GC(0) Phase 3: Adjust pointers
[0.979s][info][gc,phases      ] GC(0) Phase 3: Adjust pointers 7.850ms
[0.979s][info][gc,phases,start] GC(0) Phase 4: Move objects
[0.983s][info][gc,phases      ] GC(0) Phase 4: Move objects 4.655ms
[0.984s][info][gc,heap        ] GC(0) DefNew: 128714K->0K(314560K)
[0.984s][info][gc,heap        ] GC(0) Tenured: 0K->5146K(699072K)
[0.984s][info][gc,metaspace   ] GC(0) Metaspace: 20753K->20753K(1069056K)
[0.984s][info][gc             ] GC(0) Pause Full (Metadata GC Threshold) 125M->5M(989M) 39.652ms
[0.984s][info][gc,cpu         ] GC(0) User=0.05s Sys=0.00s Real=0.04s
[3.255s][info][gc,start       ] GC(1) Pause Full (Metadata GC Threshold)
[3.255s][info][gc,phases,start] GC(1) Phase 1: Mark live objects
[3.276s][info][gc,phases      ] GC(1) Phase 1: Mark live objects 20.931ms
[3.276s][info][gc,phases,start] GC(1) Phase 2: Compute new object addresses
[3.304s][info][gc,phases      ] GC(1) Phase 2: Compute new object addresses 27.730ms
[3.304s][info][gc,phases,start] GC(1) Phase 3: Adjust pointers
[3.318s][info][gc,phases      ] GC(1) Phase 3: Adjust pointers 14.273ms
[3.318s][info][gc,phases,start] GC(1) Phase 4: Move objects
[3.325s][info][gc,phases      ] GC(1) Phase 4: Move objects 6.794ms
[3.326s][info][gc,heap        ] GC(1) DefNew: 192091K->0K(314560K)
[3.326s][info][gc,heap        ] GC(1) Tenured: 5146K->11357K(699072K)
[3.326s][info][gc,metaspace   ] GC(1) Metaspace: 34485K->34485K(1081344K)
[3.326s][info][gc             ] GC(1) Pause Full (Metadata GC Threshold) 192M->11M(989M) 70.495ms
[3.326s][info][gc,cpu         ] GC(1) User=0.11s Sys=0.00s Real=0.07s

压测日志
[50.909s][info][gc,start       ] GC(2) Pause Young (Allocation Failure)
[50.939s][info][gc,heap        ] GC(2) DefNew: 279616K->10883K(314560K)
[50.939s][info][gc,heap        ] GC(2) Tenured: 11357K->11357K(699072K)
[50.939s][info][gc,metaspace   ] GC(2) Metaspace: 43710K->43710K(1089536K)
[50.939s][info][gc             ] GC(2) Pause Young (Allocation Failure) 284M->21M(989M) 30.165ms
[50.939s][info][gc,cpu         ] GC(2) User=0.03s Sys=0.00s Real=0.03s
[55.329s][info][gc,start       ] GC(3) Pause Young (Allocation Failure)
[55.345s][info][gc,heap        ] GC(3) DefNew: 290499K->10808K(314560K)
[55.345s][info][gc,heap        ] GC(3) Tenured: 11357K->11357K(699072K)
[55.345s][info][gc,metaspace   ] GC(3) Metaspace: 43767K->43767K(1089536K)
[55.345s][info][gc             ] GC(3) Pause Young (Allocation Failure) 294M->21M(989M) 16.293ms
[55.346s][info][gc,cpu         ] GC(3) User=0.02s Sys=0.00s Real=0.02s

压测结果
RPS: 2072.9 (requests/second)
Max: 194ms
Min: 0ms
Avg: 0.8ms

2.**使用并行GC**

启动参数: java -jar -Xms1g -Xmx1g -Xloggc:gateway.gc.log -XX:+PrintGCDetails  -XX:+UseParallelGC gateway-server-0.0.1-SNAPSHOT.jar

压测命令:sb -u http://localhost:8088/api/hello -c 20 -N 10 20个并发,压测10s

启动日志 [0.040s][info][gc] Using Parallel [0.040s][info][gc,heap,coops] Heap address:
0x00000000c0000000, size: 1024 MB, Compressed Oops mode: 32-bit [1.348s][info][gc,start] GC(0) Pause
Young (Metadata GC Threshold) [1.355s][info][gc,heap] GC(0) PSYoungGen: 125873K->5221K(305664K)
[1.355s][info][gc,heap] GC(0) ParOldGen: 0K->16K(699392K) [1.355s][info][gc,metaspace] GC(0)
Metaspace: 20737K->20737K(1069056K) [1.355s][info][gc] GC(0) Pause Young (Metadata GC Threshold)
122M->5M(981M) 7.203ms [1.355s][info][gc,cpu] GC(0) User=0.00s Sys=0.00s Real=0.01s
[1.357s][info][gc,start] GC(1) Pause Full (Metadata GC Threshold) [1.357s][info][gc,phases,start]
GC(1) Marking Phase [1.388s][info][gc,phases] GC(1) Marking Phase 31.431ms
[1.388s][info][gc,phases,start] GC(1) Summary Phase [1.388s][info][gc,phases] GC(1) Summary Phase
0.027ms [1.388s][info][gc,phases,start] GC(1) Adjust Roots [1.392s][info][gc,phases] GC(1) Adjust
Roots 4.302ms [1.392s][info][gc,phases,start] GC(1) Compaction Phase [1.401s][info][gc,phases] GC(1)
Compaction Phase 8.880ms [1.401s][info][gc,phases,start] GC(1) Post Compact [1.402s][info][gc,phases]
GC(1) Post Compact 0.328ms [1.402s][info][gc,heap] GC(1) PSYoungGen: 5221K->0K(305664K)
[1.402s][info][gc,heap] GC(1) ParOldGen: 16K->5174K(699392K) [1.402s][info][gc,metaspace] GC(1)
Metaspace: 20737K->20737K(1069056K) [1.402s][info][gc] GC(1) Pause Full (Metadata GC Threshold)
5M->5M(981M) 45.327ms [1.402s][info][gc,cpu] GC(1) User=0.02s Sys=0.02s Real=0.05s
[3.803s][info][gc,start] GC(2) Pause Young (Metadata GC Threshold) [3.810s][info][gc,heap] GC(2)
PSYoungGen: 192330K->6305K(305664K) [3.810s][info][gc,heap] GC(2) ParOldGen: 5174K->5246K(699392K)
[3.810s][info][gc,metaspace] GC(2) Metaspace: 34492K->34492K(1081344K) [3.810s][info][gc] GC(2) Pause
Young (Metadata GC Threshold) 192M->11M(981M) 6.386ms [3.810s][info][gc,cpu] GC(2) User=0.00s
Sys=0.02s Real=0.01s [3.810s][info][gc,start] GC(3) Pause Full (Metadata GC Threshold)
[3.810s][info][gc,phases,start] GC(3) Marking Phase [3.822s][info][gc,phases] GC(3) Marking Phase
12.380ms [3.822s][info][gc,phases,start] GC(3) Summary Phase [3.822s][info][gc,phases] GC(3) Summary
Phase 0.023ms [3.822s][info][gc,phases,start] GC(3) Adjust Roots [3.831s][info][gc,phases] GC(3)
Adjust Roots 9.106ms [3.831s][info][gc,phases,start] GC(3) Compaction Phase [3.857s][info][gc,phases]
GC(3) Compaction Phase 25.537ms [3.857s][info][gc,phases,start] GC(3) Post Compact
[3.857s][info][gc,phases] GC(3) Post Compact 0.188ms [3.857s][info][gc,heap] GC(3) PSYoungGen:
6305K->0K(305664K) [3.857s][info][gc,heap] GC(3) ParOldGen: 5246K->10931K(699392K)
[3.857s][info][gc,metaspace] GC(3) Metaspace: 34492K->34492K(1081344K) [3.857s][info][gc] GC(3) Pause
Full (Metadata GC Threshold) 11M->10M(981M) 47.574ms [3.857s][info][gc,cpu] GC(3) User=0.14s Sys=0.00s
Real=0.05s 压测日志 [95.171s][info][gc,start] GC(4) Pause Young (Allocation Failure)
[95.181s][info][gc,heap] GC(4) PSYoungGen: 262144K->10978K(305664K) [95.181s][info][gc,heap] GC(4)
ParOldGen: 10931K->10947K(699392K) [95.181s][info][gc,metaspace] GC(4) Metaspace:
43733K->43733K(1089536K) [95.181s][info][gc] GC(4) Pause Young (Allocation Failure) 266M->21M(981M)
9.785ms [95.181s][info][gc,cpu] GC(4) User=0.06s Sys=0.00s Real=0.01s [100.239s][info][gc,start] GC(5)
Pause Young (Allocation Failure) [100.244s][info][gc,heap] GC(5) PSYoungGen: 273122K->10930K(305664K)
[100.245s][info][gc,heap] GC(5) ParOldGen: 10947K->10955K(699392K) [100.245s][info][gc,metaspace]
GC(5) Metaspace: 43781K->43781K(1089536K) [100.245s][info][gc] GC(5) Pause Young (Allocation Failure)
277M->21M(981M) 6.007ms [100.245s][info][gc,cpu] GC(5) User=0.00s Sys=0.00s Real=0.01s
[102.936s][info][gc,start] GC(6) Pause Young (Allocation Failure) [102.941s][info][gc,heap] GC(6)
PSYoungGen: 273074K->10962K(305664K) [102.941s][info][gc,heap] GC(6) ParOldGen:
10955K->10963K(699392K) [102.941s][info][gc,metaspace] GC(6) Metaspace: 43794K->43794K(1089536K)
[102.941s][info][gc] GC(6) Pause Young (Allocation Failure) 277M->21M(981M) 4.937ms
[102.941s][info][gc,cpu] GC(6) User=0.06s Sys=0.00s Real=0.01s  压测结果 RPS: 2061.4 (requests/second)
Max: 410ms Min: 0ms Avg: 0.9ms

3.**使用CMSGC** 启动参数:

java -jar -Xms1g -Xmx1g -Xloggc:gateway.gc.log -XX:+PrintGCDetails -XX:+UseConcMarkSweepGC
gateway-server-0.0.1-SNAPSHOT.jar

压测命令:sb -u http://localhost:8088/api/hello -c 20 -N 10 20个并发,压测10s

项目启动日志
[0.019s][info][gc] Using Concurrent Mark Sweep
[0.019s][info][gc,heap,coops] Heap address: 0x00000000c0000000, size: 1024 MB, Compressed Oops mode: 32-bit
[1.881s][info][gc,start     ] GC(0) Pause Young (Allocation Failure)
[1.881s][info][gc,task      ] GC(0) Using 4 workers of 4 for evacuation
[1.894s][info][gc,heap      ] GC(0) ParNew: 272640K->10129K(306688K)
[1.894s][info][gc,heap      ] GC(0) CMS: 0K->0K(707840K)
[1.894s][info][gc,metaspace ] GC(0) Metaspace: 32881K->32881K(1079296K)
[1.894s][info][gc           ] GC(0) Pause Young (Allocation Failure) 266M->9M(990M) 13.691ms
[1.895s][info][gc,cpu       ] GC(0) User=0.06s Sys=0.00s Real=0.01s
[1.895s][info][gc,start     ] GC(1) Pause Initial Mark
[1.897s][info][gc           ] GC(1) Pause Initial Mark 9M->9M(990M) 2.249ms
[1.897s][info][gc,cpu       ] GC(1) User=0.00s Sys=0.00s Real=0.00s
[1.897s][info][gc           ] GC(1) Concurrent Mark
[1.902s][info][gc           ] GC(1) Concurrent Mark 4.476ms
[1.902s][info][gc,cpu       ] GC(1) User=0.03s Sys=0.02s Real=0.01s
[1.902s][info][gc           ] GC(1) Concurrent Preclean
[1.903s][info][gc           ] GC(1) Concurrent Preclean 0.889ms
[1.903s][info][gc,cpu       ] GC(1) User=0.00s Sys=0.00s Real=0.00s
[1.903s][info][gc           ] GC(1) Concurrent Abortable Preclean
[3.863s][info][gc           ] GC(1) Concurrent Abortable Preclean 1959.776ms
[3.863s][info][gc,cpu       ] GC(1) User=3.70s Sys=0.19s Real=1.96s
[3.863s][info][gc,start     ] GC(1) Pause Remark
[3.882s][info][gc           ] GC(1) Pause Remark 153M->153M(990M) 18.554ms
[3.882s][info][gc,cpu       ] GC(1) User=0.06s Sys=0.00s Real=0.02s
[3.882s][info][gc           ] GC(1) Concurrent Sweep
[3.882s][info][gc           ] GC(1) Concurrent Sweep 0.056ms
[3.882s][info][gc,cpu       ] GC(1) User=0.00s Sys=0.00s Real=0.00s
[3.882s][info][gc           ] GC(1) Concurrent Reset
[3.882s][info][gc           ] GC(1) Concurrent Reset 0.556ms
[3.882s][info][gc,cpu       ] GC(1) User=0.00s Sys=0.00s Real=0.00s
[3.882s][info][gc,heap      ] GC(1) Old: 0K->0K(707840K)

压测日志
[126.759s][info][gc,start     ] GC(2) Pause Young (Allocation Failure)
[126.759s][info][gc,task      ] GC(2) Using 4 workers of 4 for evacuation
[126.774s][info][gc,heap      ] GC(2) ParNew: 282769K->22512K(306688K)
[126.774s][info][gc,heap      ] GC(2) CMS: 0K->0K(707840K)
[126.774s][info][gc,metaspace ] GC(2) Metaspace: 43678K->43678K(1089536K)
[126.774s][info][gc           ] GC(2) Pause Young (Allocation Failure) 276M->21M(990M) 15.592ms
[126.774s][info][gc,cpu       ] GC(2) User=0.09s Sys=0.03s Real=0.02s
[131.883s][info][gc,start     ] GC(3) Pause Young (Allocation Failure)
[131.883s][info][gc,task      ] GC(3) Using 4 workers of 4 for evacuation
[131.921s][info][gc,heap      ] GC(3) ParNew: 295152K->20836K(306688K)
[131.921s][info][gc,heap      ] GC(3) CMS: 0K->9540K(707840K)
[131.921s][info][gc,metaspace ] GC(3) Metaspace: 43731K->43731K(1089536K)
[131.921s][info][gc           ] GC(3) Pause Young (Allocation Failure) 288M->29M(990M) 38.081ms
[131.921s][info][gc,cpu       ] GC(3) User=0.17s Sys=0.02s Real=0.04s
[134.752s][info][gc,start     ] GC(4) Pause Young (Allocation Failure)
[134.752s][info][gc,task      ] GC(4) Using 4 workers of 4 for evacuation
[134.758s][info][gc,heap      ] GC(4) ParNew: 293476K->14362K(306688K)
[134.758s][info][gc,heap      ] GC(4) CMS: 9540K->9540K(707840K)
[134.758s][info][gc,metaspace ] GC(4) Metaspace: 43746K->43746K(1089536K)
[134.758s][info][gc           ] GC(4) Pause Young (Allocation Failure) 295M->23M(990M) 6.584ms
[134.759s][info][gc,cpu       ] GC(4) User=0.00s Sys=0.00s Real=0.01s

压测结果
RPS: 2193.4 (requests/second)
Max: 200ms
Min: 0ms
Avg: 0.8ms

4.**使用G1GC**

启动参数:java -jar -Xms1g -Xmx1g -Xloggc:gateway.gc.log -XX:+PrintGCDetails -XX:+UseG1GC
gateway-server-0.0.1-SNAPSHOT.jar

压测命令:sb -u http://localhost:8088/api/hello -c 20 -N 10 20个并发,压测10s

启动日志
[0.013s][info][gc,heap] Heap region size: 1M
[0.032s][info][gc     ] Using G1
[0.032s][info][gc,heap,coops] Heap address: 0x00000000c0000000, size: 1024 MB, Compressed Oops mode: 32-bit
[0.672s][info][gc,start     ] GC(0) Pause Young (Normal) (G1 Evacuation Pause)
[0.672s][info][gc,task      ] GC(0) Using 4 workers of 4 for evacuation
[0.687s][info][gc,phases    ] GC(0)   Pre Evacuate Collection Set: 9.7ms
[0.687s][info][gc,phases    ] GC(0)   Evacuate Collection Set: 4.2ms
[0.687s][info][gc,phases    ] GC(0)   Post Evacuate Collection Set: 0.4ms
[0.687s][info][gc,phases    ] GC(0)   Other: 0.4ms
[0.687s][info][gc,heap      ] GC(0) Eden regions: 51->0(48)
[0.687s][info][gc,heap      ] GC(0) Survivor regions: 0->4(7)
[0.687s][info][gc,heap      ] GC(0) Old regions: 0->0
[0.687s][info][gc,heap      ] GC(0) Humongous regions: 0->0
[0.687s][info][gc,metaspace ] GC(0) Metaspace: 14488K->14488K(1062912K)
[0.687s][info][gc           ] GC(0) Pause Young (Normal) (G1 Evacuation Pause) 51M->3M(1024M) 15.383ms
[0.688s][info][gc,cpu       ] GC(0) User=0.00s Sys=0.00s Real=0.01s
[0.942s][info][gc,start     ] GC(1) Pause Young (Normal) (G1 Evacuation Pause)
[0.942s][info][gc,task      ] GC(1) Using 4 workers of 4 for evacuation
[0.947s][info][gc,phases    ] GC(1)   Pre Evacuate Collection Set: 0.0ms
[0.947s][info][gc,phases    ] GC(1)   Evacuate Collection Set: 4.6ms
[0.947s][info][gc,phases    ] GC(1)   Post Evacuate Collection Set: 0.5ms
[0.947s][info][gc,phases    ] GC(1)   Other: 0.1ms
[0.947s][info][gc,heap      ] GC(1) Eden regions: 48->0(74)
[0.947s][info][gc,heap      ] GC(1) Survivor regions: 4->5(7)
[0.947s][info][gc,heap      ] GC(1) Old regions: 0->0
[0.947s][info][gc,heap      ] GC(1) Humongous regions: 0->0
[0.947s][info][gc,metaspace ] GC(1) Metaspace: 18994K->18994K(1067008K)
[0.947s][info][gc           ] GC(1) Pause Young (Normal) (G1 Evacuation Pause) 51M->4M(1024M) 5.405ms
[0.947s][info][gc,cpu       ] GC(1) User=0.00s Sys=0.00s Real=0.00s
[1.031s][info][gc,start     ] GC(2) Pause Young (Concurrent Start) (Metadata GC Threshold)
[1.031s][info][gc,task      ] GC(2) Using 4 workers of 4 for evacuation
[1.036s][info][gc,phases    ] GC(2)   Pre Evacuate Collection Set: 0.0ms
[1.036s][info][gc,phases    ] GC(2)   Evacuate Collection Set: 3.9ms
[1.036s][info][gc,phases    ] GC(2)   Post Evacuate Collection Set: 0.4ms
[1.036s][info][gc,phases    ] GC(2)   Other: 0.6ms
[1.036s][info][gc,heap      ] GC(2) Eden regions: 16->0(55)
[1.036s][info][gc,heap      ] GC(2) Survivor regions: 5->6(10)
[1.036s][info][gc,heap      ] GC(2) Old regions: 0->0
[1.036s][info][gc,heap      ] GC(2) Humongous regions: 0->0
[1.036s][info][gc,metaspace ] GC(2) Metaspace: 20669K->20669K(1069056K)
[1.036s][info][gc           ] GC(2) Pause Young (Concurrent Start) (Metadata GC Threshold) 20M->5M(1024M) 5.030ms
[1.036s][info][gc,cpu       ] GC(2) User=0.00s Sys=0.00s Real=0.00s
[1.036s][info][gc           ] GC(3) Concurrent Cycle
[1.036s][info][gc,marking   ] GC(3) Concurrent Clear Claimed Marks
[1.037s][info][gc,marking   ] GC(3) Concurrent Clear Claimed Marks 0.036ms
[1.037s][info][gc,marking   ] GC(3) Concurrent Scan Root Regions
[1.040s][info][gc,marking   ] GC(3) Concurrent Scan Root Regions 3.193ms
[1.040s][info][gc,marking   ] GC(3) Concurrent Mark (1.040s)
[1.040s][info][gc,marking   ] GC(3) Concurrent Mark From Roots
[1.040s][info][gc,task      ] GC(3) Using 1 workers of 1 for marking
[1.040s][info][gc,marking   ] GC(3) Concurrent Mark From Roots 0.283ms
[1.040s][info][gc,marking   ] GC(3) Concurrent Preclean
[1.040s][info][gc,marking   ] GC(3) Concurrent Preclean 0.057ms
[1.040s][info][gc,marking   ] GC(3) Concurrent Mark (1.040s, 1.040s) 0.414ms
[1.041s][info][gc,start     ] GC(3) Pause Remark
[1.042s][info][gc,stringtable] GC(3) Cleaned string and symbol table, strings: 8040 processed, 0 removed, symbols: 66593 processed, 87 removed
[1.043s][info][gc            ] GC(3) Pause Remark 5M->5M(1024M) 1.638ms
[1.043s][info][gc,cpu        ] GC(3) User=0.00s Sys=0.00s Real=0.00s
[1.043s][info][gc,marking    ] GC(3) Concurrent Rebuild Remembered Sets
[1.043s][info][gc,marking    ] GC(3) Concurrent Rebuild Remembered Sets 0.121ms
[1.043s][info][gc,start      ] GC(3) Pause Cleanup
[1.043s][info][gc            ] GC(3) Pause Cleanup 5M->5M(1024M) 0.128ms
[1.043s][info][gc,cpu        ] GC(3) User=0.00s Sys=0.00s Real=0.00s
[1.043s][info][gc,marking    ] GC(3) Concurrent Cleanup for Next Mark
[1.044s][info][gc,marking    ] GC(3) Concurrent Cleanup for Next Mark 1.076ms
[1.044s][info][gc            ] GC(3) Concurrent Cycle 7.827ms
[1.298s][info][gc,start      ] GC(4) Pause Young (Normal) (G1 Evacuation Pause)
[1.298s][info][gc,task       ] GC(4) Using 4 workers of 4 for evacuation
[1.304s][info][gc,phases     ] GC(4)   Pre Evacuate Collection Set: 0.0ms
[1.304s][info][gc,phases     ] GC(4)   Evacuate Collection Set: 5.4ms
[1.304s][info][gc,phases     ] GC(4)   Post Evacuate Collection Set: 0.5ms
[1.304s][info][gc,phases     ] GC(4)   Other: 0.2ms
[1.304s][info][gc,heap       ] GC(4) Eden regions: 55->0(275)
[1.304s][info][gc,heap       ] GC(4) Survivor regions: 6->3(8)
[1.304s][info][gc,heap       ] GC(4) Old regions: 0->4
[1.304s][info][gc,heap       ] GC(4) Humongous regions: 0->0
[1.304s][info][gc,metaspace  ] GC(4) Metaspace: 26051K->26051K(1073152K)
[1.304s][info][gc            ] GC(4) Pause Young (Normal) (G1 Evacuation Pause) 60M->6M(1024M) 6.302ms
[1.304s][info][gc,cpu        ] GC(4) User=0.00s Sys=0.00s Real=0.01s
[3.324s][info][gc,start      ] GC(5) Pause Young (Concurrent Start) (Metadata GC Threshold)
[3.324s][info][gc,task       ] GC(5) Using 4 workers of 4 for evacuation
[3.334s][info][gc,phases     ] GC(5)   Pre Evacuate Collection Set: 0.0ms
[3.335s][info][gc,phases     ] GC(5)   Evacuate Collection Set: 10.2ms
[3.335s][info][gc,phases     ] GC(5)   Post Evacuate Collection Set: 0.5ms
[3.335s][info][gc,phases     ] GC(5)   Other: 0.2ms
[3.335s][info][gc,heap       ] GC(5) Eden regions: 114->0(124)
[3.335s][info][gc,heap       ] GC(5) Survivor regions: 3->8(28)
[3.335s][info][gc,heap       ] GC(5) Old regions: 4->4
[3.335s][info][gc,heap       ] GC(5) Humongous regions: 0->0
[3.335s][info][gc,metaspace  ] GC(5) Metaspace: 34585K->34585K(1081344K)
[3.335s][info][gc            ] GC(5) Pause Young (Concurrent Start) (Metadata GC Threshold) 119M->11M(1024M) 11.160ms
[3.335s][info][gc,cpu        ] GC(5) User=0.00s Sys=0.00s Real=0.01s
[3.335s][info][gc            ] GC(6) Concurrent Cycle
[3.335s][info][gc,marking    ] GC(6) Concurrent Clear Claimed Marks
[3.335s][info][gc,marking    ] GC(6) Concurrent Clear Claimed Marks 0.052ms
[3.335s][info][gc,marking    ] GC(6) Concurrent Scan Root Regions
[3.341s][info][gc,marking    ] GC(6) Concurrent Scan Root Regions 6.542ms
[3.341s][info][gc,marking    ] GC(6) Concurrent Mark (3.341s)
[3.341s][info][gc,marking    ] GC(6) Concurrent Mark From Roots
[3.341s][info][gc,task       ] GC(6) Using 1 workers of 1 for marking
[3.348s][info][gc,marking    ] GC(6) Concurrent Mark From Roots 6.454ms
[3.348s][info][gc,marking    ] GC(6) Concurrent Preclean
[3.348s][info][gc,marking    ] GC(6) Concurrent Preclean 0.049ms
[3.348s][info][gc,marking    ] GC(6) Concurrent Mark (3.341s, 3.348s) 6.590ms
[3.348s][info][gc,start      ] GC(6) Pause Remark
[3.353s][info][gc,stringtable] GC(6) Cleaned string and symbol table, strings: 14341 processed, 12 removed, symbols: 103608 processed, 477 removed
[3.353s][info][gc            ] GC(6) Pause Remark 12M->12M(1024M) 5.093ms
[3.353s][info][gc,cpu        ] GC(6) User=0.00s Sys=0.00s Real=0.01s
[3.353s][info][gc,marking    ] GC(6) Concurrent Rebuild Remembered Sets
[3.356s][info][gc,marking    ] GC(6) Concurrent Rebuild Remembered Sets 2.795ms
[3.356s][info][gc,start      ] GC(6) Pause Cleanup
[3.356s][info][gc            ] GC(6) Pause Cleanup 12M->12M(1024M) 0.120ms
[3.356s][info][gc,cpu        ] GC(6) User=0.00s Sys=0.00s Real=0.00s
[3.356s][info][gc,marking    ] GC(6) Concurrent Cleanup for Next Mark
[3.357s][info][gc,marking    ] GC(6) Concurrent Cleanup for Next Mark 1.029ms
[3.357s][info][gc            ] GC(6) Concurrent Cycle 22.738ms
[4.239s][info][gc,start      ] GC(7) Pause Young (Normal) (G1 Evacuation Pause)
[4.239s][info][gc,task       ] GC(7) Using 4 workers of 4 for evacuation
[4.254s][info][gc,phases     ] GC(7)   Pre Evacuate Collection Set: 0.0ms
[4.254s][info][gc,phases     ] GC(7)   Evacuate Collection Set: 14.4ms
[4.254s][info][gc,phases     ] GC(7)   Post Evacuate Collection Set: 0.5ms
[4.254s][info][gc,phases     ] GC(7)   Other: 0.2ms
[4.254s][info][gc,heap       ] GC(7) Eden regions: 123->0(149)
[4.254s][info][gc,heap       ] GC(7) Survivor regions: 8->16(17)
[4.254s][info][gc,heap       ] GC(7) Old regions: 4->4
[4.254s][info][gc,heap       ] GC(7) Humongous regions: 0->0
[4.254s][info][gc,metaspace  ] GC(7) Metaspace: 40206K->40206K(1085440K)
[4.254s][info][gc            ] GC(7) Pause Young (Normal) (G1 Evacuation Pause) 134M->19M(1024M) 15.314ms
[4.254s][info][gc,cpu        ] GC(7) User=0.06s Sys=0.00s Real=0.01s


压测日志
[38.759s][info][gc,start      ] GC(8) Pause Young (Normal) (G1 Evacuation Pause)
[38.759s][info][gc,task       ] GC(8) Using 4 workers of 4 for evacuation
[38.770s][info][gc,phases     ] GC(8)   Pre Evacuate Collection Set: 0.0ms
[38.770s][info][gc,phases     ] GC(8)   Evacuate Collection Set: 9.9ms
[38.770s][info][gc,phases     ] GC(8)   Post Evacuate Collection Set: 0.6ms
[38.770s][info][gc,phases     ] GC(8)   Other: 0.2ms
[38.770s][info][gc,heap       ] GC(8) Eden regions: 149->0(603)
[38.770s][info][gc,heap       ] GC(8) Survivor regions: 16->11(21)
[38.770s][info][gc,heap       ] GC(8) Old regions: 4->10
[38.770s][info][gc,heap       ] GC(8) Humongous regions: 0->0
[38.770s][info][gc,metaspace  ] GC(8) Metaspace: 43716K->43716K(1089536K)
[38.770s][info][gc            ] GC(8) Pause Young (Normal) (G1 Evacuation Pause) 168M->20M(1024M) 10.878ms
[38.770s][info][gc,cpu        ] GC(8) User=0.00s Sys=0.00s Real=0.01s

压测结果
RPS: 1883.6 (requests/second)
Max: 204ms
Min: 0ms
Avg: 0.9ms



